Archive member included to satisfy reference by file (symbol)

app/libapp.a(main.c.obj)      (--whole-archive)
zephyr/libzephyr.a(heap.c.obj)
                              (--whole-archive)
zephyr/libzephyr.a(cbprintf_packaged.c.obj)
                              (--whole-archive)
zephyr/libzephyr.a(printk.c.obj)
                              (--whole-archive)
zephyr/libzephyr.a(sem.c.obj)
                              (--whole-archive)
zephyr/libzephyr.a(thread_entry.c.obj)
                              (--whole-archive)
zephyr/libzephyr.a(cbprintf_complete.c.obj)
                              (--whole-archive)
zephyr/libzephyr.a(cbprintf.c.obj)
                              (--whole-archive)
zephyr/libzephyr.a(assert.c.obj)
                              (--whole-archive)
zephyr/libzephyr.a(dec.c.obj)
                              (--whole-archive)
zephyr/libzephyr.a(hex.c.obj)
                              (--whole-archive)
zephyr/libzephyr.a(rb.c.obj)  (--whole-archive)
zephyr/libzephyr.a(timeutil.c.obj)
                              (--whole-archive)
zephyr/libzephyr.a(bitarray.c.obj)
                              (--whole-archive)
zephyr/libzephyr.a(onoff.c.obj)
                              (--whole-archive)
zephyr/libzephyr.a(notify.c.obj)
                              (--whole-archive)
zephyr/libzephyr.a(configs.c.obj)
                              (--whole-archive)
zephyr/libzephyr.a(mem_attr.c.obj)
                              (--whole-archive)
zephyr/libzephyr.a(tracing_none.c.obj)
                              (--whole-archive)
zephyr/libzephyr.a(banner.c.obj)
                              (--whole-archive)
zephyr/libzephyr.a(host_extensions.c.obj)
                              (--whole-archive)
zephyr/libzephyr.a(flash_map_partition_manager.c.obj)
                              (--whole-archive)
zephyr/arch/common/libarch__common.a(sw_isr_common.c.obj)
                              (--whole-archive)
zephyr/arch/arch/arm/core/libarch__arm__core.a(fatal.c.obj)
                              (--whole-archive)
zephyr/arch/arch/arm/core/libarch__arm__core.a(nmi.c.obj)
                              (--whole-archive)
zephyr/arch/arch/arm/core/libarch__arm__core.a(nmi_on_reset.S.obj)
                              (--whole-archive)
zephyr/arch/arch/arm/core/cortex_m/libarch__arm__core__cortex_m.a(exc_exit.c.obj)
                              (--whole-archive)
zephyr/arch/arch/arm/core/cortex_m/libarch__arm__core__cortex_m.a(fault.c.obj)
                              (--whole-archive)
zephyr/arch/arch/arm/core/cortex_m/libarch__arm__core__cortex_m.a(fault_s.S.obj)
                              (--whole-archive)
zephyr/arch/arch/arm/core/cortex_m/libarch__arm__core__cortex_m.a(fpu.c.obj)
                              (--whole-archive)
zephyr/arch/arch/arm/core/cortex_m/libarch__arm__core__cortex_m.a(reset.S.obj)
                              (--whole-archive)
zephyr/arch/arch/arm/core/cortex_m/libarch__arm__core__cortex_m.a(scb.c.obj)
                              (--whole-archive)
zephyr/arch/arch/arm/core/cortex_m/libarch__arm__core__cortex_m.a(thread_abort.c.obj)
                              (--whole-archive)
zephyr/arch/arch/arm/core/cortex_m/libarch__arm__core__cortex_m.a(vector_table.S.obj)
                              (--whole-archive)
zephyr/arch/arch/arm/core/cortex_m/libarch__arm__core__cortex_m.a(swap.c.obj)
                              (--whole-archive)
zephyr/arch/arch/arm/core/cortex_m/libarch__arm__core__cortex_m.a(swap_helper.S.obj)
                              (--whole-archive)
zephyr/arch/arch/arm/core/cortex_m/libarch__arm__core__cortex_m.a(irq_manage.c.obj)
                              (--whole-archive)
zephyr/arch/arch/arm/core/cortex_m/libarch__arm__core__cortex_m.a(prep_c.c.obj)
                              (--whole-archive)
zephyr/arch/arch/arm/core/cortex_m/libarch__arm__core__cortex_m.a(thread.c.obj)
                              (--whole-archive)
zephyr/arch/arch/arm/core/cortex_m/libarch__arm__core__cortex_m.a(cpu_idle.c.obj)
                              (--whole-archive)
zephyr/arch/arch/arm/core/cortex_m/libarch__arm__core__cortex_m.a(irq_init.c.obj)
                              (--whole-archive)
zephyr/arch/arch/arm/core/cortex_m/libarch__arm__core__cortex_m.a(isr_wrapper.c.obj)
                              (--whole-archive)
zephyr/arch/arch/arm/core/mpu/libarch__arm__core__mpu.a(arm_core_mpu.c.obj)
                              (--whole-archive)
zephyr/arch/arch/arm/core/mpu/libarch__arm__core__mpu.a(arm_mpu.c.obj)
                              (--whole-archive)
zephyr/arch/arch/arm/core/mpu/libarch__arm__core__mpu.a(arm_mpu_regions.c.obj)
                              (--whole-archive)
zephyr/lib/libc/newlib/liblib__libc__newlib.a(libc-hooks.c.obj)
                              (--whole-archive)
zephyr/lib/libc/common/liblib__libc__common.a(abort.c.obj)
                              (--whole-archive)
zephyr/lib/net_buf/liblib__net_buf.a(buf.c.obj)
[...]
Memory Configuration

Name             Origin             Length             Attributes
FLASH            0x0000000000000000 0x0000000000080000 xr
RAM              0x0000000020000000 0x0000000000020000 xw
IDT_LIST         0x00000000ffff7fff 0x0000000000008000 xw
*default*        0x0000000000000000 0xffffffffffffffff

Linker script and memory map

LOAD zephyr/CMakeFiles/zephyr_final.dir/misc/empty_file.c.obj
LOAD zephyr/CMakeFiles/zephyr_final.dir/isr_tables.c.obj
LOAD zephyr/CMakeFiles/offsets.dir/./arch/arm/core/offsets/offsets.c.obj
LOAD app/libapp.a
LOAD zephyr/libzephyr.a
LOAD zephyr/arch/common/libarch__common.a
LOAD zephyr/arch/arch/arm/core/libarch__arm__core.a
LOAD zephyr/arch/arch/arm/core/cortex_m/libarch__arm__core__cortex_m.a
LOAD zephyr/arch/arch/arm/core/mpu/libarch__arm__core__mpu.a
LOAD zephyr/lib/libc/newlib/liblib__libc__newlib.a
LOAD zephyr/lib/libc/common/liblib__libc__common.a
LOAD zephyr/lib/net_buf/liblib__net_buf.a
LOAD zephyr/soc/soc/nrf52833/libsoc__nordic.a
LOAD zephyr/subsys/random/libsubsys__random.a
LOAD zephyr/subsys/bluetooth/common/libsubsys__bluetooth__common.a
LOAD zephyr/subsys/bluetooth/host/libsubsys__bluetooth__host.a
LOAD zephyr/subsys/bluetooth/controller/libsubsys__bluetooth__controller.a
LOAD zephyr/subsys/bluetooth/controller/ll_sw/nordic/libsubsys__bluetooth__controller__ll_sw__nordic.a
LOAD zephyr/drivers/clock_control/libdrivers__clock_control.a
LOAD zephyr/drivers/console/libdrivers__console.a
LOAD zephyr/drivers/entropy/libdrivers__entropy.a
LOAD zephyr/drivers/gpio/libdrivers__gpio.a
LOAD zephyr/drivers/pinctrl/libdrivers__pinctrl.a
LOAD zephyr/drivers/serial/libdrivers__serial.a
LOAD zephyr/drivers/timer/libdrivers__timer.a
LOAD modules/hal_nordic/nrfx/libmodules__hal_nordic__nrfx.a
LOAD modules/segger/libmodules__segger.a
LOAD zephyr/kernel/libkernel.a
LOAD zephyr/arch/common/libisr_tables.a
LOAD C:/ncs/toolchains/b620d30767/opt/zephyr-sdk/arm-zephyr-eabi/arm-zephyr-eabi/lib/thumb/v7e-m/nofp\libm_nano.a
LOAD C:/ncs/toolchains/b620d30767/opt/zephyr-sdk/arm-zephyr-eabi/arm-zephyr-eabi/lib/thumb/v7e-m/nofp\libc_nano.a
LOAD c:/ncs/toolchains/b620d30767/opt/zephyr-sdk/arm-zephyr-eabi/bin/../lib/gcc/arm-zephyr-eabi/12.2.0/thumb/v7e-m/nofp\libgcc.a
LOAD C:/ncs/toolchains/b620d30767/opt/zephyr-sdk/arm-zephyr-eabi/arm-zephyr-eabi/lib/thumb/v7e-m/nofp\libc_nano.a
                0x0000000000000020                _region_min_align = 0x20

.rel.plt        0x0000000000000000        0x0
 *(SORT_BY_ALIGNMENT(.rel.plt))
                [!provide]                        PROVIDE (__rel_iplt_start = .)
 *(SORT_BY_ALIGNMENT(.rel.iplt))
 .rel.iplt      0x0000000000000000        0x0 zephyr/CMakeFiles/zephyr_final.dir/isr_tables.c.obj
                [!provide]                        PROVIDE (__rel_iplt_end = .)

.rela.plt       0x0000000000000000        0x0
 *(SORT_BY_ALIGNMENT(.rela.plt))
                [!provide]                        PROVIDE (__rela_iplt_start = .)
 *(SORT_BY_ALIGNMENT(.rela.iplt))
                [!provide]                        PROVIDE (__rela_iplt_end = .)

.rel.dyn
 *(SORT_BY_ALIGNMENT(.rel.*))

.rela.dyn
 *(SORT_BY_ALIGNMENT(.rela.*))

/DISCARD/
 *(SORT_BY_ALIGNMENT(.plt))

/DISCARD/
 *(SORT_BY_ALIGNMENT(.iplt))
                0x0000000000000000                __rom_region_start = 0x0

rom_start       0x0000000000000000      0x100
                0x0000000000000000                __rom_start_address = .
 FILL mask 0x00
                0x0000000000000000                . = (. + (0x0 - (. - __rom_start_address)))
                0x0000000000000000                . = ALIGN (0x4)
                0x0000000000000000                . = ALIGN (0x80)
                0x0000000000000000                . = ALIGN (0x100)
                0x0000000000000000                _vector_start = .
 *(SORT_BY_ALIGNMENT(.exc_vector_table))
 *(SORT_BY_ALIGNMENT(.exc_vector_table.*))
 .exc_vector_table._vector_table_section
                0x0000000000000000       0x40 zephyr/arch/arch/arm/core/cortex_m/libarch__arm__core__cortex_m.a(vector_table.S.obj)
                0x0000000000000000                _vector_table
 *(SORT_BY_ALIGNMENT(.vectors))
                0x0000000000000100                _vector_end = .
                0x0000000000000040                . = ALIGN (0x4)
 *(SORT_BY_ALIGNMENT(.gnu.linkonce.irq_vector_table*))
 .gnu.linkonce.irq_vector_table
                0x0000000000000040       0xc0 zephyr/CMakeFiles/zephyr_final.dir/isr_tables.c.obj
                0x0000000000000040                _irq_vector_table
                0x0000000000000100                _vector_end = .

text            0x0000000000000100    0x18ae4
                0x0000000000000100                __text_region_start = .
 *(SORT_BY_ALIGNMENT(.text))
 .text          0x0000000000000100       0xa0 C:/ncs/toolchains/b620d30767/opt/zephyr-sdk/arm-zephyr-eabi/arm-zephyr-eabi/lib/thumb/v7e-m/nofp\libc_nano.a(lib_a-memchr.o)
                0x0000000000000100                memchr
 .text          0x00000000000001a0      0x378 c:/ncs/toolchains/b620d30767/opt/zephyr-sdk/arm-zephyr-eabi/bin/../lib/gcc/arm-zephyr-eabi/12.2.0/thumb/v7e-m/nofp\libgcc.a(_arm_addsubdf3.o)
                0x00000000000001a0                __aeabi_drsub
                0x00000000000001a8                __aeabi_dsub
                0x00000000000001a8                __subdf3
                0x00000000000001ac                __aeabi_dadd
                0x00000000000001ac                __adddf3
                0x0000000000000424                __floatunsidf
                0x0000000000000424                __aeabi_ui2d
                0x0000000000000444                __floatsidf
                0x0000000000000444                __aeabi_i2d
                0x0000000000000468                __aeabi_f2d
                0x0000000000000468                __extendsfdf2
                0x00000000000004ac                __floatundidf
                0x00000000000004ac                __aeabi_ul2d
                0x00000000000004bc                __floatdidf
                0x00000000000004bc                __aeabi_l2d
 .text          0x0000000000000518      0x424 c:/ncs/toolchains/b620d30767/opt/zephyr-sdk/arm-zephyr-eabi/bin/../lib/gcc/arm-zephyr-eabi/12.2.0/thumb/v7e-m/nofp\libgcc.a(_arm_muldivdf3.o)
                0x0000000000000518                __aeabi_dmul
                0x0000000000000518                __muldf3
                0x000000000000076c                __divdf3
                0x000000000000076c                __aeabi_ddiv
 .text          0x000000000000093c      0x110 c:/ncs/toolchains/b620d30767/opt/zephyr-sdk/arm-zephyr-eabi/bin/../lib/gcc/arm-zephyr-eabi/12.2.0/thumb/v7e-m/nofp\libgcc.a(_arm_cmpdf2.o)
                0x000000000000093c                __gtdf2
                0x000000000000093c                __gedf2
                0x0000000000000944                __ltdf2
                0x0000000000000944                __ledf2
                0x000000000000094c                __nedf2
                0x000000000000094c                __eqdf2
                0x000000000000094c                __cmpdf2
                0x00000000000009c8                __aeabi_cdrcmple
                0x00000000000009d8                __aeabi_cdcmpeq
                0x00000000000009d8                __aeabi_cdcmple
                0x00000000000009e8                __aeabi_dcmpeq
                0x00000000000009fc                __aeabi_dcmplt
                0x0000000000000a10                __aeabi_dcmple
                0x0000000000000a24                __aeabi_dcmpge
                0x0000000000000a38                __aeabi_dcmpgt
 .text          0x0000000000000a4c       0x2c c:/ncs/toolchains/b620d30767/opt/zephyr-sdk/arm-zephyr-eabi/bin/../lib/gcc/arm-zephyr-eabi/12.2.0/thumb/v7e-m/nofp\libgcc.a(_arm_unorddf2.o)
                0x0000000000000a4c                __unorddf2
                0x0000000000000a4c                __aeabi_dcmpun
 .text          0x0000000000000a78       0x50 c:/ncs/toolchains/b620d30767/opt/zephyr-sdk/arm-zephyr-eabi/bin/../lib/gcc/arm-zephyr-eabi/12.2.0/thumb/v7e-m/nofp\libgcc.a(_arm_fixdfsi.o)
                0x0000000000000a78                __aeabi_d2iz
                0x0000000000000a78                __fixdfsi
 .text          0x0000000000000ac8       0xa0 c:/ncs/toolchains/b620d30767/opt/zephyr-sdk/arm-zephyr-eabi/bin/../lib/gcc/arm-zephyr-eabi/12.2.0/thumb/v7e-m/nofp\libgcc.a(_arm_truncdfsf2.o)
                0x0000000000000ac8                __truncdfsf2
                0x0000000000000ac8                __aeabi_d2f
 .text          0x0000000000000b68      0x21c c:/ncs/toolchains/b620d30767/opt/zephyr-sdk/arm-zephyr-eabi/bin/../lib/gcc/arm-zephyr-eabi/12.2.0/thumb/v7e-m/nofp\libgcc.a(_arm_addsubsf3.o)
                0x0000000000000b68                __aeabi_frsub
                0x0000000000000b70                __subsf3
                0x0000000000000b70                __aeabi_fsub
                0x0000000000000b74                __aeabi_fadd
                0x0000000000000b74                __addsf3
                0x0000000000000cd4                __aeabi_ui2f
                0x0000000000000cd4                __floatunsisf
                0x0000000000000cdc                __aeabi_i2f
                0x0000000000000cdc                __floatsisf
                0x0000000000000cf8                __aeabi_ul2f
                0x0000000000000cf8                __floatundisf
                0x0000000000000d08                __aeabi_l2f
                0x0000000000000d08                __floatdisf
 .text          0x0000000000000d84      0x2a0 c:/ncs/toolchains/b620d30767/opt/zephyr-sdk/arm-zephyr-eabi/bin/../lib/gcc/arm-zephyr-eabi/12.2.0/thumb/v7e-m/nofp\libgcc.a(_arm_muldivsf3.o)
                0x0000000000000d84                __mulsf3
                0x0000000000000d84                __aeabi_fmul
                0x0000000000000eec                __aeabi_fdiv
                0x0000000000000eec                __divsf3
 .text          0x0000000000001024       0xec c:/ncs/toolchains/b620d30767/opt/zephyr-sdk/arm-zephyr-eabi/bin/../lib/gcc/arm-zephyr-eabi/12.2.0/thumb/v7e-m/nofp\libgcc.a(_arm_cmpsf2.o)
                0x0000000000001024                __gesf2
                0x0000000000001024                __gtsf2
                0x000000000000102c                __lesf2
                0x000000000000102c                __ltsf2
                0x0000000000001034                __nesf2
                0x0000000000001034                __eqsf2
                0x0000000000001034                __cmpsf2
                0x0000000000001094                __aeabi_cfrcmple
                0x000000000000109c                __aeabi_cfcmpeq
                0x000000000000109c                __aeabi_cfcmple
                0x00000000000010ac                __aeabi_fcmpeq
                0x00000000000010c0                __aeabi_fcmplt
                0x00000000000010d4                __aeabi_fcmple
                0x00000000000010e8                __aeabi_fcmpge
                0x00000000000010fc                __aeabi_fcmpgt
 .text          0x0000000000001110       0x2c c:/ncs/toolchains/b620d30767/opt/zephyr-sdk/arm-zephyr-eabi/bin/../lib/gcc/arm-zephyr-eabi/12.2.0/thumb/v7e-m/nofp\libgcc.a(_arm_unordsf2.o)
                0x0000000000001110                __unordsf2
                0x0000000000001110                __aeabi_fcmpun
 .text          0x000000000000113c       0x30 c:/ncs/toolchains/b620d30767/opt/zephyr-sdk/arm-zephyr-eabi/bin/../lib/gcc/arm-zephyr-eabi/12.2.0/thumb/v7e-m/nofp\libgcc.a(_aeabi_uldivmod.o)
                0x000000000000113c                __aeabi_uldivmod
 .text          0x000000000000116c        0x4 c:/ncs/toolchains/b620d30767/opt/zephyr-sdk/arm-zephyr-eabi/bin/../lib/gcc/arm-zephyr-eabi/12.2.0/thumb/v7e-m/nofp\libgcc.a(_dvmd_tls.o)
                0x000000000000116c                __aeabi_idiv0
                0x000000000000116c                __aeabi_ldiv0
 .text          0x0000000000001170       0x10 C:/ncs/toolchains/b620d30767/opt/zephyr-sdk/arm-zephyr-eabi/arm-zephyr-eabi/lib/thumb/v7e-m/nofp\libc_nano.a(lib_a-strlen.o)
                0x0000000000001170                strlen
 .text          0x0000000000001180      0x2a0 c:/ncs/toolchains/b620d30767/opt/zephyr-sdk/arm-zephyr-eabi/bin/../lib/gcc/arm-zephyr-eabi/12.2.0/thumb/v7e-m/nofp\libgcc.a(_udivmoddi4.o)
                0x0000000000001180                __udivmoddi4
 *(SORT_BY_ALIGNMENT(.text.*))
 .text.cte_recv_cb
                0x0000000000001420      0x2a4 app/libapp.a(main.c.obj)
 *fill*         0x00000000000016c4        0x4 
 .text.ull_drift_ticks_get
                0x00000000000016c8       0x90 zephyr/subsys/bluetooth/controller/libsubsys__bluetooth__controller.a(ull.c.obj)
                0x00000000000016c8                ull_drift_ticks_get
 .text.ll_scan_params_set
                0x0000000000001758       0x98 zephyr/subsys/bluetooth/controller/libsubsys__bluetooth__controller.a(ull_scan.c.obj)
                0x0000000000001758                ll_scan_params_set
 .text.ull_scan_enable
                0x00000000000017f0      0x13c zephyr/subsys/bluetooth/controller/libsubsys__bluetooth__controller.a(ull_scan.c.obj)
                0x00000000000017f0                ull_scan_enable
 *fill*         0x000000000000192c        0x4 
 .text.ull_scan_aux_setup
                0x0000000000001930      0xbd0 zephyr/subsys/bluetooth/controller/libsubsys__bluetooth__controller.a(ull_scan_aux.c.obj)
                0x0000000000001930                ull_scan_aux_setup
 .text.ull_sync_setup
                0x0000000000002500      0x324 zephyr/subsys/bluetooth/controller/libsubsys__bluetooth__controller.a(ull_sync.c.obj)
                0x0000000000002500                ull_sync_setup
 *fill*         0x0000000000002824        0x4 
 .text.ull_sync_slot_update
                0x0000000000002828       0xd0 zephyr/subsys/bluetooth/controller/libsubsys__bluetooth__controller.a(ull_sync.c.obj)
                0x0000000000002828                ull_sync_slot_update
 .text.common_prepare_cb
                0x00000000000028f8      0x20c zephyr/subsys/bluetooth/controller/ll_sw/nordic/libsubsys__bluetooth__controller__ll_sw__nordic.a(lll_scan.c.obj)
 *fill*         0x0000000000002b04        0x4 
 .text.prepare_cb
                0x0000000000002b08      0x1f4 zephyr/subsys/bluetooth/controller/ll_sw/nordic/libsubsys__bluetooth__controller__ll_sw__nordic.a(lll_scan_aux.c.obj)
 *fill*         0x0000000000002cfc        0x4 
 .text.prepare_cb_common
                0x0000000000002d00      0x1c0 zephyr/subsys/bluetooth/controller/ll_sw/nordic/libsubsys__bluetooth__controller__ll_sw__nordic.a(lll_sync.c.obj)
 .text.__ieee754_atan2
                0x0000000000002ec0      0x1a4 C:/ncs/toolchains/b620d30767/opt/zephyr-sdk/arm-zephyr-eabi/arm-zephyr-eabi/lib/thumb/v7e-m/nofp\libm_nano.a(lib_a-e_atan2.o)
                0x0000000000002ec0                __ieee754_atan2
 *fill*         0x0000000000003064        0x4 
 .text.atan     0x0000000000003068      0x320 C:/ncs/toolchains/b620d30767/opt/zephyr-sdk/arm-zephyr-eabi/arm-zephyr-eabi/lib/thumb/v7e-m/nofp\libm_nano.a(lib_a-s_atan.o)
                0x0000000000003068                atan
 .text._dtoa_r  0x0000000000003388      0xc5c C:/ncs/toolchains/b620d30767/opt/zephyr-sdk/arm-zephyr-eabi/arm-zephyr-eabi/lib/thumb/v7e-m/nofp\libc_nano.a(lib_a-dtoa.o)
                0x0000000000003388                _dtoa_r
 .text.bt_addr_le_to_str.constprop.0.isra.0
                0x0000000000003fe4       0x78 app/libapp.a(main.c.obj)
 .text.term_cb  0x000000000000405c       0x34 app/libapp.a(main.c.obj)
 .text.recv_cb  0x0000000000004090       0x68 app/libapp.a(main.c.obj)
 .text.scan_recv
                0x00000000000040f8       0x78 app/libapp.a(main.c.obj)
 .text.sync_cb  0x0000000000004170       0x54 app/libapp.a(main.c.obj)
 .text.main     0x00000000000041c4      0x264 app/libapp.a(main.c.obj)
                0x00000000000041c4                main
 .text.char_out
                0x0000000000004428        0xc zephyr/libzephyr.a(printk.c.obj)
 .text.__printk_hook_install
                0x0000000000004434        0xc zephyr/libzephyr.a(printk.c.obj)
                0x0000000000004434                __printk_hook_install
 .text.vprintk  0x0000000000004440       0x1c zephyr/libzephyr.a(printk.c.obj)
                0x0000000000004440                vprintk
 .text.vsnprintk
                0x000000000000445c       0x2c zephyr/libzephyr.a(printk.c.obj)
                0x000000000000445c                vsnprintk
 .text.extract_decimal
                0x0000000000004488       0x2c zephyr/libzephyr.a(cbprintf_complete.c.obj)
 .text.encode_uint
                0x00000000000044b4       0x9c zephyr/libzephyr.a(cbprintf_complete.c.obj)
 .text.z_cbvprintf_impl
                0x0000000000004550      0x76c zephyr/libzephyr.a(cbprintf_complete.c.obj)
                0x0000000000004550                z_cbvprintf_impl
 .text.process_event
                0x0000000000004cbc      0x21c zephyr/libzephyr.a(onoff.c.obj)
 .text.mem_attr_get_regions
                0x0000000000004ed8        0xc zephyr/libzephyr.a(mem_attr.c.obj)
                0x0000000000004ed8                mem_attr_get_regions
 .text.boot_banner
                0x0000000000004ee4       0x1c zephyr/libzephyr.a(banner.c.obj)
                0x0000000000004ee4                boot_banner
 .text.z_SysNmiOnReset
                0x0000000000004f00        0x8 zephyr/arch/arch/arm/core/libarch__arm__core.a(nmi_on_reset.S.obj)
                0x0000000000004f00                z_SysNmiOnReset
 .text._HandlerModeExit
                0x0000000000004f08       0x28 zephyr/arch/arch/arm/core/cortex_m/libarch__arm__core__cortex_m.a(exc_exit.c.obj)
                0x0000000000004f08                z_arm_int_exit
                0x0000000000004f08                z_arm_exc_exit
 .text.mem_manage_fault
                0x0000000000004f30       0xa0 zephyr/arch/arch/arm/core/cortex_m/libarch__arm__core__cortex_m.a(fault.c.obj)
 .text.usage_fault.constprop.0
                0x0000000000004fd0       0x54 zephyr/arch/arch/arm/core/cortex_m/libarch__arm__core__cortex_m.a(fault.c.obj)
 .text.bus_fault.constprop.0
                0x0000000000005024       0x6c zephyr/arch/arch/arm/core/cortex_m/libarch__arm__core__cortex_m.a(fault.c.obj)
 .text.z_arm_fault
                0x0000000000005090      0x128 zephyr/arch/arch/arm/core/cortex_m/libarch__arm__core__cortex_m.a(fault.c.obj)
                0x0000000000005090                z_arm_fault
 .text.z_arm_fault_init
                0x00000000000051b8       0x18 zephyr/arch/arch/arm/core/cortex_m/libarch__arm__core__cortex_m.a(fault.c.obj)
                0x00000000000051b8                z_arm_fault_init
 .text.__fault  0x00000000000051d0       0x14 zephyr/arch/arch/arm/core/cortex_m/libarch__arm__core__cortex_m.a(fault_s.S.obj)
                0x00000000000051d0                z_arm_usage_fault
                0x00000000000051d0                z_arm_mpu_fault
                0x00000000000051d0                z_arm_exc_spurious
                0x00000000000051d0                z_arm_debug_monitor
                0x00000000000051d0                z_arm_hard_fault
                0x00000000000051d0                z_arm_bus_fault
 .text._reset_section
                0x00000000000051e4       0x54 zephyr/arch/arch/arm/core/cortex_m/libarch__arm__core__cortex_m.a(reset.S.obj)
                0x00000000000051e4                __start
                0x00000000000051e4                z_arm_reset
 .text.z_arm_clear_arm_mpu_config
                0x0000000000005238       0x24 zephyr/arch/arch/arm/core/cortex_m/libarch__arm__core__cortex_m.a(scb.c.obj)
                0x0000000000005238                z_arm_clear_arm_mpu_config
 .text.z_arm_init_arch_hw_at_boot
                0x000000000000525c       0x64 zephyr/arch/arch/arm/core/cortex_m/libarch__arm__core__cortex_m.a(scb.c.obj)
                0x000000000000525c                z_arm_init_arch_hw_at_boot
 .text.z_impl_k_thread_abort
                0x00000000000052c0       0x2c zephyr/arch/arch/arm/core/cortex_m/libarch__arm__core__cortex_m.a(thread_abort.c.obj)
                0x00000000000052c0                z_impl_k_thread_abort
 .text.arch_swap
                0x00000000000052ec       0x30 zephyr/arch/arch/arm/core/cortex_m/libarch__arm__core__cortex_m.a(swap.c.obj)
                0x00000000000052ec                arch_swap
 .text.z_arm_pendsv_c
                0x000000000000531c       0x40 zephyr/arch/arch/arm/core/cortex_m/libarch__arm__core__cortex_m.a(swap.c.obj)
                0x000000000000531c                z_arm_pendsv_c
 .text.z_arm_pendsv
                0x000000000000535c       0x34 zephyr/arch/arch/arm/core/cortex_m/libarch__arm__core__cortex_m.a(swap_helper.S.obj)
                0x000000000000535c                z_arm_pendsv
 .text.z_arm_svc
                0x0000000000005390       0x20 zephyr/arch/arch/arm/core/cortex_m/libarch__arm__core__cortex_m.a(swap_helper.S.obj)
                0x0000000000005390                z_arm_svc
 .text.arch_irq_enable
                0x00000000000053b0       0x1c zephyr/arch/arch/arm/core/cortex_m/libarch__arm__core__cortex_m.a(irq_manage.c.obj)
                0x00000000000053b0                arch_irq_enable
 .text.arch_irq_disable
                0x00000000000053cc       0x28 zephyr/arch/arch/arm/core/cortex_m/libarch__arm__core__cortex_m.a(irq_manage.c.obj)
                0x00000000000053cc                arch_irq_disable
 .text.arch_irq_is_enabled
                0x00000000000053f4       0x1c zephyr/arch/arch/arm/core/cortex_m/libarch__arm__core__cortex_m.a(irq_manage.c.obj)
                0x00000000000053f4                arch_irq_is_enabled
 .text.z_arm_irq_priority_set
                0x0000000000005410       0x30 zephyr/arch/arch/arm/core/cortex_m/libarch__arm__core__cortex_m.a(irq_manage.c.obj)
                0x0000000000005410                z_arm_irq_priority_set
 .text.z_prep_c
                0x0000000000005440       0x38 zephyr/arch/arch/arm/core/cortex_m/libarch__arm__core__cortex_m.a(prep_c.c.obj)
                0x0000000000005440                z_prep_c
 .text.arch_new_thread
                0x0000000000005478       0x38 zephyr/arch/arch/arm/core/cortex_m/libarch__arm__core__cortex_m.a(thread.c.obj)
                0x0000000000005478                arch_new_thread
 .text.z_check_thread_stack_fail
                0x00000000000054b0       0x2c zephyr/arch/arch/arm/core/cortex_m/libarch__arm__core__cortex_m.a(thread.c.obj)
                0x00000000000054b0                z_check_thread_stack_fail
 .text.arch_switch_to_main_thread
                0x00000000000054dc       0x3c zephyr/arch/arch/arm/core/cortex_m/libarch__arm__core__cortex_m.a(thread.c.obj)
                0x00000000000054dc                arch_switch_to_main_thread
 .text.z_arm_cpu_idle_init
                0x0000000000005518        0xc zephyr/arch/arch/arm/core/cortex_m/libarch__arm__core__cortex_m.a(cpu_idle.c.obj)
                0x0000000000005518                z_arm_cpu_idle_init
 .text.z_arm_interrupt_init
                0x0000000000005524       0x18 zephyr/arch/arch/arm/core/cortex_m/libarch__arm__core__cortex_m.a(irq_init.c.obj)
                0x0000000000005524                z_arm_interrupt_init
 .text._isr_wrapper
                0x000000000000553c       0x24 zephyr/arch/arch/arm/core/cortex_m/libarch__arm__core__cortex_m.a(isr_wrapper.c.obj)
                0x000000000000553c                _isr_wrapper
 .text.z_arm_configure_static_mpu_regions
                0x0000000000005560       0x18 zephyr/arch/arch/arm/core/mpu/libarch__arm__core__mpu.a(arm_core_mpu.c.obj)
                0x0000000000005560                z_arm_configure_static_mpu_regions
 .text.z_arm_configure_dynamic_mpu_regions
                0x0000000000005578       0x20 zephyr/arch/arch/arm/core/mpu/libarch__arm__core__mpu.a(arm_core_mpu.c.obj)
                0x0000000000005578                z_arm_configure_dynamic_mpu_regions
 .text.region_init
                0x0000000000005598       0x28 zephyr/arch/arch/arm/core/mpu/libarch__arm__core__mpu.a(arm_mpu.c.obj)
 .text.mpu_configure_regions
                0x00000000000055c0       0x6c zephyr/arch/arch/arm/core/mpu/libarch__arm__core__mpu.a(arm_mpu.c.obj)
 .text.arm_core_mpu_enable
                0x000000000000562c       0x18 zephyr/arch/arch/arm/core/mpu/libarch__arm__core__mpu.a(arm_mpu.c.obj)
                0x000000000000562c                arm_core_mpu_enable
 .text.arm_core_mpu_disable
                0x0000000000005644       0x14 zephyr/arch/arch/arm/core/mpu/libarch__arm__core__mpu.a(arm_mpu.c.obj)
                0x0000000000005644                arm_core_mpu_disable
 .text.arm_core_mpu_configure_static_mpu_regions
                0x0000000000005658       0x14 zephyr/arch/arch/arm/core/mpu/libarch__arm__core__mpu.a(arm_mpu.c.obj)
                0x0000000000005658                arm_core_mpu_configure_static_mpu_regions
 .text.arm_core_mpu_configure_dynamic_mpu_regions
                0x000000000000566c       0x38 zephyr/arch/arch/arm/core/mpu/libarch__arm__core__mpu.a(arm_mpu.c.obj)
                0x000000000000566c                arm_core_mpu_configure_dynamic_mpu_regions
 .text.z_arm_mpu_init
                0x00000000000056a4      0x168 zephyr/arch/arch/arm/core/mpu/libarch__arm__core__mpu.a(arm_mpu.c.obj)
                0x00000000000056a4                z_arm_mpu_init
 .text.__stdout_hook_install
                0x000000000000580c        0xc zephyr/lib/libc/newlib/liblib__libc__newlib.a(libc-hooks.c.obj)
                0x000000000000580c                __stdout_hook_install
 .text.z_impl_zephyr_read_stdin
                0x0000000000005818       0x28 zephyr/lib/libc/newlib/liblib__libc__newlib.a(libc-hooks.c.obj)
                0x0000000000005818                z_impl_zephyr_read_stdin
 .text.z_impl_zephyr_write_stdout
                0x0000000000005840       0x30 zephyr/lib/libc/newlib/liblib__libc__newlib.a(libc-hooks.c.obj)
                0x0000000000005840                z_impl_zephyr_write_stdout
 .text._sbrk    0x0000000000005870       0x28 zephyr/lib/libc/newlib/liblib__libc__newlib.a(libc-hooks.c.obj)
                0x0000000000005870                sbrk
                0x0000000000005870                _sbrk
 .text.abort    0x0000000000005898       0x1c zephyr/lib/libc/common/liblib__libc__common.a(abort.c.obj)
                0x0000000000005898                abort
 .text.net_buf_destroy
                0x00000000000058b4       0x38 zephyr/lib/net_buf/liblib__net_buf.a(buf.c.obj)
 .text.net_buf_pool_get
                0x00000000000058ec       0x10 zephyr/lib/net_buf/liblib__net_buf.a(buf.c.obj)
                0x00000000000058ec                net_buf_pool_get
 .text.net_buf_id
                0x00000000000058fc       0x20 zephyr/lib/net_buf/liblib__net_buf.a(buf.c.obj)
                0x00000000000058fc                net_buf_id
 .text.fixed_data_alloc
                0x000000000000591c       0x24 zephyr/lib/net_buf/liblib__net_buf.a(buf.c.obj)
 .text.net_buf_alloc_len
                0x0000000000005940      0x120 zephyr/lib/net_buf/liblib__net_buf.a(buf.c.obj)
                0x0000000000005940                net_buf_alloc_len
 .text.net_buf_unref
                0x0000000000005a60       0x38 zephyr/lib/net_buf/liblib__net_buf.a(buf.c.obj)
                0x0000000000005a60                net_buf_unref
 .text.nordicsemi_nrf52_init
                0x0000000000005a98       0x18 zephyr/soc/soc/nrf52833/libsoc__nordic.a(soc.c.obj)
 .text.arch_busy_wait
                0x0000000000005ab0       0x14 zephyr/soc/soc/nrf52833/libsoc__nordic.a(soc.c.obj)
                0x0000000000005ab0                arch_busy_wait
 .text.xoshiro128_initialize
                0x0000000000005ac4       0x18 zephyr/subsys/random/libsubsys__random.a(random_xoshiro128.c.obj)
 .text.bt_buf_get_rx
                0x0000000000005adc       0x20 zephyr/subsys/bluetooth/host/libsubsys__bluetooth__host.a(buf.c.obj)
                0x0000000000005adc                bt_buf_get_rx
 .text.bt_buf_get_evt
                0x0000000000005afc       0x3c zephyr/subsys/bluetooth/host/libsubsys__bluetooth__host.a(buf.c.obj)
                0x0000000000005afc                bt_buf_get_evt
 .text.hci_vendor_event
                0x0000000000005b38       0x20 zephyr/subsys/bluetooth/host/libsubsys__bluetooth__host.a(hci_core.c.obj)
 .text.hci_le_meta_event
                0x0000000000005b58       0x20 zephyr/subsys/bluetooth/host/libsubsys__bluetooth__host.a(hci_core.c.obj)
 .text.rx_work_handler
                0x0000000000005b78       0x94 zephyr/subsys/bluetooth/host/libsubsys__bluetooth__host.a(hci_core.c.obj)
 .text.hci_cmd_done
                0x0000000000005c0c      0x10c zephyr/subsys/bluetooth/host/libsubsys__bluetooth__host.a(hci_core.c.obj)
 .text.bt_hci_cmd_state_set_init
                0x0000000000005d18       0x24 zephyr/subsys/bluetooth/host/libsubsys__bluetooth__host.a(hci_core.c.obj)
                0x0000000000005d18                bt_hci_cmd_state_set_init
 .text.bt_hci_cmd_create
                0x0000000000005d3c       0x78 zephyr/subsys/bluetooth/host/libsubsys__bluetooth__host.a(hci_core.c.obj)
                0x0000000000005d3c                bt_hci_cmd_create
 .text.bt_get_phy
                0x0000000000005db4       0x14 zephyr/subsys/bluetooth/host/libsubsys__bluetooth__host.a(hci_core.c.obj)
                0x0000000000005db4                bt_get_phy
 .text.bt_get_df_cte_type
                0x0000000000005dc8       0x10 zephyr/subsys/bluetooth/host/libsubsys__bluetooth__host.a(hci_core.c.obj)
                0x0000000000005dc8                bt_get_df_cte_type
 .text.bt_send  0x0000000000005dd8       0x14 zephyr/subsys/bluetooth/host/libsubsys__bluetooth__host.a(hci_core.c.obj)
                0x0000000000005dd8                bt_send
 .text.hci_event_prio
                0x0000000000005dec       0x94 zephyr/subsys/bluetooth/host/libsubsys__bluetooth__host.a(hci_core.c.obj)
                0x0000000000005dec                hci_event_prio
 .text.bt_hci_recv
                0x0000000000005e80       0x5c zephyr/subsys/bluetooth/host/libsubsys__bluetooth__host.a(hci_core.c.obj)
                0x0000000000005e80                bt_hci_recv
 .text.bt_finalize_init
                0x0000000000005edc       0x18 zephyr/subsys/bluetooth/host/libsubsys__bluetooth__host.a(hci_core.c.obj)
                0x0000000000005edc                bt_finalize_init
 .text.bt_is_ready
                0x0000000000005ef4       0x18 zephyr/subsys/bluetooth/host/libsubsys__bluetooth__host.a(hci_core.c.obj)
                0x0000000000005ef4                bt_is_ready
 .text.bt_tx_irq_raise
                0x0000000000005f0c        0xc zephyr/subsys/bluetooth/host/libsubsys__bluetooth__host.a(hci_core.c.obj)
                0x0000000000005f0c                bt_tx_irq_raise
 .text.process_pending_cmd
                0x0000000000005f18       0xb0 zephyr/subsys/bluetooth/host/libsubsys__bluetooth__host.a(hci_core.c.obj)
 .text.bt_hci_cmd_send_sync
                0x0000000000005fc8      0x168 zephyr/subsys/bluetooth/host/libsubsys__bluetooth__host.a(hci_core.c.obj)
                0x0000000000005fc8                bt_hci_cmd_send_sync
 .text.hci_init
                0x0000000000006130      0x28c zephyr/subsys/bluetooth/host/libsubsys__bluetooth__host.a(hci_core.c.obj)
 .text.bt_enable
                0x00000000000063bc       0xb4 zephyr/subsys/bluetooth/host/libsubsys__bluetooth__host.a(hci_core.c.obj)
                0x00000000000063bc                bt_enable
 .text.init_work
                0x0000000000006470       0x24 zephyr/subsys/bluetooth/host/libsubsys__bluetooth__host.a(hci_core.c.obj)
 .text.bt_hci_le_rand
                0x0000000000006494       0x58 zephyr/subsys/bluetooth/host/libsubsys__bluetooth__host.a(hci_core.c.obj)
                0x0000000000006494                bt_hci_le_rand
 .text.hci_cmd_complete
                0x00000000000064ec       0x3c zephyr/subsys/bluetooth/host/libsubsys__bluetooth__host.a(hci_core.c.obj)
 .text.hci_cmd_status
                0x0000000000006528       0x30 zephyr/subsys/bluetooth/host/libsubsys__bluetooth__host.a(hci_core.c.obj)
 .text.bt_hci_evt_create
                0x0000000000006558       0x50 zephyr/subsys/bluetooth/host/libsubsys__bluetooth__host.a(hci_common.c.obj)
                0x0000000000006558                bt_hci_evt_create
 .text.id_find  0x00000000000065a8       0x30 zephyr/subsys/bluetooth/host/libsubsys__bluetooth__host.a(id.c.obj)
 .text.set_random_address
                0x00000000000065d8       0x54 zephyr/subsys/bluetooth/host/libsubsys__bluetooth__host.a(id.c.obj)
 .text.id_create.constprop.0
                0x000000000000662c       0x74 zephyr/subsys/bluetooth/host/libsubsys__bluetooth__host.a(id.c.obj)
 .text.bt_id_create
                0x00000000000066a0       0x88 zephyr/subsys/bluetooth/host/libsubsys__bluetooth__host.a(id.c.obj)
                0x00000000000066a0                bt_id_create
 .text.bt_id_read_public_addr
                0x0000000000006728       0x6c zephyr/subsys/bluetooth/host/libsubsys__bluetooth__host.a(id.c.obj)
                0x0000000000006728                bt_id_read_public_addr
 .text.bt_setup_public_id_addr
                0x0000000000006794       0x20 zephyr/subsys/bluetooth/host/libsubsys__bluetooth__host.a(id.c.obj)
                0x0000000000006794                bt_setup_public_id_addr
 .text.bt_setup_random_id_addr
                0x00000000000067b4       0xac zephyr/subsys/bluetooth/host/libsubsys__bluetooth__host.a(id.c.obj)
                0x00000000000067b4                bt_setup_random_id_addr
 .text.bt_id_set_scan_own_addr
                0x0000000000006860       0x24 zephyr/subsys/bluetooth/host/libsubsys__bluetooth__host.a(id.c.obj)
                0x0000000000006860                bt_id_set_scan_own_addr
 .text.bt_id_init
                0x0000000000006884       0x30 zephyr/subsys/bluetooth/host/libsubsys__bluetooth__host.a(id.c.obj)
                0x0000000000006884                bt_id_init
 .text.reset_reassembling_advertiser
                0x00000000000068b4       0x18 zephyr/subsys/bluetooth/host/libsubsys__bluetooth__host.a(scan.c.obj)
 .text.cmd_le_set_ext_scan_enable
                0x00000000000068cc       0x54 zephyr/subsys/bluetooth/host/libsubsys__bluetooth__host.a(scan.c.obj)
 .text.scan_check_if_state_allowed
                0x0000000000006920       0x2c zephyr/subsys/bluetooth/host/libsubsys__bluetooth__host.a(scan.c.obj)
 .text.create_ext_adv_info
                0x000000000000694c       0x50 zephyr/subsys/bluetooth/host/libsubsys__bluetooth__host.a(scan.c.obj)
 .text.per_adv_sync_terminated
                0x000000000000699c       0x38 zephyr/subsys/bluetooth/host/libsubsys__bluetooth__host.a(scan.c.obj)
 .text.get_pending_per_adv_sync
                0x00000000000069d4       0x1c zephyr/subsys/bluetooth/host/libsubsys__bluetooth__host.a(scan.c.obj)
 .text.scan_update
                0x00000000000069f0      0x258 zephyr/subsys/bluetooth/host/libsubsys__bluetooth__host.a(scan.c.obj)
 .text.le_adv_recv
                0x0000000000006c48       0xec zephyr/subsys/bluetooth/host/libsubsys__bluetooth__host.a(scan.c.obj)
 .text.bt_scan_softreset
                0x0000000000006d34       0x10 zephyr/subsys/bluetooth/host/libsubsys__bluetooth__host.a(scan.c.obj)
                0x0000000000006d34                bt_scan_softreset
 .text.bt_scan_reset
                0x0000000000006d44       0x2c zephyr/subsys/bluetooth/host/libsubsys__bluetooth__host.a(scan.c.obj)
                0x0000000000006d44                bt_scan_reset
 .text.bt_le_scan_user_add
                0x0000000000006d70       0x38 zephyr/subsys/bluetooth/host/libsubsys__bluetooth__host.a(scan.c.obj)
                0x0000000000006d70                bt_le_scan_user_add
 .text.bt_le_scan_user_remove
                0x0000000000006da8       0x1c zephyr/subsys/bluetooth/host/libsubsys__bluetooth__host.a(scan.c.obj)
                0x0000000000006da8                bt_le_scan_user_remove
 .text.bt_hci_le_scan_timeout
                0x0000000000006dc4       0x68 zephyr/subsys/bluetooth/host/libsubsys__bluetooth__host.a(scan.c.obj)
                0x0000000000006dc4                bt_hci_le_scan_timeout
 .text.bt_hci_le_adv_ext_report
                0x0000000000006e2c      0x148 zephyr/subsys/bluetooth/host/libsubsys__bluetooth__host.a(scan.c.obj)
                0x0000000000006e2c                bt_hci_le_adv_ext_report
 .text.bt_hci_per_adv_sync_lookup_handle
                0x0000000000006f74       0x24 zephyr/subsys/bluetooth/host/libsubsys__bluetooth__host.a(scan.c.obj)
                0x0000000000006f74                bt_hci_per_adv_sync_lookup_handle
 .text.bt_hci_le_per_adv_report_recv
                0x0000000000006f98       0x4c zephyr/subsys/bluetooth/host/libsubsys__bluetooth__host.a(scan.c.obj)
                0x0000000000006f98                bt_hci_le_per_adv_report_recv
 .text.bt_hci_le_per_adv_sync_established
                0x0000000000006fe4      0x150 zephyr/subsys/bluetooth/host/libsubsys__bluetooth__host.a(scan.c.obj)
                0x0000000000006fe4                bt_hci_le_per_adv_sync_established
 .text.bt_hci_le_df_connectionless_iq_report
                0x0000000000007134       0x30 zephyr/subsys/bluetooth/host/libsubsys__bluetooth__host.a(scan.c.obj)
                0x0000000000007134                bt_hci_le_df_connectionless_iq_report
 .text.bt_hci_le_adv_report
                0x0000000000007164       0xa0 zephyr/subsys/bluetooth/host/libsubsys__bluetooth__host.a(scan.c.obj)
                0x0000000000007164                bt_hci_le_adv_report
 .text.bt_le_scan_start
                0x0000000000007204       0xa0 zephyr/subsys/bluetooth/host/libsubsys__bluetooth__host.a(scan.c.obj)
                0x0000000000007204                bt_le_scan_start
 .text.bt_le_scan_stop
                0x00000000000072a4       0x38 zephyr/subsys/bluetooth/host/libsubsys__bluetooth__host.a(scan.c.obj)
                0x00000000000072a4                bt_le_scan_stop
 .text.bt_le_scan_cb_register
                0x00000000000072dc       0x30 zephyr/subsys/bluetooth/host/libsubsys__bluetooth__host.a(scan.c.obj)
                0x00000000000072dc                bt_le_scan_cb_register
 .text.bt_le_per_adv_sync_get_index
                0x000000000000730c       0x18 zephyr/subsys/bluetooth/host/libsubsys__bluetooth__host.a(scan.c.obj)
                0x000000000000730c                bt_le_per_adv_sync_get_index
 .text.bt_le_per_adv_sync_delete
                0x0000000000007324       0x90 zephyr/subsys/bluetooth/host/libsubsys__bluetooth__host.a(scan.c.obj)
                0x0000000000007324                bt_le_per_adv_sync_delete
 .text.bt_le_per_adv_sync_create
                0x00000000000073b4      0x18c zephyr/subsys/bluetooth/host/libsubsys__bluetooth__host.a(scan.c.obj)
                0x00000000000073b4                bt_le_per_adv_sync_create
 .text.bt_le_per_adv_sync_cb_register
                0x0000000000007540       0x30 zephyr/subsys/bluetooth/host/libsubsys__bluetooth__host.a(scan.c.obj)
                0x0000000000007540                bt_le_per_adv_sync_cb_register
 .text.hci_df_set_cl_cte_rx_enable
                0x0000000000007570      0x128 zephyr/subsys/bluetooth/host/libsubsys__bluetooth__host.a(direction.c.obj)
 .text.le_df_init
                0x0000000000007698       0x40 zephyr/subsys/bluetooth/host/libsubsys__bluetooth__host.a(direction.c.obj)
                0x0000000000007698                le_df_init
 .text.bt_df_per_adv_sync_cte_rx_enable
                0x00000000000076d8       0x3c zephyr/subsys/bluetooth/host/libsubsys__bluetooth__host.a(direction.c.obj)
                0x00000000000076d8                bt_df_per_adv_sync_cte_rx_enable
 .text.mem_init
                0x0000000000007714       0x48 zephyr/subsys/bluetooth/controller/libsubsys__bluetooth__controller.a(mem.c.obj)
                0x0000000000007714                mem_init
 .text.mem_acquire
                0x000000000000775c       0x2c zephyr/subsys/bluetooth/controller/libsubsys__bluetooth__controller.a(mem.c.obj)
                0x000000000000775c                mem_acquire
 .text.mem_release
                0x0000000000007788       0x28 zephyr/subsys/bluetooth/controller/libsubsys__bluetooth__controller.a(mem.c.obj)
                0x0000000000007788                mem_release
 .text.mem_index_get
                0x00000000000077b0        0xc zephyr/subsys/bluetooth/controller/libsubsys__bluetooth__controller.a(mem.c.obj)
                0x00000000000077b0                mem_index_get
 .text.mem_rcopy
                0x00000000000077bc       0x1c zephyr/subsys/bluetooth/controller/libsubsys__bluetooth__controller.a(mem.c.obj)
                0x00000000000077bc                mem_rcopy
 .text.mem_nz   0x00000000000077d8       0x18 zephyr/subsys/bluetooth/controller/libsubsys__bluetooth__controller.a(mem.c.obj)
                0x00000000000077d8                mem_nz
 .text.memq_init
                0x00000000000077f0        0x8 zephyr/subsys/bluetooth/controller/libsubsys__bluetooth__controller.a(memq.c.obj)
                0x00000000000077f0                memq_init
 .text.memq_enqueue
                0x00000000000077f8       0x14 zephyr/subsys/bluetooth/controller/libsubsys__bluetooth__controller.a(memq.c.obj)
                0x00000000000077f8                memq_enqueue
 .text.memq_peek
                0x000000000000780c       0x10 zephyr/subsys/bluetooth/controller/libsubsys__bluetooth__controller.a(memq.c.obj)
                0x000000000000780c                memq_peek
 .text.memq_dequeue
                0x000000000000781c       0x20 zephyr/subsys/bluetooth/controller/libsubsys__bluetooth__controller.a(memq.c.obj)
                0x000000000000781c                memq_dequeue
 .text.mayfly_init
                0x000000000000783c       0x40 zephyr/subsys/bluetooth/controller/libsubsys__bluetooth__controller.a(mayfly.c.obj)
                0x000000000000783c                mayfly_init
 .text.mayfly_enable
                0x000000000000787c       0x68 zephyr/subsys/bluetooth/controller/libsubsys__bluetooth__controller.a(mayfly.c.obj)
                0x000000000000787c                mayfly_enable
 .text.mayfly_enqueue
                0x00000000000078e4       0xbc zephyr/subsys/bluetooth/controller/libsubsys__bluetooth__controller.a(mayfly.c.obj)
                0x00000000000078e4                mayfly_enqueue
 .text.mayfly_run
                0x00000000000079a0      0x174 zephyr/subsys/bluetooth/controller/libsubsys__bluetooth__controller.a(mayfly.c.obj)
                0x00000000000079a0                mayfly_run
 .text.util_ones_count_get
                0x0000000000007b14       0x28 zephyr/subsys/bluetooth/controller/libsubsys__bluetooth__controller.a(util.c.obj)
                0x0000000000007b14                util_ones_count_get
 .text.util_get_bits
                0x0000000000007b3c       0x54 zephyr/subsys/bluetooth/controller/libsubsys__bluetooth__controller.a(util.c.obj)
                0x0000000000007b3c                util_get_bits
 .text.ticker_dequeue
                0x0000000000007b90       0x80 zephyr/subsys/bluetooth/controller/libsubsys__bluetooth__controller.a(ticker.c.obj)
 .text.ticks_to_expire_prep
                0x0000000000007c10       0x48 zephyr/subsys/bluetooth/controller/libsubsys__bluetooth__controller.a(ticker.c.obj)
 .text.ticker_job_list_insert
                0x0000000000007c58      0x1fc zephyr/subsys/bluetooth/controller/libsubsys__bluetooth__controller.a(ticker.c.obj)
 .text.ticker_worker
                0x0000000000007e54      0x2d4 zephyr/subsys/bluetooth/controller/libsubsys__bluetooth__controller.a(ticker.c.obj)
                0x0000000000007e54                ticker_worker
 .text.ticker_job
                0x0000000000008128      0x850 zephyr/subsys/bluetooth/controller/libsubsys__bluetooth__controller.a(ticker.c.obj)
                0x0000000000008128                ticker_job
 .text.ticker_init
                0x0000000000008978       0x68 zephyr/subsys/bluetooth/controller/libsubsys__bluetooth__controller.a(ticker.c.obj)
                0x0000000000008978                ticker_init
 .text.ticker_trigger
                0x00000000000089e0       0x30 zephyr/subsys/bluetooth/controller/libsubsys__bluetooth__controller.a(ticker.c.obj)
                0x00000000000089e0                ticker_trigger
 .text.ticker_start_us
                0x0000000000008a10       0xa8 zephyr/subsys/bluetooth/controller/libsubsys__bluetooth__controller.a(ticker.c.obj)
                0x0000000000008a10                ticker_start_us
 .text.ticker_start
                0x0000000000008ab8       0x38 zephyr/subsys/bluetooth/controller/libsubsys__bluetooth__controller.a(ticker.c.obj)
                0x0000000000008ab8                ticker_start
 .text.ticker_update
                0x0000000000008af0       0xa4 zephyr/subsys/bluetooth/controller/libsubsys__bluetooth__controller.a(ticker.c.obj)
                0x0000000000008af0                ticker_update
 .text.ticker_yield_abs
                0x0000000000008b94       0x88 zephyr/subsys/bluetooth/controller/libsubsys__bluetooth__controller.a(ticker.c.obj)
                0x0000000000008b94                ticker_yield_abs
 .text.ticker_stop
                0x0000000000008c1c       0x84 zephyr/subsys/bluetooth/controller/libsubsys__bluetooth__controller.a(ticker.c.obj)
                0x0000000000008c1c                ticker_stop
 .text.ticker_ticks_now_get
                0x0000000000008ca0        0x4 zephyr/subsys/bluetooth/controller/libsubsys__bluetooth__controller.a(ticker.c.obj)
                0x0000000000008ca0                ticker_ticks_now_get
 .text.ticker_ticks_diff_get
                0x0000000000008ca4        0x8 zephyr/subsys/bluetooth/controller/libsubsys__bluetooth__controller.a(ticker.c.obj)
                0x0000000000008ca4                ticker_ticks_diff_get
 .text.ll_feat_get
                0x0000000000008cac        0xc zephyr/subsys/bluetooth/controller/libsubsys__bluetooth__controller.a(ll_feat.c.obj)
                0x0000000000008cac                ll_feat_get
 .text.ll_tx_pwr_get
                0x0000000000008cb8        0x8 zephyr/subsys/bluetooth/controller/libsubsys__bluetooth__controller.a(ll_tx_pwr.c.obj)
                0x0000000000008cb8                ll_tx_pwr_get
 .text.ll_addr_set
                0x0000000000008cc0       0x3c zephyr/subsys/bluetooth/controller/libsubsys__bluetooth__controller.a(ll_addr.c.obj)
                0x0000000000008cc0                ll_addr_set
 .text.ll_addr_get
                0x0000000000008cfc       0x20 zephyr/subsys/bluetooth/controller/libsubsys__bluetooth__controller.a(ll_addr.c.obj)
                0x0000000000008cfc                ll_addr_get
 .text.ll_addr_read
                0x0000000000008d1c       0x28 zephyr/subsys/bluetooth/controller/libsubsys__bluetooth__controller.a(ll_addr.c.obj)
                0x0000000000008d1c                ll_addr_read
 .text.perform_lll_reset
                0x0000000000008d44       0xa0 zephyr/subsys/bluetooth/controller/libsubsys__bluetooth__controller.a(ull.c.obj)
 .text.ull_ticker_status_give
                0x0000000000008de4        0xc zephyr/subsys/bluetooth/controller/libsubsys__bluetooth__controller.a(ull.c.obj)
                0x0000000000008de4                ull_ticker_status_give
 .text.disabled_cb
                0x0000000000008df0        0x4 zephyr/subsys/bluetooth/controller/libsubsys__bluetooth__controller.a(ull.c.obj)
 .text.rx_replenish
                0x0000000000008df4       0x88 zephyr/subsys/bluetooth/controller/libsubsys__bluetooth__controller.a(ull.c.obj)
 .text.init_reset
                0x0000000000008e7c      0x138 zephyr/subsys/bluetooth/controller/libsubsys__bluetooth__controller.a(ull.c.obj)
 .text.rx_demux
                0x0000000000008fb4      0x23c zephyr/subsys/bluetooth/controller/libsubsys__bluetooth__controller.a(ull.c.obj)
 .text.ll_init  0x00000000000091f0       0xec zephyr/subsys/bluetooth/controller/libsubsys__bluetooth__controller.a(ull.c.obj)
                0x00000000000091f0                ll_init
 .text.ll_reset
                0x00000000000092dc      0x128 zephyr/subsys/bluetooth/controller/libsubsys__bluetooth__controller.a(ull.c.obj)
                0x00000000000092dc                ll_reset
 .text.ll_deinit
                0x0000000000009404       0x10 zephyr/subsys/bluetooth/controller/libsubsys__bluetooth__controller.a(ull.c.obj)
                0x0000000000009404                ll_deinit
 .text.ll_rx_get
                0x0000000000009414       0xc8 zephyr/subsys/bluetooth/controller/libsubsys__bluetooth__controller.a(ull.c.obj)
                0x0000000000009414                ll_rx_get
 .text.ll_rx_dequeue
                0x00000000000094dc      0x138 zephyr/subsys/bluetooth/controller/libsubsys__bluetooth__controller.a(ull.c.obj)
                0x00000000000094dc                ll_rx_dequeue
 .text.ll_rx_mem_release
                0x0000000000009614      0x1ac zephyr/subsys/bluetooth/controller/libsubsys__bluetooth__controller.a(ull.c.obj)
                0x0000000000009614                ll_rx_mem_release
 .text.ll_rx_link_alloc
                0x00000000000097c0        0xc zephyr/subsys/bluetooth/controller/libsubsys__bluetooth__controller.a(ull.c.obj)
                0x00000000000097c0                ll_rx_link_alloc
 .text.ll_rx_link_release
                0x00000000000097cc        0xc zephyr/subsys/bluetooth/controller/libsubsys__bluetooth__controller.a(ull.c.obj)
                0x00000000000097cc                ll_rx_link_release
 .text.ll_rx_alloc
                0x00000000000097d8        0xc zephyr/subsys/bluetooth/controller/libsubsys__bluetooth__controller.a(ull.c.obj)
                0x00000000000097d8                ll_rx_alloc
 .text.ll_rx_release
                0x00000000000097e4        0xc zephyr/subsys/bluetooth/controller/libsubsys__bluetooth__controller.a(ull.c.obj)
                0x00000000000097e4                ll_rx_release
 .text.ll_rx_put
                0x00000000000097f0        0xc zephyr/subsys/bluetooth/controller/libsubsys__bluetooth__controller.a(ull.c.obj)
                0x00000000000097f0                ll_rx_put
 .text.ll_rx_sched
                0x00000000000097fc        0xc zephyr/subsys/bluetooth/controller/libsubsys__bluetooth__controller.a(ull.c.obj)
                0x00000000000097fc                ll_rx_sched
 .text.ll_rx_put_sched
                0x0000000000009808       0x1c zephyr/subsys/bluetooth/controller/libsubsys__bluetooth__controller.a(ull.c.obj)
                0x0000000000009808                ll_rx_put_sched
 .text.ull_ticker_status_take
                0x0000000000009824       0x24 zephyr/subsys/bluetooth/controller/libsubsys__bluetooth__controller.a(ull.c.obj)
                0x0000000000009824                ull_ticker_status_take
 .text.ull_disable_mark_get
                0x0000000000009848        0xc zephyr/subsys/bluetooth/controller/libsubsys__bluetooth__controller.a(ull.c.obj)
                0x0000000000009848                ull_disable_mark_get
 .text.ull_disable
                0x0000000000009854       0x7c zephyr/subsys/bluetooth/controller/libsubsys__bluetooth__controller.a(ull.c.obj)
                0x0000000000009854                ull_disable
 .text.ull_ticker_stop_with_mark
                0x00000000000098d0       0xa4 zephyr/subsys/bluetooth/controller/libsubsys__bluetooth__controller.a(ull.c.obj)
                0x00000000000098d0                ull_ticker_stop_with_mark
 .text.ull_pdu_rx_alloc_peek
                0x0000000000009974       0x38 zephyr/subsys/bluetooth/controller/libsubsys__bluetooth__controller.a(ull.c.obj)
                0x0000000000009974                ull_pdu_rx_alloc_peek
 .text.ull_pdu_rx_alloc
                0x00000000000099ac       0x2c zephyr/subsys/bluetooth/controller/libsubsys__bluetooth__controller.a(ull.c.obj)
                0x00000000000099ac                ull_pdu_rx_alloc
 .text.ull_rx_put
                0x00000000000099d8        0xc zephyr/subsys/bluetooth/controller/libsubsys__bluetooth__controller.a(ull.c.obj)
                0x00000000000099d8                ull_rx_put
 .text.ull_rx_sched
                0x00000000000099e4       0x10 zephyr/subsys/bluetooth/controller/libsubsys__bluetooth__controller.a(ull.c.obj)
                0x00000000000099e4                ull_rx_sched
 .text.ull_rx_put_sched
                0x00000000000099f4       0x20 zephyr/subsys/bluetooth/controller/libsubsys__bluetooth__controller.a(ull.c.obj)
                0x00000000000099f4                ull_rx_put_sched
 .text.ull_prepare_enqueue
                0x0000000000009a14       0x74 zephyr/subsys/bluetooth/controller/libsubsys__bluetooth__controller.a(ull.c.obj)
                0x0000000000009a14                ull_prepare_enqueue
 .text.ull_prepare_dequeue_get
                0x0000000000009a88       0x1c zephyr/subsys/bluetooth/controller/libsubsys__bluetooth__controller.a(ull.c.obj)
                0x0000000000009a88                ull_prepare_dequeue_get
 .text.ull_prepare_dequeue_iter
                0x0000000000009aa4       0x34 zephyr/subsys/bluetooth/controller/libsubsys__bluetooth__controller.a(ull.c.obj)
                0x0000000000009aa4                ull_prepare_dequeue_iter
 .text.ull_prepare_dequeue
                0x0000000000009ad8      0x130 zephyr/subsys/bluetooth/controller/libsubsys__bluetooth__controller.a(ull.c.obj)
                0x0000000000009ad8                ull_prepare_dequeue
 .text.ull_event_done_extra_get
                0x0000000000009c08       0x1c zephyr/subsys/bluetooth/controller/libsubsys__bluetooth__controller.a(ull.c.obj)
                0x0000000000009c08                ull_event_done_extra_get
 .text.ull_done_extra_type_set
                0x0000000000009c24       0x24 zephyr/subsys/bluetooth/controller/libsubsys__bluetooth__controller.a(ull.c.obj)
                0x0000000000009c24                ull_done_extra_type_set
 .text.ull_event_done
                0x0000000000009c48       0x54 zephyr/subsys/bluetooth/controller/libsubsys__bluetooth__controller.a(ull.c.obj)
                0x0000000000009c48                ull_event_done
 .text.lll_prepare
                0x0000000000009c9c       0x14 zephyr/subsys/bluetooth/controller/libsubsys__bluetooth__controller.a(lll_common.c.obj)
                0x0000000000009c9c                lll_prepare
 .text.lll_resume
                0x0000000000009cb0       0x50 zephyr/subsys/bluetooth/controller/libsubsys__bluetooth__controller.a(lll_common.c.obj)
                0x0000000000009cb0                lll_resume
 .text.hci_driver_close
                0x0000000000009d00       0x50 zephyr/subsys/bluetooth/controller/libsubsys__bluetooth__controller.a(hci_driver.c.obj)
 .text.recv_thread
                0x0000000000009d50       0xe8 zephyr/subsys/bluetooth/controller/libsubsys__bluetooth__controller.a(hci_driver.c.obj)
 .text.prio_recv_thread
                0x0000000000009e38       0x50 zephyr/subsys/bluetooth/controller/libsubsys__bluetooth__controller.a(hci_driver.c.obj)
 .text.hci_driver_open
                0x0000000000009e88       0xb0 zephyr/subsys/bluetooth/controller/libsubsys__bluetooth__controller.a(hci_driver.c.obj)
 .text.hci_driver_send
                0x0000000000009f38       0x68 zephyr/subsys/bluetooth/controller/libsubsys__bluetooth__controller.a(hci_driver.c.obj)
 .text.hci_recv_fifo_reset
                0x0000000000009fa0       0x20 zephyr/subsys/bluetooth/controller/libsubsys__bluetooth__controller.a(hci_driver.c.obj)
                0x0000000000009fa0                hci_recv_fifo_reset
 .text.dup_ext_adv_adi_store
                0x0000000000009fc0       0x6c zephyr/subsys/bluetooth/controller/libsubsys__bluetooth__controller.a(hci.c.obj)
 .text.dup_found
                0x000000000000a02c      0x1cc zephyr/subsys/bluetooth/controller/libsubsys__bluetooth__controller.a(hci.c.obj)
 .text.ext_adv_info_fill.constprop.0
                0x000000000000a1f8       0xf8 zephyr/subsys/bluetooth/controller/libsubsys__bluetooth__controller.a(hci.c.obj)
 .text.ext_adv_pdu_frag.constprop.0
                0x000000000000a2f0       0xe0 zephyr/subsys/bluetooth/controller/libsubsys__bluetooth__controller.a(hci.c.obj)
 .text.ext_adv_data_frag.constprop.0
                0x000000000000a3d0      0x170 zephyr/subsys/bluetooth/controller/libsubsys__bluetooth__controller.a(hci.c.obj)
 .text.le_ext_adv_legacy_report
                0x000000000000a540      0x14c zephyr/subsys/bluetooth/controller/libsubsys__bluetooth__controller.a(hci.c.obj)
 .text.le_ext_adv_report
                0x000000000000a68c      0x6ac zephyr/subsys/bluetooth/controller/libsubsys__bluetooth__controller.a(hci.c.obj)
 .text.hci_vendor_cmd_handle_common
                0x000000000000ad38      0x164 zephyr/subsys/bluetooth/controller/libsubsys__bluetooth__controller.a(hci.c.obj)
                0x000000000000ad38                hci_vendor_cmd_handle_common
 .text.hci_cmd_handle
                0x000000000000ae9c      0x6d4 zephyr/subsys/bluetooth/controller/libsubsys__bluetooth__controller.a(hci.c.obj)
                0x000000000000ae9c                hci_cmd_handle
 .text.hci_evt_encode
                0x000000000000b570      0xa54 zephyr/subsys/bluetooth/controller/libsubsys__bluetooth__controller.a(hci.c.obj)
                0x000000000000b570                hci_evt_encode
 .text.hci_get_class
                0x000000000000bfc4       0x40 zephyr/subsys/bluetooth/controller/libsubsys__bluetooth__controller.a(hci.c.obj)
                0x000000000000bfc4                hci_get_class
 .text.hci_init
                0x000000000000c004       0x44 zephyr/subsys/bluetooth/controller/libsubsys__bluetooth__controller.a(hci.c.obj)
                0x000000000000c004                hci_init
 .text.ticker_cb
                0x000000000000c048      0x1d4 zephyr/subsys/bluetooth/controller/libsubsys__bluetooth__controller.a(ull_scan.c.obj)
 .text.ext_disabled_cb
                0x000000000000c21c       0x10 zephyr/subsys/bluetooth/controller/libsubsys__bluetooth__controller.a(ull_scan.c.obj)
 .text.ticker_stop_ext_op_cb
                0x000000000000c22c       0x48 zephyr/subsys/bluetooth/controller/libsubsys__bluetooth__controller.a(ull_scan.c.obj)
 .text.ext_disable
                0x000000000000c274       0x98 zephyr/subsys/bluetooth/controller/libsubsys__bluetooth__controller.a(ull_scan.c.obj)
 .text.ull_scan_init
                0x000000000000c30c        0x4 zephyr/subsys/bluetooth/controller/libsubsys__bluetooth__controller.a(ull_scan.c.obj)
                0x000000000000c30c                ull_scan_init
 .text.ull_scan_disable
                0x000000000000c310       0xb0 zephyr/subsys/bluetooth/controller/libsubsys__bluetooth__controller.a(ull_scan.c.obj)
                0x000000000000c310                ull_scan_disable
 .text.disable.constprop.0
                0x000000000000c3c0       0x44 zephyr/subsys/bluetooth/controller/libsubsys__bluetooth__controller.a(ull_scan.c.obj)
 .text.ll_scan_enable
                0x000000000000c404      0x184 zephyr/subsys/bluetooth/controller/libsubsys__bluetooth__controller.a(ull_scan.c.obj)
                0x000000000000c404                ll_scan_enable
 .text.ull_scan_reset
                0x000000000000c588       0x20 zephyr/subsys/bluetooth/controller/libsubsys__bluetooth__controller.a(ull_scan.c.obj)
                0x000000000000c588                ull_scan_reset
 .text.ull_scan_done
                0x000000000000c5a8       0xac zephyr/subsys/bluetooth/controller/libsubsys__bluetooth__controller.a(ull_scan.c.obj)
                0x000000000000c5a8                ull_scan_done
 .text.ull_scan_term_dequeue
                0x000000000000c654       0x50 zephyr/subsys/bluetooth/controller/libsubsys__bluetooth__controller.a(ull_scan.c.obj)
                0x000000000000c654                ull_scan_term_dequeue
 .text.ull_scan_set_get
                0x000000000000c6a4       0x10 zephyr/subsys/bluetooth/controller/libsubsys__bluetooth__controller.a(ull_scan.c.obj)
                0x000000000000c6a4                ull_scan_set_get
 .text.ull_scan_handle_get
                0x000000000000c6b4       0x1c zephyr/subsys/bluetooth/controller/libsubsys__bluetooth__controller.a(ull_scan.c.obj)
                0x000000000000c6b4                ull_scan_handle_get
 .text.ull_scan_lll_handle_get
                0x000000000000c6d0       0x1c zephyr/subsys/bluetooth/controller/libsubsys__bluetooth__controller.a(ull_scan.c.obj)
                0x000000000000c6d0                ull_scan_lll_handle_get
 .text.ull_scan_is_valid_get
                0x000000000000c6ec       0x10 zephyr/subsys/bluetooth/controller/libsubsys__bluetooth__controller.a(ull_scan.c.obj)
                0x000000000000c6ec                ull_scan_is_valid_get
 .text.ull_scan_lll_is_valid_get
                0x000000000000c6fc       0x14 zephyr/subsys/bluetooth/controller/libsubsys__bluetooth__controller.a(ull_scan.c.obj)
                0x000000000000c6fc                ull_scan_lll_is_valid_get
 .text.ull_scan_is_enabled
                0x000000000000c710       0x40 zephyr/subsys/bluetooth/controller/libsubsys__bluetooth__controller.a(ull_scan.c.obj)
                0x000000000000c710                ull_scan_is_enabled
 .text.aux_sync_partial
                0x000000000000c750       0x48 zephyr/subsys/bluetooth/controller/libsubsys__bluetooth__controller.a(ull_scan_aux.c.obj)
 .text.ticker_op_cb
                0x000000000000c798       0xb8 zephyr/subsys/bluetooth/controller/libsubsys__bluetooth__controller.a(ull_scan_aux.c.obj)
 .text.ticker_cb
                0x000000000000c850       0x94 zephyr/subsys/bluetooth/controller/libsubsys__bluetooth__controller.a(ull_scan_aux.c.obj)
 .text.flush    0x000000000000c8e4       0xec zephyr/subsys/bluetooth/controller/libsubsys__bluetooth__controller.a(ull_scan_aux.c.obj)
 .text.aux_sync_incomplete
                0x000000000000c9d0       0xec zephyr/subsys/bluetooth/controller/libsubsys__bluetooth__controller.a(ull_scan_aux.c.obj)
 .text.flush_safe
                0x000000000000cabc       0xa8 zephyr/subsys/bluetooth/controller/libsubsys__bluetooth__controller.a(ull_scan_aux.c.obj)
 .text.done_disabled_cb
                0x000000000000cb64       0x44 zephyr/subsys/bluetooth/controller/libsubsys__bluetooth__controller.a(ull_scan_aux.c.obj)
 .text.ull_scan_aux_init
                0x000000000000cba8       0x1c zephyr/subsys/bluetooth/controller/libsubsys__bluetooth__controller.a(ull_scan_aux.c.obj)
                0x000000000000cba8                ull_scan_aux_init
 .text.ull_scan_aux_reset
                0x000000000000cbc4       0x1c zephyr/subsys/bluetooth/controller/libsubsys__bluetooth__controller.a(ull_scan_aux.c.obj)
                0x000000000000cbc4                ull_scan_aux_reset
 .text.ull_scan_aux_done
                0x000000000000cbe0       0xe8 zephyr/subsys/bluetooth/controller/libsubsys__bluetooth__controller.a(ull_scan_aux.c.obj)
                0x000000000000cbe0                ull_scan_aux_done
 .text.ull_scan_aux_set_get
                0x000000000000ccc8       0x10 zephyr/subsys/bluetooth/controller/libsubsys__bluetooth__controller.a(ull_scan_aux.c.obj)
                0x000000000000ccc8                ull_scan_aux_set_get
 .text.ull_scan_aux_lll_handle_get
                0x000000000000ccd8       0x14 zephyr/subsys/bluetooth/controller/libsubsys__bluetooth__controller.a(ull_scan_aux.c.obj)
                0x000000000000ccd8                ull_scan_aux_lll_handle_get
 .text.ull_scan_aux_lll_parent_get
                0x000000000000ccec       0x48 zephyr/subsys/bluetooth/controller/libsubsys__bluetooth__controller.a(ull_scan_aux.c.obj)
                0x000000000000ccec                ull_scan_aux_lll_parent_get
 .text.ull_scan_aux_lll_is_valid_get
                0x000000000000cd34       0x14 zephyr/subsys/bluetooth/controller/libsubsys__bluetooth__controller.a(ull_scan_aux.c.obj)
                0x000000000000cd34                ull_scan_aux_lll_is_valid_get
 .text.ull_scan_aux_release
                0x000000000000cd48      0x114 zephyr/subsys/bluetooth/controller/libsubsys__bluetooth__controller.a(ull_scan_aux.c.obj)
                0x000000000000cd48                ull_scan_aux_release
 .text.ull_scan_aux_stop
                0x000000000000ce5c       0xc0 zephyr/subsys/bluetooth/controller/libsubsys__bluetooth__controller.a(ull_scan_aux.c.obj)
                0x000000000000ce5c                ull_scan_aux_stop
 .text.ticker_cb
                0x000000000000cf1c       0xb4 zephyr/subsys/bluetooth/controller/libsubsys__bluetooth__controller.a(ull_sync.c.obj)
 .text.sync_expire
                0x000000000000cfd0       0x24 zephyr/subsys/bluetooth/controller/libsubsys__bluetooth__controller.a(ull_sync.c.obj)
 .text.sync_ticker_cleanup
                0x000000000000cff4       0x60 zephyr/subsys/bluetooth/controller/libsubsys__bluetooth__controller.a(ull_sync.c.obj)
 .text.ticker_update_op_status_give
                0x000000000000d054        0xc zephyr/subsys/bluetooth/controller/libsubsys__bluetooth__controller.a(ull_sync.c.obj)
 .text.ticker_start_op_cb
                0x000000000000d060       0x34 zephyr/subsys/bluetooth/controller/libsubsys__bluetooth__controller.a(ull_sync.c.obj)
 .text.ticker_stop_sync_expire_op_cb
                0x000000000000d094       0x6c zephyr/subsys/bluetooth/controller/libsubsys__bluetooth__controller.a(ull_sync.c.obj)
 .text.ticker_update_op_cb
                0x000000000000d100       0x3c zephyr/subsys/bluetooth/controller/libsubsys__bluetooth__controller.a(ull_sync.c.obj)
 .text.ticker_stop_sync_lost_op_cb
                0x000000000000d13c       0x74 zephyr/subsys/bluetooth/controller/libsubsys__bluetooth__controller.a(ull_sync.c.obj)
 .text.sync_lost
                0x000000000000d1b0       0x64 zephyr/subsys/bluetooth/controller/libsubsys__bluetooth__controller.a(ull_sync.c.obj)
 .text.ll_sync_terminate.part.0
                0x000000000000d214       0xe8 zephyr/subsys/bluetooth/controller/libsubsys__bluetooth__controller.a(ull_sync.c.obj)
 .text.ll_sync_create
                0x000000000000d2fc      0x1a4 zephyr/subsys/bluetooth/controller/libsubsys__bluetooth__controller.a(ull_sync.c.obj)
                0x000000000000d2fc                ll_sync_create
 .text.ll_sync_create_cancel
                0x000000000000d4a0       0xe8 zephyr/subsys/bluetooth/controller/libsubsys__bluetooth__controller.a(ull_sync.c.obj)
                0x000000000000d4a0                ll_sync_create_cancel
 .text.ll_sync_terminate
                0x000000000000d588       0x18 zephyr/subsys/bluetooth/controller/libsubsys__bluetooth__controller.a(ull_sync.c.obj)
                0x000000000000d588                ll_sync_terminate
 .text.ll_sync_recv_enable
                0x000000000000d5a0       0x2c zephyr/subsys/bluetooth/controller/libsubsys__bluetooth__controller.a(ull_sync.c.obj)
                0x000000000000d5a0                ll_sync_recv_enable
 .text.ull_sync_init
                0x000000000000d5cc       0x28 zephyr/subsys/bluetooth/controller/libsubsys__bluetooth__controller.a(ull_sync.c.obj)
                0x000000000000d5cc                ull_sync_init
 .text.ull_sync_reset
                0x000000000000d5f4       0x44 zephyr/subsys/bluetooth/controller/libsubsys__bluetooth__controller.a(ull_sync.c.obj)
                0x000000000000d5f4                ull_sync_reset
 .text.ull_sync_is_enabled_get
                0x000000000000d638       0x1c zephyr/subsys/bluetooth/controller/libsubsys__bluetooth__controller.a(ull_sync.c.obj)
                0x000000000000d638                ull_sync_is_enabled_get
 .text.ull_sync_is_valid_get
                0x000000000000d654       0x10 zephyr/subsys/bluetooth/controller/libsubsys__bluetooth__controller.a(ull_sync.c.obj)
                0x000000000000d654                ull_sync_is_valid_get
 .text.ull_sync_lll_is_valid_get
                0x000000000000d664       0x14 zephyr/subsys/bluetooth/controller/libsubsys__bluetooth__controller.a(ull_sync.c.obj)
                0x000000000000d664                ull_sync_lll_is_valid_get
 .text.ull_sync_handle_get
                0x000000000000d678        0xc zephyr/subsys/bluetooth/controller/libsubsys__bluetooth__controller.a(ull_sync.c.obj)
                0x000000000000d678                ull_sync_handle_get
 .text.ull_sync_lll_handle_get
                0x000000000000d684       0x10 zephyr/subsys/bluetooth/controller/libsubsys__bluetooth__controller.a(ull_sync.c.obj)
                0x000000000000d684                ull_sync_lll_handle_get
 .text.ull_sync_release
                0x000000000000d694       0x3c zephyr/subsys/bluetooth/controller/libsubsys__bluetooth__controller.a(ull_sync.c.obj)
                0x000000000000d694                ull_sync_release
 .text.ull_sync_setup_addr_check
                0x000000000000d6d0       0x68 zephyr/subsys/bluetooth/controller/libsubsys__bluetooth__controller.a(ull_sync.c.obj)
                0x000000000000d6d0                ull_sync_setup_addr_check
 .text.ull_sync_setup_sid_match
                0x000000000000d738       0x44 zephyr/subsys/bluetooth/controller/libsubsys__bluetooth__controller.a(ull_sync.c.obj)
                0x000000000000d738                ull_sync_setup_sid_match
 .text.ull_sync_setup_reset
                0x000000000000d77c        0x8 zephyr/subsys/bluetooth/controller/libsubsys__bluetooth__controller.a(ull_sync.c.obj)
                0x000000000000d77c                ull_sync_setup_reset
 .text.ull_sync_established_report
                0x000000000000d784       0x9c zephyr/subsys/bluetooth/controller/libsubsys__bluetooth__controller.a(ull_sync.c.obj)
                0x000000000000d784                ull_sync_established_report
 .text.ull_sync_done
                0x000000000000d820      0x194 zephyr/subsys/bluetooth/controller/libsubsys__bluetooth__controller.a(ull_sync.c.obj)
                0x000000000000d820                ull_sync_done
 .text.ull_sync_chm_update
                0x000000000000d9b4       0xd8 zephyr/subsys/bluetooth/controller/libsubsys__bluetooth__controller.a(ull_sync.c.obj)
                0x000000000000d9b4                ull_sync_chm_update
 .text.ll_df_set_cl_iq_sampling_enable
                0x000000000000da8c      0x11c zephyr/subsys/bluetooth/controller/libsubsys__bluetooth__controller.a(ull_df.c.obj)
                0x000000000000da8c                ll_df_set_cl_iq_sampling_enable
 .text.ull_df_sync_cfg_init
                0x000000000000dba8       0x18 zephyr/subsys/bluetooth/controller/libsubsys__bluetooth__controller.a(ull_df.c.obj)
                0x000000000000dba8                ull_df_sync_cfg_init
 .text.ull_df_sync_cfg_is_not_enabled
                0x000000000000dbc0       0x1c zephyr/subsys/bluetooth/controller/libsubsys__bluetooth__controller.a(ull_df.c.obj)
                0x000000000000dbc0                ull_df_sync_cfg_is_not_enabled
 .text.ull_df_iq_report_alloc_peek
                0x000000000000dbdc       0x38 zephyr/subsys/bluetooth/controller/libsubsys__bluetooth__controller.a(ull_df.c.obj)
                0x000000000000dbdc                ull_df_iq_report_alloc_peek
 .text.ull_df_iq_report_alloc
                0x000000000000dc14       0x2c zephyr/subsys/bluetooth/controller/libsubsys__bluetooth__controller.a(ull_df.c.obj)
                0x000000000000dc14                ull_df_iq_report_alloc
 .text.ull_df_iq_report_mem_release
                0x000000000000dc40        0xc zephyr/subsys/bluetooth/controller/libsubsys__bluetooth__controller.a(ull_df.c.obj)
                0x000000000000dc40                ull_df_iq_report_mem_release
 .text.ull_iq_report_link_inc_quota
                0x000000000000dc4c       0x4c zephyr/subsys/bluetooth/controller/libsubsys__bluetooth__controller.a(ull_df.c.obj)
                0x000000000000dc4c                ull_iq_report_link_inc_quota
 .text.ull_df_rx_iq_report_alloc
                0x000000000000dc98       0x78 zephyr/subsys/bluetooth/controller/libsubsys__bluetooth__controller.a(ull_df.c.obj)
                0x000000000000dc98                ull_df_rx_iq_report_alloc
 .text.ull_df_reset
                0x000000000000dd10       0x34 zephyr/subsys/bluetooth/controller/libsubsys__bluetooth__controller.a(ull_df.c.obj)
                0x000000000000dd10                ull_df_reset
 .text.ull_df_init
                0x000000000000dd44       0x34 zephyr/subsys/bluetooth/controller/libsubsys__bluetooth__controller.a(ull_df.c.obj)
                0x000000000000dd44                ull_df_init
 .text.ll_df_read_ant_inf
                0x000000000000dd78       0x20 zephyr/subsys/bluetooth/controller/libsubsys__bluetooth__controller.a(ull_df.c.obj)
                0x000000000000dd78                ll_df_read_ant_inf
 .text.ull_chan_reset
                0x000000000000dd98       0x20 zephyr/subsys/bluetooth/controller/libsubsys__bluetooth__controller.a(ull_chan.c.obj)
                0x000000000000dd98                ull_chan_reset
 .text.lll_chan_id
                0x000000000000ddb8        0x8 zephyr/subsys/bluetooth/controller/libsubsys__bluetooth__controller.a(lll_chan.c.obj)
                0x000000000000ddb8                lll_chan_id
 .text.lll_chan_sel_2
                0x000000000000ddc0       0xe0 zephyr/subsys/bluetooth/controller/libsubsys__bluetooth__controller.a(lll_chan.c.obj)
                0x000000000000ddc0                lll_chan_sel_2
 .text.pal_find
                0x000000000000dea0       0x70 zephyr/subsys/bluetooth/controller/libsubsys__bluetooth__controller.a(ull_filter.c.obj)
 .text.ll_pal_size_get
                0x000000000000df10        0x4 zephyr/subsys/bluetooth/controller/libsubsys__bluetooth__controller.a(ull_filter.c.obj)
                0x000000000000df10                ll_pal_size_get
 .text.ll_pal_clear
                0x000000000000df14       0x60 zephyr/subsys/bluetooth/controller/libsubsys__bluetooth__controller.a(ull_filter.c.obj)
                0x000000000000df14                ll_pal_clear
 .text.ll_pal_add
                0x000000000000df74       0x84 zephyr/subsys/bluetooth/controller/libsubsys__bluetooth__controller.a(ull_filter.c.obj)
                0x000000000000df74                ll_pal_add
 .text.ll_pal_remove
                0x000000000000dff8       0x3c zephyr/subsys/bluetooth/controller/libsubsys__bluetooth__controller.a(ull_filter.c.obj)
                0x000000000000dff8                ll_pal_remove
 .text.ull_filter_ull_pal_addr_match
                0x000000000000e034       0x50 zephyr/subsys/bluetooth/controller/libsubsys__bluetooth__controller.a(ull_filter.c.obj)
                0x000000000000e034                ull_filter_ull_pal_addr_match
 .text.ull_filter_ull_pal_match
                0x000000000000e084       0x58 zephyr/subsys/bluetooth/controller/libsubsys__bluetooth__controller.a(ull_filter.c.obj)
                0x000000000000e084                ull_filter_ull_pal_match
 .text.bt_rand  0x000000000000e0dc        0x4 zephyr/subsys/bluetooth/controller/libsubsys__bluetooth__controller.a(crypto.c.obj)
                0x000000000000e0dc                bt_rand
 .text.radio_nrf5_isr
                0x000000000000e0e0       0x1c zephyr/subsys/bluetooth/controller/ll_sw/nordic/libsubsys__bluetooth__controller__ll_sw__nordic.a(lll.c.obj)
                0x000000000000e0e0                radio_nrf5_isr
 .text.rtc0_nrf5_isr
                0x000000000000e0fc       0x30 zephyr/subsys/bluetooth/controller/ll_sw/nordic/libsubsys__bluetooth__controller__ll_sw__nordic.a(lll.c.obj)
 .text.swi_lll_nrf5_isr
                0x000000000000e12c        0x8 zephyr/subsys/bluetooth/controller/ll_sw/nordic/libsubsys__bluetooth__controller__ll_sw__nordic.a(lll.c.obj)
 .text.ticker_start_op_cb
                0x000000000000e134       0xb0 zephyr/subsys/bluetooth/controller/ll_sw/nordic/libsubsys__bluetooth__controller__ll_sw__nordic.a(lll.c.obj)
 .text.ticker_stop_op_cb
                0x000000000000e1e4       0x8c zephyr/subsys/bluetooth/controller/ll_sw/nordic/libsubsys__bluetooth__controller__ll_sw__nordic.a(lll.c.obj)
 .text.isr_race
                0x000000000000e270        0x4 zephyr/subsys/bluetooth/controller/ll_sw/nordic/libsubsys__bluetooth__controller__ll_sw__nordic.a(lll.c.obj)
 .text.preempt_ticker_cb
                0x000000000000e274       0x84 zephyr/subsys/bluetooth/controller/ll_sw/nordic/libsubsys__bluetooth__controller__ll_sw__nordic.a(lll.c.obj)
 .text.preempt_ticker_start
                0x000000000000e2f8      0x188 zephyr/subsys/bluetooth/controller/ll_sw/nordic/libsubsys__bluetooth__controller__ll_sw__nordic.a(lll.c.obj)
 .text.preempt  0x000000000000e480      0x208 zephyr/subsys/bluetooth/controller/ll_sw/nordic/libsubsys__bluetooth__controller__ll_sw__nordic.a(lll.c.obj)
 .text.lll_init
                0x000000000000e688       0x60 zephyr/subsys/bluetooth/controller/ll_sw/nordic/libsubsys__bluetooth__controller__ll_sw__nordic.a(lll.c.obj)
                0x000000000000e688                lll_init
 .text.lll_deinit
                0x000000000000e6e8       0x20 zephyr/subsys/bluetooth/controller/ll_sw/nordic/libsubsys__bluetooth__controller__ll_sw__nordic.a(lll.c.obj)
                0x000000000000e6e8                lll_deinit
 .text.lll_csrand_get
                0x000000000000e708       0x14 zephyr/subsys/bluetooth/controller/ll_sw/nordic/libsubsys__bluetooth__controller__ll_sw__nordic.a(lll.c.obj)
                0x000000000000e708                lll_csrand_get
 .text.lll_reset
                0x000000000000e71c        0x4 zephyr/subsys/bluetooth/controller/ll_sw/nordic/libsubsys__bluetooth__controller__ll_sw__nordic.a(lll.c.obj)
                0x000000000000e71c                lll_reset
 .text.lll_disable
                0x000000000000e720       0xa8 zephyr/subsys/bluetooth/controller/ll_sw/nordic/libsubsys__bluetooth__controller__ll_sw__nordic.a(lll.c.obj)
                0x000000000000e720                lll_disable
 .text.lll_prepare_done
                0x000000000000e7c8        0x4 zephyr/subsys/bluetooth/controller/ll_sw/nordic/libsubsys__bluetooth__controller__ll_sw__nordic.a(lll.c.obj)
                0x000000000000e7c8                lll_prepare_done
 .text.lll_done
                0x000000000000e7cc       0xac zephyr/subsys/bluetooth/controller/ll_sw/nordic/libsubsys__bluetooth__controller__ll_sw__nordic.a(lll.c.obj)
                0x000000000000e7cc                lll_done
 .text.lll_is_done
                0x000000000000e878       0x1c zephyr/subsys/bluetooth/controller/ll_sw/nordic/libsubsys__bluetooth__controller__ll_sw__nordic.a(lll.c.obj)
                0x000000000000e878                lll_is_done
 .text.lll_event_offset_get
                0x000000000000e894       0x1c zephyr/subsys/bluetooth/controller/ll_sw/nordic/libsubsys__bluetooth__controller__ll_sw__nordic.a(lll.c.obj)
                0x000000000000e894                lll_event_offset_get
 .text.lll_preempt_calc
                0x000000000000e8b0       0x24 zephyr/subsys/bluetooth/controller/ll_sw/nordic/libsubsys__bluetooth__controller__ll_sw__nordic.a(lll.c.obj)
                0x000000000000e8b0                lll_preempt_calc
 .text.lll_chan_set
                0x000000000000e8d4       0x88 zephyr/subsys/bluetooth/controller/ll_sw/nordic/libsubsys__bluetooth__controller__ll_sw__nordic.a(lll.c.obj)
                0x000000000000e8d4                lll_chan_set
 .text.lll_radio_rx_ready_delay_get
                0x000000000000e95c        0x4 zephyr/subsys/bluetooth/controller/ll_sw/nordic/libsubsys__bluetooth__controller__ll_sw__nordic.a(lll.c.obj)
                0x000000000000e95c                lll_radio_rx_ready_delay_get
 .text.lll_isr_tx_status_reset
                0x000000000000e960       0x10 zephyr/subsys/bluetooth/controller/ll_sw/nordic/libsubsys__bluetooth__controller__ll_sw__nordic.a(lll.c.obj)
                0x000000000000e960                lll_isr_tx_status_reset
 .text.lll_isr_rx_status_reset
                0x000000000000e970       0x14 zephyr/subsys/bluetooth/controller/ll_sw/nordic/libsubsys__bluetooth__controller__ll_sw__nordic.a(lll.c.obj)
                0x000000000000e970                lll_isr_rx_status_reset
 .text.lll_isr_status_reset
                0x000000000000e984       0x18 zephyr/subsys/bluetooth/controller/ll_sw/nordic/libsubsys__bluetooth__controller__ll_sw__nordic.a(lll.c.obj)
                0x000000000000e984                lll_isr_status_reset
 .text.lll_isr_cleanup
                0x000000000000e99c       0x78 zephyr/subsys/bluetooth/controller/ll_sw/nordic/libsubsys__bluetooth__controller__ll_sw__nordic.a(lll.c.obj)
                0x000000000000e99c                lll_isr_cleanup
 .text.lll_prepare_resolve
                0x000000000000ea14      0x1b4 zephyr/subsys/bluetooth/controller/ll_sw/nordic/libsubsys__bluetooth__controller__ll_sw__nordic.a(lll.c.obj)
                0x000000000000ea14                lll_prepare_resolve
 .text.lll_clock_init
                0x000000000000ebc8       0x20 zephyr/subsys/bluetooth/controller/ll_sw/nordic/libsubsys__bluetooth__controller__ll_sw__nordic.a(lll_clock.c.obj)
                0x000000000000ebc8                lll_clock_init
 .text.lll_clock_deinit
                0x000000000000ebe8       0x20 zephyr/subsys/bluetooth/controller/ll_sw/nordic/libsubsys__bluetooth__controller__ll_sw__nordic.a(lll_clock.c.obj)
                0x000000000000ebe8                lll_clock_deinit
 .text.lll_hfclock_on
                0x000000000000ec08       0x30 zephyr/subsys/bluetooth/controller/ll_sw/nordic/libsubsys__bluetooth__controller__ll_sw__nordic.a(lll_clock.c.obj)
                0x000000000000ec08                lll_hfclock_on
 .text.lll_hfclock_off
                0x000000000000ec38       0x38 zephyr/subsys/bluetooth/controller/ll_sw/nordic/libsubsys__bluetooth__controller__ll_sw__nordic.a(lll_clock.c.obj)
                0x000000000000ec38                lll_hfclock_off
 .text.lll_clock_ppm_local_get
                0x000000000000ec70        0x4 zephyr/subsys/bluetooth/controller/ll_sw/nordic/libsubsys__bluetooth__controller__ll_sw__nordic.a(lll_clock.c.obj)
                0x000000000000ec70                lll_clock_ppm_local_get
 .text.lll_clock_ppm_get
                0x000000000000ec74        0xc zephyr/subsys/bluetooth/controller/ll_sw/nordic/libsubsys__bluetooth__controller__ll_sw__nordic.a(lll_clock.c.obj)
                0x000000000000ec74                lll_clock_ppm_get
 .text.prepare_cb
                0x000000000000ec80        0x8 zephyr/subsys/bluetooth/controller/ll_sw/nordic/libsubsys__bluetooth__controller__ll_sw__nordic.a(lll_scan.c.obj)
 .text.isr_common_done
                0x000000000000ec88       0x90 zephyr/subsys/bluetooth/controller/ll_sw/nordic/libsubsys__bluetooth__controller__ll_sw__nordic.a(lll_scan.c.obj)
 .text.isr_abort
                0x000000000000ed18       0x54 zephyr/subsys/bluetooth/controller/ll_sw/nordic/libsubsys__bluetooth__controller__ll_sw__nordic.a(lll_scan.c.obj)
 .text.isr_done
                0x000000000000ed6c       0x14 zephyr/subsys/bluetooth/controller/ll_sw/nordic/libsubsys__bluetooth__controller__ll_sw__nordic.a(lll_scan.c.obj)
 .text.isr_tx   0x000000000000ed80       0xa8 zephyr/subsys/bluetooth/controller/ll_sw/nordic/libsubsys__bluetooth__controller__ll_sw__nordic.a(lll_scan.c.obj)
 .text.isr_done_cleanup
                0x000000000000ee28       0xe8 zephyr/subsys/bluetooth/controller/ll_sw/nordic/libsubsys__bluetooth__controller__ll_sw__nordic.a(lll_scan.c.obj)
 .text.is_abort_cb
                0x000000000000ef10       0x8c zephyr/subsys/bluetooth/controller/ll_sw/nordic/libsubsys__bluetooth__controller__ll_sw__nordic.a(lll_scan.c.obj)
 .text.resume_prepare_cb
                0x000000000000ef9c       0x2c zephyr/subsys/bluetooth/controller/ll_sw/nordic/libsubsys__bluetooth__controller__ll_sw__nordic.a(lll_scan.c.obj)
 .text.isr_window
                0x000000000000efc8       0x44 zephyr/subsys/bluetooth/controller/ll_sw/nordic/libsubsys__bluetooth__controller__ll_sw__nordic.a(lll_scan.c.obj)
 .text.ticker_op_start_cb
                0x000000000000f00c       0x34 zephyr/subsys/bluetooth/controller/ll_sw/nordic/libsubsys__bluetooth__controller__ll_sw__nordic.a(lll_scan.c.obj)
 .text.ticker_stop_cb
                0x000000000000f040       0x48 zephyr/subsys/bluetooth/controller/ll_sw/nordic/libsubsys__bluetooth__controller__ll_sw__nordic.a(lll_scan.c.obj)
 .text.abort_cb
                0x000000000000f088       0x60 zephyr/subsys/bluetooth/controller/ll_sw/nordic/libsubsys__bluetooth__controller__ll_sw__nordic.a(lll_scan.c.obj)
 .text.isr_rx_scan_report.constprop.0
                0x000000000000f0e8      0x11c zephyr/subsys/bluetooth/controller/ll_sw/nordic/libsubsys__bluetooth__controller__ll_sw__nordic.a(lll_scan.c.obj)
 .text.lll_scan_init
                0x000000000000f204        0x4 zephyr/subsys/bluetooth/controller/ll_sw/nordic/libsubsys__bluetooth__controller__ll_sw__nordic.a(lll_scan.c.obj)
                0x000000000000f204                lll_scan_init
 .text.lll_scan_reset
                0x000000000000f208        0x4 zephyr/subsys/bluetooth/controller/ll_sw/nordic/libsubsys__bluetooth__controller__ll_sw__nordic.a(lll_scan.c.obj)
                0x000000000000f208                lll_scan_reset
 .text.lll_scan_prepare
                0x000000000000f20c       0x80 zephyr/subsys/bluetooth/controller/ll_sw/nordic/libsubsys__bluetooth__controller__ll_sw__nordic.a(lll_scan.c.obj)
                0x000000000000f20c                lll_scan_prepare
 .text.lll_scan_isr_resume
                0x000000000000f28c       0x34 zephyr/subsys/bluetooth/controller/ll_sw/nordic/libsubsys__bluetooth__controller__ll_sw__nordic.a(lll_scan.c.obj)
                0x000000000000f28c                lll_scan_isr_resume
 .text.lll_scan_isr_rx_check
                0x000000000000f2c0       0x14 zephyr/subsys/bluetooth/controller/ll_sw/nordic/libsubsys__bluetooth__controller__ll_sw__nordic.a(lll_scan.c.obj)
                0x000000000000f2c0                lll_scan_isr_rx_check
 .text.lll_scan_ext_tgta_check
                0x000000000000f2d4       0x84 zephyr/subsys/bluetooth/controller/ll_sw/nordic/libsubsys__bluetooth__controller__ll_sw__nordic.a(lll_scan.c.obj)
                0x000000000000f2d4                lll_scan_ext_tgta_check
 .text.isr_rx   0x000000000000f358      0x2f8 zephyr/subsys/bluetooth/controller/ll_sw/nordic/libsubsys__bluetooth__controller__ll_sw__nordic.a(lll_scan.c.obj)
 .text.isr_done
                0x000000000000f650       0xb4 zephyr/subsys/bluetooth/controller/ll_sw/nordic/libsubsys__bluetooth__controller__ll_sw__nordic.a(lll_scan_aux.c.obj)
 .text.isr_tx   0x000000000000f704       0x9c zephyr/subsys/bluetooth/controller/ll_sw/nordic/libsubsys__bluetooth__controller__ll_sw__nordic.a(lll_scan_aux.c.obj)
 .text.isr_tx_scan_req_lll_schedule
                0x000000000000f7a0       0x50 zephyr/subsys/bluetooth/controller/ll_sw/nordic/libsubsys__bluetooth__controller__ll_sw__nordic.a(lll_scan_aux.c.obj)
 .text.isr_tx_scan_req_ull_schedule
                0x000000000000f7f0       0x50 zephyr/subsys/bluetooth/controller/ll_sw/nordic/libsubsys__bluetooth__controller__ll_sw__nordic.a(lll_scan_aux.c.obj)
 .text.abort_cb
                0x000000000000f840       0x98 zephyr/subsys/bluetooth/controller/ll_sw/nordic/libsubsys__bluetooth__controller__ll_sw__nordic.a(lll_scan_aux.c.obj)
 .text.is_abort_cb
                0x000000000000f8d8       0x48 zephyr/subsys/bluetooth/controller/ll_sw/nordic/libsubsys__bluetooth__controller__ll_sw__nordic.a(lll_scan_aux.c.obj)
 .text.lll_scan_aux_isr_aux_setup
                0x000000000000f920      0x154 zephyr/subsys/bluetooth/controller/ll_sw/nordic/libsubsys__bluetooth__controller__ll_sw__nordic.a(lll_scan_aux.c.obj)
                0x000000000000f920                lll_scan_aux_isr_aux_setup
 .text.lll_scan_aux_prepare
                0x000000000000fa74       0x80 zephyr/subsys/bluetooth/controller/ll_sw/nordic/libsubsys__bluetooth__controller__ll_sw__nordic.a(lll_scan_aux.c.obj)
                0x000000000000fa74                lll_scan_aux_prepare
 .text.lll_scan_aux_setup
                0x000000000000faf4      0x17c zephyr/subsys/bluetooth/controller/ll_sw/nordic/libsubsys__bluetooth__controller__ll_sw__nordic.a(lll_scan_aux.c.obj)
                0x000000000000faf4                lll_scan_aux_setup
 .text.isr_rx   0x000000000000fc70      0x448 zephyr/subsys/bluetooth/controller/ll_sw/nordic/libsubsys__bluetooth__controller__ll_sw__nordic.a(lll_scan_aux.c.obj)
 .text.isr_rx_ull_schedule
                0x00000000000100b8       0x1c zephyr/subsys/bluetooth/controller/ll_sw/nordic/libsubsys__bluetooth__controller__ll_sw__nordic.a(lll_scan_aux.c.obj)
 .text.isr_rx_lll_schedule
                0x00000000000100d4       0x18 zephyr/subsys/bluetooth/controller/ll_sw/nordic/libsubsys__bluetooth__controller__ll_sw__nordic.a(lll_scan_aux.c.obj)
 .text.lll_scan_aux_addr_match_get
                0x00000000000100ec        0x8 zephyr/subsys/bluetooth/controller/ll_sw/nordic/libsubsys__bluetooth__controller__ll_sw__nordic.a(lll_scan_aux.c.obj)
                0x00000000000100ec                lll_scan_aux_addr_match_get
 .text.isr_aux_setup
                0x00000000000100f4      0x1bc zephyr/subsys/bluetooth/controller/ll_sw/nordic/libsubsys__bluetooth__controller__ll_sw__nordic.a(lll_sync.c.obj)
 .text.iq_report_create_put
                0x00000000000102b0      0x12c zephyr/subsys/bluetooth/controller/ll_sw/nordic/libsubsys__bluetooth__controller__ll_sw__nordic.a(lll_sync.c.obj)
 .text.isr_rx   0x00000000000103dc      0x14c zephyr/subsys/bluetooth/controller/ll_sw/nordic/libsubsys__bluetooth__controller__ll_sw__nordic.a(lll_sync.c.obj)
 .text.isr_rx_done_cleanup
                0x0000000000010528       0xa0 zephyr/subsys/bluetooth/controller/ll_sw/nordic/libsubsys__bluetooth__controller__ll_sw__nordic.a(lll_sync.c.obj)
 .text.isr_done
                0x00000000000105c8       0x78 zephyr/subsys/bluetooth/controller/ll_sw/nordic/libsubsys__bluetooth__controller__ll_sw__nordic.a(lll_sync.c.obj)
 .text.isr_rx_adv_sync
                0x0000000000010640       0x80 zephyr/subsys/bluetooth/controller/ll_sw/nordic/libsubsys__bluetooth__controller__ll_sw__nordic.a(lll_sync.c.obj)
 .text.abort_cb
                0x00000000000106c0       0xa0 zephyr/subsys/bluetooth/controller/ll_sw/nordic/libsubsys__bluetooth__controller__ll_sw__nordic.a(lll_sync.c.obj)
 .text.is_abort_cb
                0x0000000000010760       0x48 zephyr/subsys/bluetooth/controller/ll_sw/nordic/libsubsys__bluetooth__controller__ll_sw__nordic.a(lll_sync.c.obj)
 .text.prepare  0x00000000000107a8       0x50 zephyr/subsys/bluetooth/controller/ll_sw/nordic/libsubsys__bluetooth__controller__ll_sw__nordic.a(lll_sync.c.obj)
 .text.isr_rx_adv_sync_estab
                0x00000000000107f8      0x154 zephyr/subsys/bluetooth/controller/ll_sw/nordic/libsubsys__bluetooth__controller__ll_sw__nordic.a(lll_sync.c.obj)
 .text.data_channel_calc.constprop.0
                0x000000000001094c       0x4c zephyr/subsys/bluetooth/controller/ll_sw/nordic/libsubsys__bluetooth__controller__ll_sw__nordic.a(lll_sync.c.obj)
 .text.isr_rx_aux_chain
                0x0000000000010998      0x1a0 zephyr/subsys/bluetooth/controller/ll_sw/nordic/libsubsys__bluetooth__controller__ll_sw__nordic.a(lll_sync.c.obj)
 .text.prepare_cb
                0x0000000000010b38       0xc0 zephyr/subsys/bluetooth/controller/ll_sw/nordic/libsubsys__bluetooth__controller__ll_sw__nordic.a(lll_sync.c.obj)
 .text.create_prepare_cb
                0x0000000000010bf8       0xc4 zephyr/subsys/bluetooth/controller/ll_sw/nordic/libsubsys__bluetooth__controller__ll_sw__nordic.a(lll_sync.c.obj)
 .text.lll_sync_init
                0x0000000000010cbc        0x4 zephyr/subsys/bluetooth/controller/ll_sw/nordic/libsubsys__bluetooth__controller__ll_sw__nordic.a(lll_sync.c.obj)
                0x0000000000010cbc                lll_sync_init
 .text.lll_sync_create_prepare
                0x0000000000010cc0       0x5c zephyr/subsys/bluetooth/controller/ll_sw/nordic/libsubsys__bluetooth__controller__ll_sw__nordic.a(lll_sync.c.obj)
                0x0000000000010cc0                lll_sync_create_prepare
 .text.lll_sync_prepare
                0x0000000000010d1c       0x5c zephyr/subsys/bluetooth/controller/ll_sw/nordic/libsubsys__bluetooth__controller__ll_sw__nordic.a(lll_sync.c.obj)
                0x0000000000010d1c                lll_sync_prepare
 .text.lll_sync_aux_prepare_cb
                0x0000000000010d78      0x114 zephyr/subsys/bluetooth/controller/ll_sw/nordic/libsubsys__bluetooth__controller__ll_sw__nordic.a(lll_sync.c.obj)
                0x0000000000010d78                lll_sync_aux_prepare_cb
 .text.lll_df_init
                0x0000000000010e8c        0xc zephyr/subsys/bluetooth/controller/ll_sw/nordic/libsubsys__bluetooth__controller__ll_sw__nordic.a(lll_df.c.obj)
                0x0000000000010e8c                lll_df_init
 .text.lll_df_reset
                0x0000000000010e98        0x4 zephyr/subsys/bluetooth/controller/ll_sw/nordic/libsubsys__bluetooth__controller__ll_sw__nordic.a(lll_df.c.obj)
                0x0000000000010e98                lll_df_reset
 .text.lll_df_ant_num_get
                0x0000000000010e9c        0x4 zephyr/subsys/bluetooth/controller/ll_sw/nordic/libsubsys__bluetooth__controller__ll_sw__nordic.a(lll_df.c.obj)
                0x0000000000010e9c                lll_df_ant_num_get
 .text.lll_df_sync_cfg_alloc
                0x0000000000010ea0       0x44 zephyr/subsys/bluetooth/controller/ll_sw/nordic/libsubsys__bluetooth__controller__ll_sw__nordic.a(lll_df.c.obj)
                0x0000000000010ea0                lll_df_sync_cfg_alloc
 .text.lll_df_sync_cfg_latest_get
                0x0000000000010ee4       0x54 zephyr/subsys/bluetooth/controller/ll_sw/nordic/libsubsys__bluetooth__controller__ll_sw__nordic.a(lll_df.c.obj)
                0x0000000000010ee4                lll_df_sync_cfg_latest_get
 .text.lll_df_conf_cte_rx_enable
                0x0000000000010f38       0x54 zephyr/subsys/bluetooth/controller/ll_sw/nordic/libsubsys__bluetooth__controller__ll_sw__nordic.a(lll_df.c.obj)
                0x0000000000010f38                lll_df_conf_cte_rx_enable
 .text.lll_df_iq_report_no_resources_prepare
                0x0000000000010f8c       0x44 zephyr/subsys/bluetooth/controller/ll_sw/nordic/libsubsys__bluetooth__controller__ll_sw__nordic.a(lll_df.c.obj)