Archive member included to satisfy reference by file (symbol)

app/libapp.a(main.c.obj)      (--whole-archive)
zephyr/libzephyr.a(heap.c.obj)
                              (--whole-archive)
zephyr/libzephyr.a(cbprintf_packaged.c.obj)
                              (--whole-archive)
zephyr/libzephyr.a(printk.c.obj)
                              (--whole-archive)
zephyr/libzephyr.a(sem.c.obj)
                              (--whole-archive)
zephyr/libzephyr.a(thread_entry.c.obj)
                              (--whole-archive)
zephyr/libzephyr.a(cbprintf_complete.c.obj)
                              (--whole-archive)
zephyr/libzephyr.a(cbprintf.c.obj)
                              (--whole-archive)
zephyr/libzephyr.a(assert.c.obj)
                              (--whole-archive)
zephyr/libzephyr.a(dec.c.obj)
                              (--whole-archive)
zephyr/libzephyr.a(hex.c.obj)
                              (--whole-archive)
zephyr/libzephyr.a(rb.c.obj)  (--whole-archive)
zephyr/libzephyr.a(timeutil.c.obj)
                              (--whole-archive)
zephyr/libzephyr.a(bitarray.c.obj)
                              (--whole-archive)
zephyr/libzephyr.a(onoff.c.obj)
                              (--whole-archive)
zephyr/libzephyr.a(notify.c.obj)
                              (--whole-archive)
zephyr/libzephyr.a(configs.c.obj)
                              (--whole-archive)
zephyr/libzephyr.a(mem_attr.c.obj)
                              (--whole-archive)
zephyr/libzephyr.a(tracing_none.c.obj)
                              (--whole-archive)
zephyr/libzephyr.a(banner.c.obj)
                              (--whole-archive)
zephyr/libzephyr.a(host_extensions.c.obj)
                              (--whole-archive)
zephyr/libzephyr.a(flash_map_partition_manager.c.obj)
                              (--whole-archive)
zephyr/arch/common/libarch__common.a(sw_isr_common.c.obj)
                              (--whole-archive)
zephyr/arch/arch/arm/core/libarch__arm__core.a(fatal.c.obj)
                              (--whole-archive)
zephyr/arch/arch/arm/core/libarch__arm__core.a(nmi.c.obj)
                              (--whole-archive)
zephyr/arch/arch/arm/core/libarch__arm__core.a(nmi_on_reset.S.obj)
                              (--whole-archive)
zephyr/arch/arch/arm/core/cortex_m/libarch__arm__core__cortex_m.a(exc_exit.c.obj)
                              (--whole-archive)
zephyr/arch/arch/arm/core/cortex_m/libarch__arm__core__cortex_m.a(fault.c.obj)
                              (--whole-archive)
zephyr/arch/arch/arm/core/cortex_m/libarch__arm__core__cortex_m.a(fault_s.S.obj)
                              (--whole-archive)
zephyr/arch/arch/arm/core/cortex_m/libarch__arm__core__cortex_m.a(fpu.c.obj)
                              (--whole-archive)
zephyr/arch/arch/arm/core/cortex_m/libarch__arm__core__cortex_m.a(reset.S.obj)
                              (--whole-archive)
zephyr/arch/arch/arm/core/cortex_m/libarch__arm__core__cortex_m.a(scb.c.obj)
                              (--whole-archive)
zephyr/arch/arch/arm/core/cortex_m/libarch__arm__core__cortex_m.a(thread_abort.c.obj)
                              (--whole-archive)
zephyr/arch/arch/arm/core/cortex_m/libarch__arm__core__cortex_m.a(vector_table.S.obj)
                              (--whole-archive)
zephyr/arch/arch/arm/core/cortex_m/libarch__arm__core__cortex_m.a(swap.c.obj)
                              (--whole-archive)
zephyr/arch/arch/arm/core/cortex_m/libarch__arm__core__cortex_m.a(swap_helper.S.obj)
                              (--whole-archive)
zephyr/arch/arch/arm/core/cortex_m/libarch__arm__core__cortex_m.a(irq_manage.c.obj)
                              (--whole-archive)
zephyr/arch/arch/arm/core/cortex_m/libarch__arm__core__cortex_m.a(prep_c.c.obj)
                              (--whole-archive)
zephyr/arch/arch/arm/core/cortex_m/libarch__arm__core__cortex_m.a(thread.c.obj)
                              (--whole-archive)
zephyr/arch/arch/arm/core/cortex_m/libarch__arm__core__cortex_m.a(cpu_idle.c.obj)
                              (--whole-archive)
zephyr/arch/arch/arm/core/cortex_m/libarch__arm__core__cortex_m.a(irq_init.c.obj)
                              (--whole-archive)
zephyr/arch/arch/arm/core/cortex_m/libarch__arm__core__cortex_m.a(isr_wrapper.c.obj)
                              (--whole-archive)
zephyr/arch/arch/arm/core/mpu/libarch__arm__core__mpu.a(arm_core_mpu.c.obj)
                              (--whole-archive)
zephyr/arch/arch/arm/core/mpu/libarch__arm__core__mpu.a(arm_mpu.c.obj)
                              (--whole-archive)
zephyr/arch/arch/arm/core/mpu/libarch__arm__core__mpu.a(arm_mpu_regions.c.obj)
                              (--whole-archive)
zephyr/lib/libc/newlib/liblib__libc__newlib.a(libc-hooks.c.obj)
                              (--whole-archive)
zephyr/lib/libc/common/liblib__libc__common.a(abort.c.obj)
                              (--whole-archive)
zephyr/lib/net_buf/liblib__net_buf.a(buf.c.obj)
[...]
Memory Configuration

Name             Origin             Length             Attributes
FLASH            0x0000000000000000 0x0000000000080000 xr
RAM              0x0000000020000000 0x0000000000020000 xw
IDT_LIST         0x00000000ffff7fff 0x0000000000008000 xw
*default*        0x0000000000000000 0xffffffffffffffff

Linker script and memory map

LOAD zephyr/CMakeFiles/zephyr_final.dir/misc/empty_file.c.obj
LOAD zephyr/CMakeFiles/zephyr_final.dir/isr_tables.c.obj
LOAD zephyr/CMakeFiles/offsets.dir/./arch/arm/core/offsets/offsets.c.obj
LOAD app/libapp.a
LOAD zephyr/libzephyr.a
LOAD zephyr/arch/common/libarch__common.a
LOAD zephyr/arch/arch/arm/core/libarch__arm__core.a
LOAD zephyr/arch/arch/arm/core/cortex_m/libarch__arm__core__cortex_m.a
LOAD zephyr/arch/arch/arm/core/mpu/libarch__arm__core__mpu.a
LOAD zephyr/lib/libc/newlib/liblib__libc__newlib.a
LOAD zephyr/lib/libc/common/liblib__libc__common.a
LOAD zephyr/lib/net_buf/liblib__net_buf.a
LOAD zephyr/soc/soc/nrf52833/libsoc__nordic.a
LOAD zephyr/subsys/random/libsubsys__random.a
LOAD zephyr/subsys/bluetooth/common/libsubsys__bluetooth__common.a
LOAD zephyr/subsys/bluetooth/host/libsubsys__bluetooth__host.a
LOAD zephyr/subsys/bluetooth/controller/libsubsys__bluetooth__controller.a
LOAD zephyr/subsys/bluetooth/controller/ll_sw/nordic/libsubsys__bluetooth__controller__ll_sw__nordic.a
LOAD zephyr/drivers/clock_control/libdrivers__clock_control.a
LOAD zephyr/drivers/console/libdrivers__console.a
LOAD zephyr/drivers/entropy/libdrivers__entropy.a
LOAD zephyr/drivers/gpio/libdrivers__gpio.a
LOAD zephyr/drivers/pinctrl/libdrivers__pinctrl.a
LOAD zephyr/drivers/serial/libdrivers__serial.a
LOAD zephyr/drivers/timer/libdrivers__timer.a
LOAD modules/hal_nordic/nrfx/libmodules__hal_nordic__nrfx.a
LOAD modules/segger/libmodules__segger.a
LOAD zephyr/kernel/libkernel.a
LOAD zephyr/arch/common/libisr_tables.a
LOAD C:/ncs/toolchains/b620d30767/opt/zephyr-sdk/arm-zephyr-eabi/arm-zephyr-eabi/lib/thumb/v7e-m/nofp\libm_nano.a
LOAD C:/ncs/toolchains/b620d30767/opt/zephyr-sdk/arm-zephyr-eabi/arm-zephyr-eabi/lib/thumb/v7e-m/nofp\libc_nano.a
LOAD c:/ncs/toolchains/b620d30767/opt/zephyr-sdk/arm-zephyr-eabi/bin/../lib/gcc/arm-zephyr-eabi/12.2.0/thumb/v7e-m/nofp\libgcc.a
LOAD C:/ncs/toolchains/b620d30767/opt/zephyr-sdk/arm-zephyr-eabi/arm-zephyr-eabi/lib/thumb/v7e-m/nofp\libc_nano.a
                0x0000000000000020                _region_min_align = 0x20

.rel.plt        0x0000000000000000        0x0
 *(SORT_BY_ALIGNMENT(.rel.plt))
                [!provide]                        PROVIDE (__rel_iplt_start = .)
 *(SORT_BY_ALIGNMENT(.rel.iplt))
 .rel.iplt      0x0000000000000000        0x0 zephyr/CMakeFiles/zephyr_final.dir/isr_tables.c.obj
                [!provide]                        PROVIDE (__rel_iplt_end = .)

.rela.plt       0x0000000000000000        0x0
 *(SORT_BY_ALIGNMENT(.rela.plt))
                [!provide]                        PROVIDE (__rela_iplt_start = .)
 *(SORT_BY_ALIGNMENT(.rela.iplt))
                [!provide]                        PROVIDE (__rela_iplt_end = .)

.rel.dyn
 *(SORT_BY_ALIGNMENT(.rel.*))

.rela.dyn
 *(SORT_BY_ALIGNMENT(.rela.*))

/DISCARD/
 *(SORT_BY_ALIGNMENT(.plt))

/DISCARD/
 *(SORT_BY_ALIGNMENT(.iplt))
                0x0000000000000000                __rom_region_start = 0x0

rom_start       0x0000000000000000      0x100
                0x0000000000000000                __rom_start_address = .
 FILL mask 0x00
                0x0000000000000000                . = (. + (0x0 - (. - __rom_start_address)))
                0x0000000000000000                . = ALIGN (0x4)
                0x0000000000000000                . = ALIGN (0x80)
                0x0000000000000000                . = ALIGN (0x100)
                0x0000000000000000                _vector_start = .
 *(SORT_BY_ALIGNMENT(.exc_vector_table))
 *(SORT_BY_ALIGNMENT(.exc_vector_table.*))
 .exc_vector_table._vector_table_section
                0x0000000000000000       0x40 zephyr/arch/arch/arm/core/cortex_m/libarch__arm__core__cortex_m.a(vector_table.S.obj)
                0x0000000000000000                _vector_table
 *(SORT_BY_ALIGNMENT(.vectors))
                0x0000000000000100                _vector_end = .
                0x0000000000000040                . = ALIGN (0x4)
 *(SORT_BY_ALIGNMENT(.gnu.linkonce.irq_vector_table*))
 .gnu.linkonce.irq_vector_table
                0x0000000000000040       0xc0 zephyr/CMakeFiles/zephyr_final.dir/isr_tables.c.obj
                0x0000000000000040                _irq_vector_table
                0x0000000000000100                _vector_end = .

text            0x0000000000000100    0x189d0
                0x0000000000000100                __text_region_start = .
 *(SORT_BY_ALIGNMENT(.text))
 .text          0x0000000000000100       0xa0 C:/ncs/toolchains/b620d30767/opt/zephyr-sdk/arm-zephyr-eabi/arm-zephyr-eabi/lib/thumb/v7e-m/nofp\libc_nano.a(lib_a-memchr.o)
                0x0000000000000100                memchr
 .text          0x00000000000001a0      0x378 c:/ncs/toolchains/b620d30767/opt/zephyr-sdk/arm-zephyr-eabi/bin/../lib/gcc/arm-zephyr-eabi/12.2.0/thumb/v7e-m/nofp\libgcc.a(_arm_addsubdf3.o)
                0x00000000000001a0                __aeabi_drsub
                0x00000000000001a8                __aeabi_dsub
                0x00000000000001a8                __subdf3
                0x00000000000001ac                __aeabi_dadd
                0x00000000000001ac                __adddf3
                0x0000000000000424                __floatunsidf
                0x0000000000000424                __aeabi_ui2d
                0x0000000000000444                __floatsidf
                0x0000000000000444                __aeabi_i2d
                0x0000000000000468                __aeabi_f2d
                0x0000000000000468                __extendsfdf2
                0x00000000000004ac                __floatundidf
                0x00000000000004ac                __aeabi_ul2d
                0x00000000000004bc                __floatdidf
                0x00000000000004bc                __aeabi_l2d
 .text          0x0000000000000518      0x424 c:/ncs/toolchains/b620d30767/opt/zephyr-sdk/arm-zephyr-eabi/bin/../lib/gcc/arm-zephyr-eabi/12.2.0/thumb/v7e-m/nofp\libgcc.a(_arm_muldivdf3.o)
                0x0000000000000518                __aeabi_dmul
                0x0000000000000518                __muldf3
                0x000000000000076c                __divdf3
                0x000000000000076c                __aeabi_ddiv
 .text          0x000000000000093c      0x110 c:/ncs/toolchains/b620d30767/opt/zephyr-sdk/arm-zephyr-eabi/bin/../lib/gcc/arm-zephyr-eabi/12.2.0/thumb/v7e-m/nofp\libgcc.a(_arm_cmpdf2.o)
                0x000000000000093c                __gtdf2
                0x000000000000093c                __gedf2
                0x0000000000000944                __ltdf2
                0x0000000000000944                __ledf2
                0x000000000000094c                __nedf2
                0x000000000000094c                __eqdf2
                0x000000000000094c                __cmpdf2
                0x00000000000009c8                __aeabi_cdrcmple
                0x00000000000009d8                __aeabi_cdcmpeq
                0x00000000000009d8                __aeabi_cdcmple
                0x00000000000009e8                __aeabi_dcmpeq
                0x00000000000009fc                __aeabi_dcmplt
                0x0000000000000a10                __aeabi_dcmple
                0x0000000000000a24                __aeabi_dcmpge
                0x0000000000000a38                __aeabi_dcmpgt
 .text          0x0000000000000a4c       0x2c c:/ncs/toolchains/b620d30767/opt/zephyr-sdk/arm-zephyr-eabi/bin/../lib/gcc/arm-zephyr-eabi/12.2.0/thumb/v7e-m/nofp\libgcc.a(_arm_unorddf2.o)
                0x0000000000000a4c                __unorddf2
                0x0000000000000a4c                __aeabi_dcmpun
 .text          0x0000000000000a78       0x50 c:/ncs/toolchains/b620d30767/opt/zephyr-sdk/arm-zephyr-eabi/bin/../lib/gcc/arm-zephyr-eabi/12.2.0/thumb/v7e-m/nofp\libgcc.a(_arm_fixdfsi.o)
                0x0000000000000a78                __aeabi_d2iz
                0x0000000000000a78                __fixdfsi
 .text          0x0000000000000ac8       0xa0 c:/ncs/toolchains/b620d30767/opt/zephyr-sdk/arm-zephyr-eabi/bin/../lib/gcc/arm-zephyr-eabi/12.2.0/thumb/v7e-m/nofp\libgcc.a(_arm_truncdfsf2.o)
                0x0000000000000ac8                __truncdfsf2
                0x0000000000000ac8                __aeabi_d2f
 .text          0x0000000000000b68      0x21c c:/ncs/toolchains/b620d30767/opt/zephyr-sdk/arm-zephyr-eabi/bin/../lib/gcc/arm-zephyr-eabi/12.2.0/thumb/v7e-m/nofp\libgcc.a(_arm_addsubsf3.o)
                0x0000000000000b68                __aeabi_frsub
                0x0000000000000b70                __subsf3
                0x0000000000000b70                __aeabi_fsub
                0x0000000000000b74                __aeabi_fadd
                0x0000000000000b74                __addsf3
                0x0000000000000cd4                __aeabi_ui2f
                0x0000000000000cd4                __floatunsisf
                0x0000000000000cdc                __aeabi_i2f
                0x0000000000000cdc                __floatsisf
                0x0000000000000cf8                __aeabi_ul2f
                0x0000000000000cf8                __floatundisf
                0x0000000000000d08                __aeabi_l2f
                0x0000000000000d08                __floatdisf
 .text          0x0000000000000d84      0x2a0 c:/ncs/toolchains/b620d30767/opt/zephyr-sdk/arm-zephyr-eabi/bin/../lib/gcc/arm-zephyr-eabi/12.2.0/thumb/v7e-m/nofp\libgcc.a(_arm_muldivsf3.o)
                0x0000000000000d84                __mulsf3
                0x0000000000000d84                __aeabi_fmul
                0x0000000000000eec                __aeabi_fdiv
                0x0000000000000eec                __divsf3
 .text          0x0000000000001024       0xec c:/ncs/toolchains/b620d30767/opt/zephyr-sdk/arm-zephyr-eabi/bin/../lib/gcc/arm-zephyr-eabi/12.2.0/thumb/v7e-m/nofp\libgcc.a(_arm_cmpsf2.o)
                0x0000000000001024                __gesf2
                0x0000000000001024                __gtsf2
                0x000000000000102c                __lesf2
                0x000000000000102c                __ltsf2
                0x0000000000001034                __nesf2
                0x0000000000001034                __eqsf2
                0x0000000000001034                __cmpsf2
                0x0000000000001094                __aeabi_cfrcmple
                0x000000000000109c                __aeabi_cfcmpeq
                0x000000000000109c                __aeabi_cfcmple
                0x00000000000010ac                __aeabi_fcmpeq
                0x00000000000010c0                __aeabi_fcmplt
                0x00000000000010d4                __aeabi_fcmple
                0x00000000000010e8                __aeabi_fcmpge
                0x00000000000010fc                __aeabi_fcmpgt
 .text          0x0000000000001110       0x2c c:/ncs/toolchains/b620d30767/opt/zephyr-sdk/arm-zephyr-eabi/bin/../lib/gcc/arm-zephyr-eabi/12.2.0/thumb/v7e-m/nofp\libgcc.a(_arm_unordsf2.o)
                0x0000000000001110                __unordsf2
                0x0000000000001110                __aeabi_fcmpun
 .text          0x000000000000113c       0x30 c:/ncs/toolchains/b620d30767/opt/zephyr-sdk/arm-zephyr-eabi/bin/../lib/gcc/arm-zephyr-eabi/12.2.0/thumb/v7e-m/nofp\libgcc.a(_aeabi_uldivmod.o)
                0x000000000000113c                __aeabi_uldivmod
 .text          0x000000000000116c        0x4 c:/ncs/toolchains/b620d30767/opt/zephyr-sdk/arm-zephyr-eabi/bin/../lib/gcc/arm-zephyr-eabi/12.2.0/thumb/v7e-m/nofp\libgcc.a(_dvmd_tls.o)
                0x000000000000116c                __aeabi_idiv0
                0x000000000000116c                __aeabi_ldiv0
 .text          0x0000000000001170       0x10 C:/ncs/toolchains/b620d30767/opt/zephyr-sdk/arm-zephyr-eabi/arm-zephyr-eabi/lib/thumb/v7e-m/nofp\libc_nano.a(lib_a-strlen.o)
                0x0000000000001170                strlen
 .text          0x0000000000001180      0x2a0 c:/ncs/toolchains/b620d30767/opt/zephyr-sdk/arm-zephyr-eabi/bin/../lib/gcc/arm-zephyr-eabi/12.2.0/thumb/v7e-m/nofp\libgcc.a(_udivmoddi4.o)
                0x0000000000001180                __udivmoddi4
 *(SORT_BY_ALIGNMENT(.text.*))
 .text.cte_recv_cb
                0x0000000000001420      0x1c0 app/libapp.a(main.c.obj)
 .text.ull_drift_ticks_get
                0x00000000000015e0       0x90 zephyr/subsys/bluetooth/controller/libsubsys__bluetooth__controller.a(ull.c.obj)
                0x00000000000015e0                ull_drift_ticks_get
 .text.ll_scan_params_set
                0x0000000000001670       0x98 zephyr/subsys/bluetooth/controller/libsubsys__bluetooth__controller.a(ull_scan.c.obj)
                0x0000000000001670                ll_scan_params_set
 .text.ull_scan_enable
                0x0000000000001708      0x13c zephyr/subsys/bluetooth/controller/libsubsys__bluetooth__controller.a(ull_scan.c.obj)
                0x0000000000001708                ull_scan_enable
 *fill*         0x0000000000001844        0x4 
 .text.ull_scan_aux_setup
                0x0000000000001848      0xbd0 zephyr/subsys/bluetooth/controller/libsubsys__bluetooth__controller.a(ull_scan_aux.c.obj)
                0x0000000000001848                ull_scan_aux_setup
 .text.ull_sync_setup
                0x0000000000002418      0x324 zephyr/subsys/bluetooth/controller/libsubsys__bluetooth__controller.a(ull_sync.c.obj)
                0x0000000000002418                ull_sync_setup
 *fill*         0x000000000000273c        0x4 
 .text.ull_sync_slot_update
                0x0000000000002740       0xd0 zephyr/subsys/bluetooth/controller/libsubsys__bluetooth__controller.a(ull_sync.c.obj)
                0x0000000000002740                ull_sync_slot_update
 .text.common_prepare_cb
                0x0000000000002810      0x20c zephyr/subsys/bluetooth/controller/ll_sw/nordic/libsubsys__bluetooth__controller__ll_sw__nordic.a(lll_scan.c.obj)
 *fill*         0x0000000000002a1c        0x4 
 .text.prepare_cb
                0x0000000000002a20      0x1f4 zephyr/subsys/bluetooth/controller/ll_sw/nordic/libsubsys__bluetooth__controller__ll_sw__nordic.a(lll_scan_aux.c.obj)
 *fill*         0x0000000000002c14        0x4 
 .text.prepare_cb_common
                0x0000000000002c18      0x1c0 zephyr/subsys/bluetooth/controller/ll_sw/nordic/libsubsys__bluetooth__controller__ll_sw__nordic.a(lll_sync.c.obj)
 .text.__ieee754_atan2
                0x0000000000002dd8      0x1a4 C:/ncs/toolchains/b620d30767/opt/zephyr-sdk/arm-zephyr-eabi/arm-zephyr-eabi/lib/thumb/v7e-m/nofp\libm_nano.a(lib_a-e_atan2.o)
                0x0000000000002dd8                __ieee754_atan2
 *fill*         0x0000000000002f7c        0x4 
 .text.atan     0x0000000000002f80      0x320 C:/ncs/toolchains/b620d30767/opt/zephyr-sdk/arm-zephyr-eabi/arm-zephyr-eabi/lib/thumb/v7e-m/nofp\libm_nano.a(lib_a-s_atan.o)
                0x0000000000002f80                atan
 .text._dtoa_r  0x00000000000032a0      0xc5c C:/ncs/toolchains/b620d30767/opt/zephyr-sdk/arm-zephyr-eabi/arm-zephyr-eabi/lib/thumb/v7e-m/nofp\libc_nano.a(lib_a-dtoa.o)
                0x00000000000032a0                _dtoa_r
 .text.bt_addr_le_to_str.constprop.0.isra.0
                0x0000000000003efc       0x78 app/libapp.a(main.c.obj)
 .text.term_cb  0x0000000000003f74       0x34 app/libapp.a(main.c.obj)
 .text.recv_cb  0x0000000000003fa8       0x68 app/libapp.a(main.c.obj)
 .text.scan_recv
                0x0000000000004010       0x78 app/libapp.a(main.c.obj)
 .text.sync_cb  0x0000000000004088       0x54 app/libapp.a(main.c.obj)
 .text.main     0x00000000000040dc      0x264 app/libapp.a(main.c.obj)
                0x00000000000040dc                main
 .text.char_out
                0x0000000000004340        0xc zephyr/libzephyr.a(printk.c.obj)
 .text.__printk_hook_install
                0x000000000000434c        0xc zephyr/libzephyr.a(printk.c.obj)
                0x000000000000434c                __printk_hook_install
 .text.vprintk  0x0000000000004358       0x1c zephyr/libzephyr.a(printk.c.obj)
                0x0000000000004358                vprintk
 .text.vsnprintk
                0x0000000000004374       0x2c zephyr/libzephyr.a(printk.c.obj)
                0x0000000000004374                vsnprintk
 .text.extract_decimal
                0x00000000000043a0       0x2c zephyr/libzephyr.a(cbprintf_complete.c.obj)
 .text.encode_uint
                0x00000000000043cc       0x9c zephyr/libzephyr.a(cbprintf_complete.c.obj)
 .text.z_cbvprintf_impl
                0x0000000000004468      0x76c zephyr/libzephyr.a(cbprintf_complete.c.obj)
                0x0000000000004468                z_cbvprintf_impl
 .text.process_event
                0x0000000000004bd4      0x21c zephyr/libzephyr.a(onoff.c.obj)
 .text.mem_attr_get_regions
                0x0000000000004df0        0xc zephyr/libzephyr.a(mem_attr.c.obj)
                0x0000000000004df0                mem_attr_get_regions
 .text.boot_banner
                0x0000000000004dfc       0x1c zephyr/libzephyr.a(banner.c.obj)
                0x0000000000004dfc                boot_banner
 .text.z_SysNmiOnReset
                0x0000000000004e18        0x8 zephyr/arch/arch/arm/core/libarch__arm__core.a(nmi_on_reset.S.obj)
                0x0000000000004e18                z_SysNmiOnReset
 .text._HandlerModeExit
                0x0000000000004e20       0x28 zephyr/arch/arch/arm/core/cortex_m/libarch__arm__core__cortex_m.a(exc_exit.c.obj)
                0x0000000000004e20                z_arm_int_exit
                0x0000000000004e20                z_arm_exc_exit
 .text.mem_manage_fault
                0x0000000000004e48       0xa0 zephyr/arch/arch/arm/core/cortex_m/libarch__arm__core__cortex_m.a(fault.c.obj)
 .text.usage_fault.constprop.0
                0x0000000000004ee8       0x54 zephyr/arch/arch/arm/core/cortex_m/libarch__arm__core__cortex_m.a(fault.c.obj)
 .text.bus_fault.constprop.0
                0x0000000000004f3c       0x6c zephyr/arch/arch/arm/core/cortex_m/libarch__arm__core__cortex_m.a(fault.c.obj)
 .text.z_arm_fault
                0x0000000000004fa8      0x128 zephyr/arch/arch/arm/core/cortex_m/libarch__arm__core__cortex_m.a(fault.c.obj)
                0x0000000000004fa8                z_arm_fault
 .text.z_arm_fault_init
                0x00000000000050d0       0x18 zephyr/arch/arch/arm/core/cortex_m/libarch__arm__core__cortex_m.a(fault.c.obj)
                0x00000000000050d0                z_arm_fault_init
 .text.__fault  0x00000000000050e8       0x14 zephyr/arch/arch/arm/core/cortex_m/libarch__arm__core__cortex_m.a(fault_s.S.obj)
                0x00000000000050e8                z_arm_usage_fault
                0x00000000000050e8                z_arm_mpu_fault
                0x00000000000050e8                z_arm_exc_spurious
                0x00000000000050e8                z_arm_debug_monitor
                0x00000000000050e8                z_arm_hard_fault
                0x00000000000050e8                z_arm_bus_fault
 .text._reset_section
                0x00000000000050fc       0x54 zephyr/arch/arch/arm/core/cortex_m/libarch__arm__core__cortex_m.a(reset.S.obj)
                0x00000000000050fc                __start
                0x00000000000050fc                z_arm_reset
 .text.z_arm_clear_arm_mpu_config
                0x0000000000005150       0x24 zephyr/arch/arch/arm/core/cortex_m/libarch__arm__core__cortex_m.a(scb.c.obj)
                0x0000000000005150                z_arm_clear_arm_mpu_config
 .text.z_arm_init_arch_hw_at_boot
                0x0000000000005174       0x64 zephyr/arch/arch/arm/core/cortex_m/libarch__arm__core__cortex_m.a(scb.c.obj)
                0x0000000000005174                z_arm_init_arch_hw_at_boot
 .text.z_impl_k_thread_abort
                0x00000000000051d8       0x2c zephyr/arch/arch/arm/core/cortex_m/libarch__arm__core__cortex_m.a(thread_abort.c.obj)
                0x00000000000051d8                z_impl_k_thread_abort
 .text.arch_swap
                0x0000000000005204       0x30 zephyr/arch/arch/arm/core/cortex_m/libarch__arm__core__cortex_m.a(swap.c.obj)
                0x0000000000005204                arch_swap
 .text.z_arm_pendsv_c
                0x0000000000005234       0x40 zephyr/arch/arch/arm/core/cortex_m/libarch__arm__core__cortex_m.a(swap.c.obj)
                0x0000000000005234                z_arm_pendsv_c
 .text.z_arm_pendsv
                0x0000000000005274       0x34 zephyr/arch/arch/arm/core/cortex_m/libarch__arm__core__cortex_m.a(swap_helper.S.obj)
                0x0000000000005274                z_arm_pendsv
 .text.z_arm_svc
                0x00000000000052a8       0x20 zephyr/arch/arch/arm/core/cortex_m/libarch__arm__core__cortex_m.a(swap_helper.S.obj)
                0x00000000000052a8                z_arm_svc
 .text.arch_irq_enable
                0x00000000000052c8       0x1c zephyr/arch/arch/arm/core/cortex_m/libarch__arm__core__cortex_m.a(irq_manage.c.obj)
                0x00000000000052c8                arch_irq_enable
 .text.arch_irq_disable
                0x00000000000052e4       0x28 zephyr/arch/arch/arm/core/cortex_m/libarch__arm__core__cortex_m.a(irq_manage.c.obj)
                0x00000000000052e4                arch_irq_disable
 .text.arch_irq_is_enabled
                0x000000000000530c       0x1c zephyr/arch/arch/arm/core/cortex_m/libarch__arm__core__cortex_m.a(irq_manage.c.obj)
                0x000000000000530c                arch_irq_is_enabled
 .text.z_arm_irq_priority_set
                0x0000000000005328       0x30 zephyr/arch/arch/arm/core/cortex_m/libarch__arm__core__cortex_m.a(irq_manage.c.obj)
                0x0000000000005328                z_arm_irq_priority_set
 .text.z_prep_c
                0x0000000000005358       0x38 zephyr/arch/arch/arm/core/cortex_m/libarch__arm__core__cortex_m.a(prep_c.c.obj)
                0x0000000000005358                z_prep_c
 .text.arch_new_thread
                0x0000000000005390       0x38 zephyr/arch/arch/arm/core/cortex_m/libarch__arm__core__cortex_m.a(thread.c.obj)
                0x0000000000005390                arch_new_thread
 .text.z_check_thread_stack_fail
                0x00000000000053c8       0x2c zephyr/arch/arch/arm/core/cortex_m/libarch__arm__core__cortex_m.a(thread.c.obj)
                0x00000000000053c8                z_check_thread_stack_fail
 .text.arch_switch_to_main_thread
                0x00000000000053f4       0x3c zephyr/arch/arch/arm/core/cortex_m/libarch__arm__core__cortex_m.a(thread.c.obj)
                0x00000000000053f4                arch_switch_to_main_thread
 .text.z_arm_cpu_idle_init
                0x0000000000005430        0xc zephyr/arch/arch/arm/core/cortex_m/libarch__arm__core__cortex_m.a(cpu_idle.c.obj)
                0x0000000000005430                z_arm_cpu_idle_init
 .text.z_arm_interrupt_init
                0x000000000000543c       0x18 zephyr/arch/arch/arm/core/cortex_m/libarch__arm__core__cortex_m.a(irq_init.c.obj)
                0x000000000000543c                z_arm_interrupt_init
 .text._isr_wrapper
                0x0000000000005454       0x24 zephyr/arch/arch/arm/core/cortex_m/libarch__arm__core__cortex_m.a(isr_wrapper.c.obj)
                0x0000000000005454                _isr_wrapper
 .text.z_arm_configure_static_mpu_regions
                0x0000000000005478       0x18 zephyr/arch/arch/arm/core/mpu/libarch__arm__core__mpu.a(arm_core_mpu.c.obj)
                0x0000000000005478                z_arm_configure_static_mpu_regions
 .text.z_arm_configure_dynamic_mpu_regions
                0x0000000000005490       0x20 zephyr/arch/arch/arm/core/mpu/libarch__arm__core__mpu.a(arm_core_mpu.c.obj)
                0x0000000000005490                z_arm_configure_dynamic_mpu_regions
 .text.region_init
                0x00000000000054b0       0x28 zephyr/arch/arch/arm/core/mpu/libarch__arm__core__mpu.a(arm_mpu.c.obj)
 .text.mpu_configure_regions
                0x00000000000054d8       0x6c zephyr/arch/arch/arm/core/mpu/libarch__arm__core__mpu.a(arm_mpu.c.obj)
 .text.arm_core_mpu_enable
                0x0000000000005544       0x18 zephyr/arch/arch/arm/core/mpu/libarch__arm__core__mpu.a(arm_mpu.c.obj)
                0x0000000000005544                arm_core_mpu_enable
 .text.arm_core_mpu_disable
                0x000000000000555c       0x14 zephyr/arch/arch/arm/core/mpu/libarch__arm__core__mpu.a(arm_mpu.c.obj)
                0x000000000000555c                arm_core_mpu_disable
 .text.arm_core_mpu_configure_static_mpu_regions
                0x0000000000005570       0x14 zephyr/arch/arch/arm/core/mpu/libarch__arm__core__mpu.a(arm_mpu.c.obj)
                0x0000000000005570                arm_core_mpu_configure_static_mpu_regions
 .text.arm_core_mpu_configure_dynamic_mpu_regions
                0x0000000000005584       0x38 zephyr/arch/arch/arm/core/mpu/libarch__arm__core__mpu.a(arm_mpu.c.obj)
                0x0000000000005584                arm_core_mpu_configure_dynamic_mpu_regions
 .text.z_arm_mpu_init
                0x00000000000055bc      0x168 zephyr/arch/arch/arm/core/mpu/libarch__arm__core__mpu.a(arm_mpu.c.obj)
                0x00000000000055bc                z_arm_mpu_init
 .text.__stdout_hook_install
                0x0000000000005724        0xc zephyr/lib/libc/newlib/liblib__libc__newlib.a(libc-hooks.c.obj)
                0x0000000000005724                __stdout_hook_install
 .text.z_impl_zephyr_read_stdin
                0x0000000000005730       0x28 zephyr/lib/libc/newlib/liblib__libc__newlib.a(libc-hooks.c.obj)
                0x0000000000005730                z_impl_zephyr_read_stdin
 .text.z_impl_zephyr_write_stdout
                0x0000000000005758       0x30 zephyr/lib/libc/newlib/liblib__libc__newlib.a(libc-hooks.c.obj)
                0x0000000000005758                z_impl_zephyr_write_stdout
 .text._sbrk    0x0000000000005788       0x28 zephyr/lib/libc/newlib/liblib__libc__newlib.a(libc-hooks.c.obj)
                0x0000000000005788                sbrk
                0x0000000000005788                _sbrk
 .text.abort    0x00000000000057b0       0x1c zephyr/lib/libc/common/liblib__libc__common.a(abort.c.obj)
                0x00000000000057b0                abort
 .text.net_buf_destroy
                0x00000000000057cc       0x38 zephyr/lib/net_buf/liblib__net_buf.a(buf.c.obj)
 .text.net_buf_pool_get
                0x0000000000005804       0x10 zephyr/lib/net_buf/liblib__net_buf.a(buf.c.obj)
                0x0000000000005804                net_buf_pool_get
 .text.net_buf_id
                0x0000000000005814       0x20 zephyr/lib/net_buf/liblib__net_buf.a(buf.c.obj)
                0x0000000000005814                net_buf_id
 .text.fixed_data_alloc
                0x0000000000005834       0x24 zephyr/lib/net_buf/liblib__net_buf.a(buf.c.obj)
 .text.net_buf_alloc_len
                0x0000000000005858      0x120 zephyr/lib/net_buf/liblib__net_buf.a(buf.c.obj)
                0x0000000000005858                net_buf_alloc_len
 .text.net_buf_unref
                0x0000000000005978       0x38 zephyr/lib/net_buf/liblib__net_buf.a(buf.c.obj)
                0x0000000000005978                net_buf_unref
 .text.nordicsemi_nrf52_init
                0x00000000000059b0       0x18 zephyr/soc/soc/nrf52833/libsoc__nordic.a(soc.c.obj)
 .text.arch_busy_wait
                0x00000000000059c8       0x14 zephyr/soc/soc/nrf52833/libsoc__nordic.a(soc.c.obj)
                0x00000000000059c8                arch_busy_wait
 .text.xoshiro128_initialize
                0x00000000000059dc       0x18 zephyr/subsys/random/libsubsys__random.a(random_xoshiro128.c.obj)
 .text.bt_buf_get_rx
                0x00000000000059f4       0x20 zephyr/subsys/bluetooth/host/libsubsys__bluetooth__host.a(buf.c.obj)
                0x00000000000059f4                bt_buf_get_rx
 .text.bt_buf_get_evt
                0x0000000000005a14       0x3c zephyr/subsys/bluetooth/host/libsubsys__bluetooth__host.a(buf.c.obj)
                0x0000000000005a14                bt_buf_get_evt
 .text.hci_vendor_event
                0x0000000000005a50       0x20 zephyr/subsys/bluetooth/host/libsubsys__bluetooth__host.a(hci_core.c.obj)
 .text.hci_le_meta_event
                0x0000000000005a70       0x20 zephyr/subsys/bluetooth/host/libsubsys__bluetooth__host.a(hci_core.c.obj)
 .text.rx_work_handler
                0x0000000000005a90       0x94 zephyr/subsys/bluetooth/host/libsubsys__bluetooth__host.a(hci_core.c.obj)
 .text.hci_cmd_done
                0x0000000000005b24      0x10c zephyr/subsys/bluetooth/host/libsubsys__bluetooth__host.a(hci_core.c.obj)
 .text.bt_hci_cmd_state_set_init
                0x0000000000005c30       0x24 zephyr/subsys/bluetooth/host/libsubsys__bluetooth__host.a(hci_core.c.obj)
                0x0000000000005c30                bt_hci_cmd_state_set_init
 .text.bt_hci_cmd_create
                0x0000000000005c54       0x78 zephyr/subsys/bluetooth/host/libsubsys__bluetooth__host.a(hci_core.c.obj)
                0x0000000000005c54                bt_hci_cmd_create
 .text.bt_get_phy
                0x0000000000005ccc       0x14 zephyr/subsys/bluetooth/host/libsubsys__bluetooth__host.a(hci_core.c.obj)
                0x0000000000005ccc                bt_get_phy
 .text.bt_get_df_cte_type
                0x0000000000005ce0       0x10 zephyr/subsys/bluetooth/host/libsubsys__bluetooth__host.a(hci_core.c.obj)
                0x0000000000005ce0                bt_get_df_cte_type
 .text.bt_send  0x0000000000005cf0       0x14 zephyr/subsys/bluetooth/host/libsubsys__bluetooth__host.a(hci_core.c.obj)
                0x0000000000005cf0                bt_send
 .text.hci_event_prio
                0x0000000000005d04       0x94 zephyr/subsys/bluetooth/host/libsubsys__bluetooth__host.a(hci_core.c.obj)
                0x0000000000005d04                hci_event_prio
 .text.bt_hci_recv
                0x0000000000005d98       0x5c zephyr/subsys/bluetooth/host/libsubsys__bluetooth__host.a(hci_core.c.obj)
                0x0000000000005d98                bt_hci_recv
 .text.bt_finalize_init
                0x0000000000005df4       0x18 zephyr/subsys/bluetooth/host/libsubsys__bluetooth__host.a(hci_core.c.obj)
                0x0000000000005df4                bt_finalize_init
 .text.bt_is_ready
                0x0000000000005e0c       0x18 zephyr/subsys/bluetooth/host/libsubsys__bluetooth__host.a(hci_core.c.obj)
                0x0000000000005e0c                bt_is_ready
 .text.bt_tx_irq_raise
                0x0000000000005e24        0xc zephyr/subsys/bluetooth/host/libsubsys__bluetooth__host.a(hci_core.c.obj)
                0x0000000000005e24                bt_tx_irq_raise
 .text.process_pending_cmd
                0x0000000000005e30       0xb0 zephyr/subsys/bluetooth/host/libsubsys__bluetooth__host.a(hci_core.c.obj)
 .text.bt_hci_cmd_send_sync
                0x0000000000005ee0      0x168 zephyr/subsys/bluetooth/host/libsubsys__bluetooth__host.a(hci_core.c.obj)
                0x0000000000005ee0                bt_hci_cmd_send_sync
 .text.hci_init
                0x0000000000006048      0x28c zephyr/subsys/bluetooth/host/libsubsys__bluetooth__host.a(hci_core.c.obj)
 .text.bt_enable
                0x00000000000062d4       0xb4 zephyr/subsys/bluetooth/host/libsubsys__bluetooth__host.a(hci_core.c.obj)
                0x00000000000062d4                bt_enable
 .text.init_work
                0x0000000000006388       0x24 zephyr/subsys/bluetooth/host/libsubsys__bluetooth__host.a(hci_core.c.obj)
 .text.bt_hci_le_rand
                0x00000000000063ac       0x58 zephyr/subsys/bluetooth/host/libsubsys__bluetooth__host.a(hci_core.c.obj)
                0x00000000000063ac                bt_hci_le_rand
 .text.hci_cmd_complete
                0x0000000000006404       0x3c zephyr/subsys/bluetooth/host/libsubsys__bluetooth__host.a(hci_core.c.obj)
 .text.hci_cmd_status
                0x0000000000006440       0x30 zephyr/subsys/bluetooth/host/libsubsys__bluetooth__host.a(hci_core.c.obj)
 .text.bt_hci_evt_create
                0x0000000000006470       0x50 zephyr/subsys/bluetooth/host/libsubsys__bluetooth__host.a(hci_common.c.obj)
                0x0000000000006470                bt_hci_evt_create
 .text.id_find  0x00000000000064c0       0x30 zephyr/subsys/bluetooth/host/libsubsys__bluetooth__host.a(id.c.obj)
 .text.set_random_address
                0x00000000000064f0       0x54 zephyr/subsys/bluetooth/host/libsubsys__bluetooth__host.a(id.c.obj)
 .text.id_create.constprop.0
                0x0000000000006544       0x74 zephyr/subsys/bluetooth/host/libsubsys__bluetooth__host.a(id.c.obj)
 .text.bt_id_create
                0x00000000000065b8       0x88 zephyr/subsys/bluetooth/host/libsubsys__bluetooth__host.a(id.c.obj)
                0x00000000000065b8                bt_id_create
 .text.bt_id_read_public_addr
                0x0000000000006640       0x6c zephyr/subsys/bluetooth/host/libsubsys__bluetooth__host.a(id.c.obj)
                0x0000000000006640                bt_id_read_public_addr
 .text.bt_setup_public_id_addr
                0x00000000000066ac       0x20 zephyr/subsys/bluetooth/host/libsubsys__bluetooth__host.a(id.c.obj)
                0x00000000000066ac                bt_setup_public_id_addr
 .text.bt_setup_random_id_addr
                0x00000000000066cc       0xac zephyr/subsys/bluetooth/host/libsubsys__bluetooth__host.a(id.c.obj)
                0x00000000000066cc                bt_setup_random_id_addr
 .text.bt_id_set_scan_own_addr
                0x0000000000006778       0x24 zephyr/subsys/bluetooth/host/libsubsys__bluetooth__host.a(id.c.obj)
                0x0000000000006778                bt_id_set_scan_own_addr
 .text.bt_id_init
                0x000000000000679c       0x30 zephyr/subsys/bluetooth/host/libsubsys__bluetooth__host.a(id.c.obj)
                0x000000000000679c                bt_id_init
 .text.reset_reassembling_advertiser
                0x00000000000067cc       0x18 zephyr/subsys/bluetooth/host/libsubsys__bluetooth__host.a(scan.c.obj)
 .text.cmd_le_set_ext_scan_enable
                0x00000000000067e4       0x54 zephyr/subsys/bluetooth/host/libsubsys__bluetooth__host.a(scan.c.obj)
 .text.scan_check_if_state_allowed
                0x0000000000006838       0x2c zephyr/subsys/bluetooth/host/libsubsys__bluetooth__host.a(scan.c.obj)
 .text.create_ext_adv_info
                0x0000000000006864       0x50 zephyr/subsys/bluetooth/host/libsubsys__bluetooth__host.a(scan.c.obj)
 .text.per_adv_sync_terminated
                0x00000000000068b4       0x38 zephyr/subsys/bluetooth/host/libsubsys__bluetooth__host.a(scan.c.obj)
 .text.get_pending_per_adv_sync
                0x00000000000068ec       0x1c zephyr/subsys/bluetooth/host/libsubsys__bluetooth__host.a(scan.c.obj)
 .text.scan_update
                0x0000000000006908      0x258 zephyr/subsys/bluetooth/host/libsubsys__bluetooth__host.a(scan.c.obj)
 .text.le_adv_recv
                0x0000000000006b60       0xec zephyr/subsys/bluetooth/host/libsubsys__bluetooth__host.a(scan.c.obj)
 .text.bt_scan_softreset
                0x0000000000006c4c       0x10 zephyr/subsys/bluetooth/host/libsubsys__bluetooth__host.a(scan.c.obj)
                0x0000000000006c4c                bt_scan_softreset
 .text.bt_scan_reset
                0x0000000000006c5c       0x2c zephyr/subsys/bluetooth/host/libsubsys__bluetooth__host.a(scan.c.obj)
                0x0000000000006c5c                bt_scan_reset
 .text.bt_le_scan_user_add
                0x0000000000006c88       0x38 zephyr/subsys/bluetooth/host/libsubsys__bluetooth__host.a(scan.c.obj)
                0x0000000000006c88                bt_le_scan_user_add
 .text.bt_le_scan_user_remove
                0x0000000000006cc0       0x1c zephyr/subsys/bluetooth/host/libsubsys__bluetooth__host.a(scan.c.obj)
                0x0000000000006cc0                bt_le_scan_user_remove
 .text.bt_hci_le_scan_timeout
                0x0000000000006cdc       0x68 zephyr/subsys/bluetooth/host/libsubsys__bluetooth__host.a(scan.c.obj)
                0x0000000000006cdc                bt_hci_le_scan_timeout
 .text.bt_hci_le_adv_ext_report
                0x0000000000006d44      0x148 zephyr/subsys/bluetooth/host/libsubsys__bluetooth__host.a(scan.c.obj)
                0x0000000000006d44                bt_hci_le_adv_ext_report
 .text.bt_hci_per_adv_sync_lookup_handle
                0x0000000000006e8c       0x24 zephyr/subsys/bluetooth/host/libsubsys__bluetooth__host.a(scan.c.obj)
                0x0000000000006e8c                bt_hci_per_adv_sync_lookup_handle
 .text.bt_hci_le_per_adv_report_recv
                0x0000000000006eb0       0x4c zephyr/subsys/bluetooth/host/libsubsys__bluetooth__host.a(scan.c.obj)
                0x0000000000006eb0                bt_hci_le_per_adv_report_recv
 .text.bt_hci_le_per_adv_sync_established
                0x0000000000006efc      0x150 zephyr/subsys/bluetooth/host/libsubsys__bluetooth__host.a(scan.c.obj)
                0x0000000000006efc                bt_hci_le_per_adv_sync_established
 .text.bt_hci_le_df_connectionless_iq_report
                0x000000000000704c       0x30 zephyr/subsys/bluetooth/host/libsubsys__bluetooth__host.a(scan.c.obj)
                0x000000000000704c                bt_hci_le_df_connectionless_iq_report
 .text.bt_hci_le_adv_report
                0x000000000000707c       0xa0 zephyr/subsys/bluetooth/host/libsubsys__bluetooth__host.a(scan.c.obj)
                0x000000000000707c                bt_hci_le_adv_report
 .text.bt_le_scan_start
                0x000000000000711c       0xa0 zephyr/subsys/bluetooth/host/libsubsys__bluetooth__host.a(scan.c.obj)
                0x000000000000711c                bt_le_scan_start
 .text.bt_le_scan_stop
                0x00000000000071bc       0x38 zephyr/subsys/bluetooth/host/libsubsys__bluetooth__host.a(scan.c.obj)
                0x00000000000071bc                bt_le_scan_stop
 .text.bt_le_scan_cb_register
                0x00000000000071f4       0x30 zephyr/subsys/bluetooth/host/libsubsys__bluetooth__host.a(scan.c.obj)
                0x00000000000071f4                bt_le_scan_cb_register
 .text.bt_le_per_adv_sync_get_index
                0x0000000000007224       0x18 zephyr/subsys/bluetooth/host/libsubsys__bluetooth__host.a(scan.c.obj)
                0x0000000000007224                bt_le_per_adv_sync_get_index
 .text.bt_le_per_adv_sync_delete
                0x000000000000723c       0x90 zephyr/subsys/bluetooth/host/libsubsys__bluetooth__host.a(scan.c.obj)
                0x000000000000723c                bt_le_per_adv_sync_delete
 .text.bt_le_per_adv_sync_create
                0x00000000000072cc      0x18c zephyr/subsys/bluetooth/host/libsubsys__bluetooth__host.a(scan.c.obj)
                0x00000000000072cc                bt_le_per_adv_sync_create
 .text.bt_le_per_adv_sync_cb_register
                0x0000000000007458       0x30 zephyr/subsys/bluetooth/host/libsubsys__bluetooth__host.a(scan.c.obj)
                0x0000000000007458                bt_le_per_adv_sync_cb_register
 .text.hci_df_set_cl_cte_rx_enable
                0x0000000000007488      0x128 zephyr/subsys/bluetooth/host/libsubsys__bluetooth__host.a(direction.c.obj)
 .text.le_df_init
                0x00000000000075b0       0x40 zephyr/subsys/bluetooth/host/libsubsys__bluetooth__host.a(direction.c.obj)
                0x00000000000075b0                le_df_init
 .text.bt_df_per_adv_sync_cte_rx_enable
                0x00000000000075f0       0x3c zephyr/subsys/bluetooth/host/libsubsys__bluetooth__host.a(direction.c.obj)
                0x00000000000075f0                bt_df_per_adv_sync_cte_rx_enable
 .text.mem_init
                0x000000000000762c       0x48 zephyr/subsys/bluetooth/controller/libsubsys__bluetooth__controller.a(mem.c.obj)
                0x000000000000762c                mem_init
 .text.mem_acquire
                0x0000000000007674       0x2c zephyr/subsys/bluetooth/controller/libsubsys__bluetooth__controller.a(mem.c.obj)
                0x0000000000007674                mem_acquire
 .text.mem_release
                0x00000000000076a0       0x28 zephyr/subsys/bluetooth/controller/libsubsys__bluetooth__controller.a(mem.c.obj)
                0x00000000000076a0                mem_release
 .text.mem_index_get
                0x00000000000076c8        0xc zephyr/subsys/bluetooth/controller/libsubsys__bluetooth__controller.a(mem.c.obj)
                0x00000000000076c8                mem_index_get
 .text.mem_rcopy
                0x00000000000076d4       0x1c zephyr/subsys/bluetooth/controller/libsubsys__bluetooth__controller.a(mem.c.obj)
                0x00000000000076d4                mem_rcopy
 .text.mem_nz   0x00000000000076f0       0x18 zephyr/subsys/bluetooth/controller/libsubsys__bluetooth__controller.a(mem.c.obj)
                0x00000000000076f0                mem_nz
 .text.memq_init
                0x0000000000007708        0x8 zephyr/subsys/bluetooth/controller/libsubsys__bluetooth__controller.a(memq.c.obj)
                0x0000000000007708                memq_init
 .text.memq_enqueue
                0x0000000000007710       0x14 zephyr/subsys/bluetooth/controller/libsubsys__bluetooth__controller.a(memq.c.obj)
                0x0000000000007710                memq_enqueue
 .text.memq_peek
                0x0000000000007724       0x10 zephyr/subsys/bluetooth/controller/libsubsys__bluetooth__controller.a(memq.c.obj)
                0x0000000000007724                memq_peek
 .text.memq_dequeue
                0x0000000000007734       0x20 zephyr/subsys/bluetooth/controller/libsubsys__bluetooth__controller.a(memq.c.obj)
                0x0000000000007734                memq_dequeue
 .text.mayfly_init
                0x0000000000007754       0x40 zephyr/subsys/bluetooth/controller/libsubsys__bluetooth__controller.a(mayfly.c.obj)
                0x0000000000007754                mayfly_init
 .text.mayfly_enable
                0x0000000000007794       0x68 zephyr/subsys/bluetooth/controller/libsubsys__bluetooth__controller.a(mayfly.c.obj)
                0x0000000000007794                mayfly_enable
 .text.mayfly_enqueue
                0x00000000000077fc       0xbc zephyr/subsys/bluetooth/controller/libsubsys__bluetooth__controller.a(mayfly.c.obj)
                0x00000000000077fc                mayfly_enqueue
 .text.mayfly_run
                0x00000000000078b8      0x174 zephyr/subsys/bluetooth/controller/libsubsys__bluetooth__controller.a(mayfly.c.obj)
                0x00000000000078b8                mayfly_run
 .text.util_ones_count_get
                0x0000000000007a2c       0x28 zephyr/subsys/bluetooth/controller/libsubsys__bluetooth__controller.a(util.c.obj)
                0x0000000000007a2c                util_ones_count_get
 .text.util_get_bits
                0x0000000000007a54       0x54 zephyr/subsys/bluetooth/controller/libsubsys__bluetooth__controller.a(util.c.obj)
                0x0000000000007a54                util_get_bits
 .text.ticker_dequeue
                0x0000000000007aa8       0x80 zephyr/subsys/bluetooth/controller/libsubsys__bluetooth__controller.a(ticker.c.obj)
 .text.ticks_to_expire_prep
                0x0000000000007b28       0x48 zephyr/subsys/bluetooth/controller/libsubsys__bluetooth__controller.a(ticker.c.obj)
 .text.ticker_job_list_insert
                0x0000000000007b70      0x1fc zephyr/subsys/bluetooth/controller/libsubsys__bluetooth__controller.a(ticker.c.obj)
 .text.ticker_worker
                0x0000000000007d6c      0x2d4 zephyr/subsys/bluetooth/controller/libsubsys__bluetooth__controller.a(ticker.c.obj)
                0x0000000000007d6c                ticker_worker
 .text.ticker_job
                0x0000000000008040      0x850 zephyr/subsys/bluetooth/controller/libsubsys__bluetooth__controller.a(ticker.c.obj)
                0x0000000000008040                ticker_job
 .text.ticker_init
                0x0000000000008890       0x68 zephyr/subsys/bluetooth/controller/libsubsys__bluetooth__controller.a(ticker.c.obj)
                0x0000000000008890                ticker_init
 .text.ticker_trigger
                0x00000000000088f8       0x30 zephyr/subsys/bluetooth/controller/libsubsys__bluetooth__controller.a(ticker.c.obj)
                0x00000000000088f8                ticker_trigger
 .text.ticker_start_us
                0x0000000000008928       0xa8 zephyr/subsys/bluetooth/controller/libsubsys__bluetooth__controller.a(ticker.c.obj)
                0x0000000000008928                ticker_start_us
 .text.ticker_start
                0x00000000000089d0       0x38 zephyr/subsys/bluetooth/controller/libsubsys__bluetooth__controller.a(ticker.c.obj)
                0x00000000000089d0                ticker_start
 .text.ticker_update
                0x0000000000008a08       0xa4 zephyr/subsys/bluetooth/controller/libsubsys__bluetooth__controller.a(ticker.c.obj)
                0x0000000000008a08                ticker_update
 .text.ticker_yield_abs
                0x0000000000008aac       0x88 zephyr/subsys/bluetooth/controller/libsubsys__bluetooth__controller.a(ticker.c.obj)
                0x0000000000008aac                ticker_yield_abs
 .text.ticker_stop
                0x0000000000008b34       0x84 zephyr/subsys/bluetooth/controller/libsubsys__bluetooth__controller.a(ticker.c.obj)
                0x0000000000008b34                ticker_stop
 .text.ticker_ticks_now_get
                0x0000000000008bb8        0x4 zephyr/subsys/bluetooth/controller/libsubsys__bluetooth__controller.a(ticker.c.obj)
                0x0000000000008bb8                ticker_ticks_now_get
 .text.ticker_ticks_diff_get
                0x0000000000008bbc        0x8 zephyr/subsys/bluetooth/controller/libsubsys__bluetooth__controller.a(ticker.c.obj)
                0x0000000000008bbc                ticker_ticks_diff_get
 .text.ll_feat_get
                0x0000000000008bc4        0xc zephyr/subsys/bluetooth/controller/libsubsys__bluetooth__controller.a(ll_feat.c.obj)
                0x0000000000008bc4                ll_feat_get
 .text.ll_tx_pwr_get
                0x0000000000008bd0        0x8 zephyr/subsys/bluetooth/controller/libsubsys__bluetooth__controller.a(ll_tx_pwr.c.obj)
                0x0000000000008bd0                ll_tx_pwr_get
 .text.ll_addr_set
                0x0000000000008bd8       0x3c zephyr/subsys/bluetooth/controller/libsubsys__bluetooth__controller.a(ll_addr.c.obj)
                0x0000000000008bd8                ll_addr_set
 .text.ll_addr_get
                0x0000000000008c14       0x20 zephyr/subsys/bluetooth/controller/libsubsys__bluetooth__controller.a(ll_addr.c.obj)
                0x0000000000008c14                ll_addr_get
 .text.ll_addr_read
                0x0000000000008c34       0x28 zephyr/subsys/bluetooth/controller/libsubsys__bluetooth__controller.a(ll_addr.c.obj)
                0x0000000000008c34                ll_addr_read
 .text.perform_lll_reset
                0x0000000000008c5c       0xa0 zephyr/subsys/bluetooth/controller/libsubsys__bluetooth__controller.a(ull.c.obj)
 .text.ull_ticker_status_give
                0x0000000000008cfc        0xc zephyr/subsys/bluetooth/controller/libsubsys__bluetooth__controller.a(ull.c.obj)
                0x0000000000008cfc                ull_ticker_status_give
 .text.disabled_cb
                0x0000000000008d08        0x4 zephyr/subsys/bluetooth/controller/libsubsys__bluetooth__controller.a(ull.c.obj)
 .text.rx_replenish
                0x0000000000008d0c       0x88 zephyr/subsys/bluetooth/controller/libsubsys__bluetooth__controller.a(ull.c.obj)
 .text.init_reset
                0x0000000000008d94      0x138 zephyr/subsys/bluetooth/controller/libsubsys__bluetooth__controller.a(ull.c.obj)
 .text.rx_demux
                0x0000000000008ecc      0x23c zephyr/subsys/bluetooth/controller/libsubsys__bluetooth__controller.a(ull.c.obj)
 .text.ll_init  0x0000000000009108       0xec zephyr/subsys/bluetooth/controller/libsubsys__bluetooth__controller.a(ull.c.obj)
                0x0000000000009108                ll_init
 .text.ll_reset
                0x00000000000091f4      0x128 zephyr/subsys/bluetooth/controller/libsubsys__bluetooth__controller.a(ull.c.obj)
                0x00000000000091f4                ll_reset
 .text.ll_deinit
                0x000000000000931c       0x10 zephyr/subsys/bluetooth/controller/libsubsys__bluetooth__controller.a(ull.c.obj)
                0x000000000000931c                ll_deinit
 .text.ll_rx_get
                0x000000000000932c       0xc8 zephyr/subsys/bluetooth/controller/libsubsys__bluetooth__controller.a(ull.c.obj)
                0x000000000000932c                ll_rx_get
 .text.ll_rx_dequeue
                0x00000000000093f4      0x138 zephyr/subsys/bluetooth/controller/libsubsys__bluetooth__controller.a(ull.c.obj)
                0x00000000000093f4                ll_rx_dequeue
 .text.ll_rx_mem_release
                0x000000000000952c      0x1ac zephyr/subsys/bluetooth/controller/libsubsys__bluetooth__controller.a(ull.c.obj)
                0x000000000000952c                ll_rx_mem_release
 .text.ll_rx_link_alloc
                0x00000000000096d8        0xc zephyr/subsys/bluetooth/controller/libsubsys__bluetooth__controller.a(ull.c.obj)
                0x00000000000096d8                ll_rx_link_alloc
 .text.ll_rx_link_release
                0x00000000000096e4        0xc zephyr/subsys/bluetooth/controller/libsubsys__bluetooth__controller.a(ull.c.obj)
                0x00000000000096e4                ll_rx_link_release
 .text.ll_rx_alloc
                0x00000000000096f0        0xc zephyr/subsys/bluetooth/controller/libsubsys__bluetooth__controller.a(ull.c.obj)
                0x00000000000096f0                ll_rx_alloc
 .text.ll_rx_release
                0x00000000000096fc        0xc zephyr/subsys/bluetooth/controller/libsubsys__bluetooth__controller.a(ull.c.obj)
                0x00000000000096fc                ll_rx_release
 .text.ll_rx_put
                0x0000000000009708        0xc zephyr/subsys/bluetooth/controller/libsubsys__bluetooth__controller.a(ull.c.obj)
                0x0000000000009708                ll_rx_put
 .text.ll_rx_sched
                0x0000000000009714        0xc zephyr/subsys/bluetooth/controller/libsubsys__bluetooth__controller.a(ull.c.obj)
                0x0000000000009714                ll_rx_sched
 .text.ll_rx_put_sched
                0x0000000000009720       0x1c zephyr/subsys/bluetooth/controller/libsubsys__bluetooth__controller.a(ull.c.obj)
                0x0000000000009720                ll_rx_put_sched
 .text.ull_ticker_status_take
                0x000000000000973c       0x24 zephyr/subsys/bluetooth/controller/libsubsys__bluetooth__controller.a(ull.c.obj)
                0x000000000000973c                ull_ticker_status_take
 .text.ull_disable_mark_get
                0x0000000000009760        0xc zephyr/subsys/bluetooth/controller/libsubsys__bluetooth__controller.a(ull.c.obj)
                0x0000000000009760                ull_disable_mark_get
 .text.ull_disable
                0x000000000000976c       0x7c zephyr/subsys/bluetooth/controller/libsubsys__bluetooth__controller.a(ull.c.obj)
                0x000000000000976c                ull_disable
 .text.ull_ticker_stop_with_mark
                0x00000000000097e8       0xa4 zephyr/subsys/bluetooth/controller/libsubsys__bluetooth__controller.a(ull.c.obj)
                0x00000000000097e8                ull_ticker_stop_with_mark
 .text.ull_pdu_rx_alloc_peek
                0x000000000000988c       0x38 zephyr/subsys/bluetooth/controller/libsubsys__bluetooth__controller.a(ull.c.obj)
                0x000000000000988c                ull_pdu_rx_alloc_peek
 .text.ull_pdu_rx_alloc
                0x00000000000098c4       0x2c zephyr/subsys/bluetooth/controller/libsubsys__bluetooth__controller.a(ull.c.obj)
                0x00000000000098c4                ull_pdu_rx_alloc
 .text.ull_rx_put
                0x00000000000098f0        0xc zephyr/subsys/bluetooth/controller/libsubsys__bluetooth__controller.a(ull.c.obj)
                0x00000000000098f0                ull_rx_put
 .text.ull_rx_sched
                0x00000000000098fc       0x10 zephyr/subsys/bluetooth/controller/libsubsys__bluetooth__controller.a(ull.c.obj)
                0x00000000000098fc                ull_rx_sched
 .text.ull_rx_put_sched
                0x000000000000990c       0x20 zephyr/subsys/bluetooth/controller/libsubsys__bluetooth__controller.a(ull.c.obj)
                0x000000000000990c                ull_rx_put_sched
 .text.ull_prepare_enqueue
                0x000000000000992c       0x74 zephyr/subsys/bluetooth/controller/libsubsys__bluetooth__controller.a(ull.c.obj)
                0x000000000000992c                ull_prepare_enqueue
 .text.ull_prepare_dequeue_get
                0x00000000000099a0       0x1c zephyr/subsys/bluetooth/controller/libsubsys__bluetooth__controller.a(ull.c.obj)
                0x00000000000099a0                ull_prepare_dequeue_get
 .text.ull_prepare_dequeue_iter
                0x00000000000099bc       0x34 zephyr/subsys/bluetooth/controller/libsubsys__bluetooth__controller.a(ull.c.obj)
                0x00000000000099bc                ull_prepare_dequeue_iter
 .text.ull_prepare_dequeue
                0x00000000000099f0      0x130 zephyr/subsys/bluetooth/controller/libsubsys__bluetooth__controller.a(ull.c.obj)
                0x00000000000099f0                ull_prepare_dequeue
 .text.ull_event_done_extra_get
                0x0000000000009b20       0x1c zephyr/subsys/bluetooth/controller/libsubsys__bluetooth__controller.a(ull.c.obj)
                0x0000000000009b20                ull_event_done_extra_get
 .text.ull_done_extra_type_set
                0x0000000000009b3c       0x24 zephyr/subsys/bluetooth/controller/libsubsys__bluetooth__controller.a(ull.c.obj)
                0x0000000000009b3c                ull_done_extra_type_set
 .text.ull_event_done
                0x0000000000009b60       0x54 zephyr/subsys/bluetooth/controller/libsubsys__bluetooth__controller.a(ull.c.obj)
                0x0000000000009b60                ull_event_done
 .text.lll_prepare
                0x0000000000009bb4       0x14 zephyr/subsys/bluetooth/controller/libsubsys__bluetooth__controller.a(lll_common.c.obj)
                0x0000000000009bb4                lll_prepare
 .text.lll_resume
                0x0000000000009bc8       0x50 zephyr/subsys/bluetooth/controller/libsubsys__bluetooth__controller.a(lll_common.c.obj)
                0x0000000000009bc8                lll_resume
 .text.hci_driver_close
                0x0000000000009c18       0x50 zephyr/subsys/bluetooth/controller/libsubsys__bluetooth__controller.a(hci_driver.c.obj)
 .text.recv_thread
                0x0000000000009c68       0xe8 zephyr/subsys/bluetooth/controller/libsubsys__bluetooth__controller.a(hci_driver.c.obj)
 .text.prio_recv_thread
                0x0000000000009d50       0x50 zephyr/subsys/bluetooth/controller/libsubsys__bluetooth__controller.a(hci_driver.c.obj)
 .text.hci_driver_open
                0x0000000000009da0       0xb0 zephyr/subsys/bluetooth/controller/libsubsys__bluetooth__controller.a(hci_driver.c.obj)
 .text.hci_driver_send
                0x0000000000009e50       0x68 zephyr/subsys/bluetooth/controller/libsubsys__bluetooth__controller.a(hci_driver.c.obj)
 .text.hci_recv_fifo_reset
                0x0000000000009eb8       0x20 zephyr/subsys/bluetooth/controller/libsubsys__bluetooth__controller.a(hci_driver.c.obj)
                0x0000000000009eb8                hci_recv_fifo_reset
 .text.dup_ext_adv_adi_store
                0x0000000000009ed8       0x6c zephyr/subsys/bluetooth/controller/libsubsys__bluetooth__controller.a(hci.c.obj)
 .text.dup_found
                0x0000000000009f44      0x1cc zephyr/subsys/bluetooth/controller/libsubsys__bluetooth__controller.a(hci.c.obj)
 .text.ext_adv_info_fill.constprop.0
                0x000000000000a110       0xf8 zephyr/subsys/bluetooth/controller/libsubsys__bluetooth__controller.a(hci.c.obj)
 .text.ext_adv_pdu_frag.constprop.0
                0x000000000000a208       0xe0 zephyr/subsys/bluetooth/controller/libsubsys__bluetooth__controller.a(hci.c.obj)
 .text.ext_adv_data_frag.constprop.0
                0x000000000000a2e8      0x170 zephyr/subsys/bluetooth/controller/libsubsys__bluetooth__controller.a(hci.c.obj)
 .text.le_ext_adv_legacy_report
                0x000000000000a458      0x14c zephyr/subsys/bluetooth/controller/libsubsys__bluetooth__controller.a(hci.c.obj)
 .text.le_ext_adv_report
                0x000000000000a5a4      0x6ac zephyr/subsys/bluetooth/controller/libsubsys__bluetooth__controller.a(hci.c.obj)
 .text.hci_vendor_cmd_handle_common
                0x000000000000ac50      0x164 zephyr/subsys/bluetooth/controller/libsubsys__bluetooth__controller.a(hci.c.obj)
                0x000000000000ac50                hci_vendor_cmd_handle_common
 .text.hci_cmd_handle
                0x000000000000adb4      0x6d4 zephyr/subsys/bluetooth/controller/libsubsys__bluetooth__controller.a(hci.c.obj)
                0x000000000000adb4                hci_cmd_handle
 .text.hci_evt_encode
                0x000000000000b488      0xa54 zephyr/subsys/bluetooth/controller/libsubsys__bluetooth__controller.a(hci.c.obj)
                0x000000000000b488                hci_evt_encode
 .text.hci_get_class
                0x000000000000bedc       0x40 zephyr/subsys/bluetooth/controller/libsubsys__bluetooth__controller.a(hci.c.obj)
                0x000000000000bedc                hci_get_class
 .text.hci_init
                0x000000000000bf1c       0x44 zephyr/subsys/bluetooth/controller/libsubsys__bluetooth__controller.a(hci.c.obj)
                0x000000000000bf1c                hci_init
 .text.ticker_cb
                0x000000000000bf60      0x1d4 zephyr/subsys/bluetooth/controller/libsubsys__bluetooth__controller.a(ull_scan.c.obj)
 .text.ext_disabled_cb
                0x000000000000c134       0x10 zephyr/subsys/bluetooth/controller/libsubsys__bluetooth__controller.a(ull_scan.c.obj)
 .text.ticker_stop_ext_op_cb
                0x000000000000c144       0x48 zephyr/subsys/bluetooth/controller/libsubsys__bluetooth__controller.a(ull_scan.c.obj)
 .text.ext_disable
                0x000000000000c18c       0x98 zephyr/subsys/bluetooth/controller/libsubsys__bluetooth__controller.a(ull_scan.c.obj)
 .text.ull_scan_init
                0x000000000000c224        0x4 zephyr/subsys/bluetooth/controller/libsubsys__bluetooth__controller.a(ull_scan.c.obj)
                0x000000000000c224                ull_scan_init
 .text.ull_scan_disable
                0x000000000000c228       0xb0 zephyr/subsys/bluetooth/controller/libsubsys__bluetooth__controller.a(ull_scan.c.obj)
                0x000000000000c228                ull_scan_disable
 .text.disable.constprop.0
                0x000000000000c2d8       0x44 zephyr/subsys/bluetooth/controller/libsubsys__bluetooth__controller.a(ull_scan.c.obj)
 .text.ll_scan_enable
                0x000000000000c31c      0x184 zephyr/subsys/bluetooth/controller/libsubsys__bluetooth__controller.a(ull_scan.c.obj)
                0x000000000000c31c                ll_scan_enable
 .text.ull_scan_reset
                0x000000000000c4a0       0x20 zephyr/subsys/bluetooth/controller/libsubsys__bluetooth__controller.a(ull_scan.c.obj)
                0x000000000000c4a0                ull_scan_reset
 .text.ull_scan_done
                0x000000000000c4c0       0xac zephyr/subsys/bluetooth/controller/libsubsys__bluetooth__controller.a(ull_scan.c.obj)
                0x000000000000c4c0                ull_scan_done
 .text.ull_scan_term_dequeue
                0x000000000000c56c       0x50 zephyr/subsys/bluetooth/controller/libsubsys__bluetooth__controller.a(ull_scan.c.obj)
                0x000000000000c56c                ull_scan_term_dequeue
 .text.ull_scan_set_get
                0x000000000000c5bc       0x10 zephyr/subsys/bluetooth/controller/libsubsys__bluetooth__controller.a(ull_scan.c.obj)
                0x000000000000c5bc                ull_scan_set_get
 .text.ull_scan_handle_get
                0x000000000000c5cc       0x1c zephyr/subsys/bluetooth/controller/libsubsys__bluetooth__controller.a(ull_scan.c.obj)
                0x000000000000c5cc                ull_scan_handle_get
 .text.ull_scan_lll_handle_get
                0x000000000000c5e8       0x1c zephyr/subsys/bluetooth/controller/libsubsys__bluetooth__controller.a(ull_scan.c.obj)
                0x000000000000c5e8                ull_scan_lll_handle_get
 .text.ull_scan_is_valid_get
                0x000000000000c604       0x10 zephyr/subsys/bluetooth/controller/libsubsys__bluetooth__controller.a(ull_scan.c.obj)
                0x000000000000c604                ull_scan_is_valid_get
 .text.ull_scan_lll_is_valid_get
                0x000000000000c614       0x14 zephyr/subsys/bluetooth/controller/libsubsys__bluetooth__controller.a(ull_scan.c.obj)
                0x000000000000c614                ull_scan_lll_is_valid_get
 .text.ull_scan_is_enabled
                0x000000000000c628       0x40 zephyr/subsys/bluetooth/controller/libsubsys__bluetooth__controller.a(ull_scan.c.obj)
                0x000000000000c628                ull_scan_is_enabled
 .text.aux_sync_partial
                0x000000000000c668       0x48 zephyr/subsys/bluetooth/controller/libsubsys__bluetooth__controller.a(ull_scan_aux.c.obj)
 .text.ticker_op_cb
                0x000000000000c6b0       0xb8 zephyr/subsys/bluetooth/controller/libsubsys__bluetooth__controller.a(ull_scan_aux.c.obj)
 .text.ticker_cb
                0x000000000000c768       0x94 zephyr/subsys/bluetooth/controller/libsubsys__bluetooth__controller.a(ull_scan_aux.c.obj)
 .text.flush    0x000000000000c7fc       0xec zephyr/subsys/bluetooth/controller/libsubsys__bluetooth__controller.a(ull_scan_aux.c.obj)
 .text.aux_sync_incomplete
                0x000000000000c8e8       0xec zephyr/subsys/bluetooth/controller/libsubsys__bluetooth__controller.a(ull_scan_aux.c.obj)
 .text.flush_safe
                0x000000000000c9d4       0xa8 zephyr/subsys/bluetooth/controller/libsubsys__bluetooth__controller.a(ull_scan_aux.c.obj)
 .text.done_disabled_cb
                0x000000000000ca7c       0x44 zephyr/subsys/bluetooth/controller/libsubsys__bluetooth__controller.a(ull_scan_aux.c.obj)
 .text.ull_scan_aux_init
                0x000000000000cac0       0x1c zephyr/subsys/bluetooth/controller/libsubsys__bluetooth__controller.a(ull_scan_aux.c.obj)
                0x000000000000cac0                ull_scan_aux_init
 .text.ull_scan_aux_reset
                0x000000000000cadc       0x1c zephyr/subsys/bluetooth/controller/libsubsys__bluetooth__controller.a(ull_scan_aux.c.obj)
                0x000000000000cadc                ull_scan_aux_reset
 .text.ull_scan_aux_done
                0x000000000000caf8       0xe8 zephyr/subsys/bluetooth/controller/libsubsys__bluetooth__controller.a(ull_scan_aux.c.obj)
                0x000000000000caf8                ull_scan_aux_done
 .text.ull_scan_aux_set_get
                0x000000000000cbe0       0x10 zephyr/subsys/bluetooth/controller/libsubsys__bluetooth__controller.a(ull_scan_aux.c.obj)
                0x000000000000cbe0                ull_scan_aux_set_get
 .text.ull_scan_aux_lll_handle_get
                0x000000000000cbf0       0x14 zephyr/subsys/bluetooth/controller/libsubsys__bluetooth__controller.a(ull_scan_aux.c.obj)
                0x000000000000cbf0                ull_scan_aux_lll_handle_get
 .text.ull_scan_aux_lll_parent_get
                0x000000000000cc04       0x48 zephyr/subsys/bluetooth/controller/libsubsys__bluetooth__controller.a(ull_scan_aux.c.obj)
                0x000000000000cc04                ull_scan_aux_lll_parent_get
 .text.ull_scan_aux_lll_is_valid_get
                0x000000000000cc4c       0x14 zephyr/subsys/bluetooth/controller/libsubsys__bluetooth__controller.a(ull_scan_aux.c.obj)
                0x000000000000cc4c                ull_scan_aux_lll_is_valid_get
 .text.ull_scan_aux_release
                0x000000000000cc60      0x114 zephyr/subsys/bluetooth/controller/libsubsys__bluetooth__controller.a(ull_scan_aux.c.obj)
                0x000000000000cc60                ull_scan_aux_release
 .text.ull_scan_aux_stop
                0x000000000000cd74       0xc0 zephyr/subsys/bluetooth/controller/libsubsys__bluetooth__controller.a(ull_scan_aux.c.obj)
                0x000000000000cd74                ull_scan_aux_stop
 .text.ticker_cb
                0x000000000000ce34       0xb4 zephyr/subsys/bluetooth/controller/libsubsys__bluetooth__controller.a(ull_sync.c.obj)
 .text.sync_expire
                0x000000000000cee8       0x24 zephyr/subsys/bluetooth/controller/libsubsys__bluetooth__controller.a(ull_sync.c.obj)
 .text.sync_ticker_cleanup
                0x000000000000cf0c       0x60 zephyr/subsys/bluetooth/controller/libsubsys__bluetooth__controller.a(ull_sync.c.obj)
 .text.ticker_update_op_status_give
                0x000000000000cf6c        0xc zephyr/subsys/bluetooth/controller/libsubsys__bluetooth__controller.a(ull_sync.c.obj)
 .text.ticker_start_op_cb
                0x000000000000cf78       0x34 zephyr/subsys/bluetooth/controller/libsubsys__bluetooth__controller.a(ull_sync.c.obj)
 .text.ticker_stop_sync_expire_op_cb
                0x000000000000cfac       0x6c zephyr/subsys/bluetooth/controller/libsubsys__bluetooth__controller.a(ull_sync.c.obj)
 .text.ticker_update_op_cb
                0x000000000000d018       0x3c zephyr/subsys/bluetooth/controller/libsubsys__bluetooth__controller.a(ull_sync.c.obj)
 .text.ticker_stop_sync_lost_op_cb
                0x000000000000d054       0x74 zephyr/subsys/bluetooth/controller/libsubsys__bluetooth__controller.a(ull_sync.c.obj)
 .text.sync_lost
                0x000000000000d0c8       0x64 zephyr/subsys/bluetooth/controller/libsubsys__bluetooth__controller.a(ull_sync.c.obj)
 .text.ll_sync_terminate.part.0
                0x000000000000d12c       0xe8 zephyr/subsys/bluetooth/controller/libsubsys__bluetooth__controller.a(ull_sync.c.obj)
 .text.ll_sync_create
                0x000000000000d214      0x1a4 zephyr/subsys/bluetooth/controller/libsubsys__bluetooth__controller.a(ull_sync.c.obj)
                0x000000000000d214                ll_sync_create
 .text.ll_sync_create_cancel
                0x000000000000d3b8       0xe8 zephyr/subsys/bluetooth/controller/libsubsys__bluetooth__controller.a(ull_sync.c.obj)
                0x000000000000d3b8                ll_sync_create_cancel
 .text.ll_sync_terminate
                0x000000000000d4a0       0x18 zephyr/subsys/bluetooth/controller/libsubsys__bluetooth__controller.a(ull_sync.c.obj)
                0x000000000000d4a0                ll_sync_terminate
 .text.ll_sync_recv_enable
                0x000000000000d4b8       0x2c zephyr/subsys/bluetooth/controller/libsubsys__bluetooth__controller.a(ull_sync.c.obj)
                0x000000000000d4b8                ll_sync_recv_enable
 .text.ull_sync_init
                0x000000000000d4e4       0x28 zephyr/subsys/bluetooth/controller/libsubsys__bluetooth__controller.a(ull_sync.c.obj)
                0x000000000000d4e4                ull_sync_init
 .text.ull_sync_reset
                0x000000000000d50c       0x44 zephyr/subsys/bluetooth/controller/libsubsys__bluetooth__controller.a(ull_sync.c.obj)
                0x000000000000d50c                ull_sync_reset
 .text.ull_sync_is_enabled_get
                0x000000000000d550       0x1c zephyr/subsys/bluetooth/controller/libsubsys__bluetooth__controller.a(ull_sync.c.obj)
                0x000000000000d550                ull_sync_is_enabled_get
 .text.ull_sync_is_valid_get
                0x000000000000d56c       0x10 zephyr/subsys/bluetooth/controller/libsubsys__bluetooth__controller.a(ull_sync.c.obj)
                0x000000000000d56c                ull_sync_is_valid_get
 .text.ull_sync_lll_is_valid_get
                0x000000000000d57c       0x14 zephyr/subsys/bluetooth/controller/libsubsys__bluetooth__controller.a(ull_sync.c.obj)
                0x000000000000d57c                ull_sync_lll_is_valid_get
 .text.ull_sync_handle_get
                0x000000000000d590        0xc zephyr/subsys/bluetooth/controller/libsubsys__bluetooth__controller.a(ull_sync.c.obj)
                0x000000000000d590                ull_sync_handle_get
 .text.ull_sync_lll_handle_get
                0x000000000000d59c       0x10 zephyr/subsys/bluetooth/controller/libsubsys__bluetooth__controller.a(ull_sync.c.obj)
                0x000000000000d59c                ull_sync_lll_handle_get
 .text.ull_sync_release
                0x000000000000d5ac       0x3c zephyr/subsys/bluetooth/controller/libsubsys__bluetooth__controller.a(ull_sync.c.obj)
                0x000000000000d5ac                ull_sync_release
 .text.ull_sync_setup_addr_check
                0x000000000000d5e8       0x68 zephyr/subsys/bluetooth/controller/libsubsys__bluetooth__controller.a(ull_sync.c.obj)
                0x000000000000d5e8                ull_sync_setup_addr_check
 .text.ull_sync_setup_sid_match
                0x000000000000d650       0x44 zephyr/subsys/bluetooth/controller/libsubsys__bluetooth__controller.a(ull_sync.c.obj)
                0x000000000000d650                ull_sync_setup_sid_match
 .text.ull_sync_setup_reset
                0x000000000000d694        0x8 zephyr/subsys/bluetooth/controller/libsubsys__bluetooth__controller.a(ull_sync.c.obj)
                0x000000000000d694                ull_sync_setup_reset
 .text.ull_sync_established_report
                0x000000000000d69c       0x9c zephyr/subsys/bluetooth/controller/libsubsys__bluetooth__controller.a(ull_sync.c.obj)
                0x000000000000d69c                ull_sync_established_report
 .text.ull_sync_done
                0x000000000000d738      0x194 zephyr/subsys/bluetooth/controller/libsubsys__bluetooth__controller.a(ull_sync.c.obj)
                0x000000000000d738                ull_sync_done
 .text.ull_sync_chm_update
                0x000000000000d8cc       0xd8 zephyr/subsys/bluetooth/controller/libsubsys__bluetooth__controller.a(ull_sync.c.obj)
                0x000000000000d8cc                ull_sync_chm_update
 .text.ll_df_set_cl_iq_sampling_enable
                0x000000000000d9a4      0x11c zephyr/subsys/bluetooth/controller/libsubsys__bluetooth__controller.a(ull_df.c.obj)
                0x000000000000d9a4                ll_df_set_cl_iq_sampling_enable
 .text.ull_df_sync_cfg_init
                0x000000000000dac0       0x18 zephyr/subsys/bluetooth/controller/libsubsys__bluetooth__controller.a(ull_df.c.obj)
                0x000000000000dac0                ull_df_sync_cfg_init
 .text.ull_df_sync_cfg_is_not_enabled
                0x000000000000dad8       0x1c zephyr/subsys/bluetooth/controller/libsubsys__bluetooth__controller.a(ull_df.c.obj)
                0x000000000000dad8                ull_df_sync_cfg_is_not_enabled
 .text.ull_df_iq_report_alloc_peek
                0x000000000000daf4       0x38 zephyr/subsys/bluetooth/controller/libsubsys__bluetooth__controller.a(ull_df.c.obj)
                0x000000000000daf4                ull_df_iq_report_alloc_peek
 .text.ull_df_iq_report_alloc
                0x000000000000db2c       0x2c zephyr/subsys/bluetooth/controller/libsubsys__bluetooth__controller.a(ull_df.c.obj)
                0x000000000000db2c                ull_df_iq_report_alloc
 .text.ull_df_iq_report_mem_release
                0x000000000000db58        0xc zephyr/subsys/bluetooth/controller/libsubsys__bluetooth__controller.a(ull_df.c.obj)
                0x000000000000db58                ull_df_iq_report_mem_release
 .text.ull_iq_report_link_inc_quota
                0x000000000000db64       0x4c zephyr/subsys/bluetooth/controller/libsubsys__bluetooth__controller.a(ull_df.c.obj)
                0x000000000000db64                ull_iq_report_link_inc_quota
 .text.ull_df_rx_iq_report_alloc
                0x000000000000dbb0       0x78 zephyr/subsys/bluetooth/controller/libsubsys__bluetooth__controller.a(ull_df.c.obj)
                0x000000000000dbb0                ull_df_rx_iq_report_alloc
 .text.ull_df_reset
                0x000000000000dc28       0x34 zephyr/subsys/bluetooth/controller/libsubsys__bluetooth__controller.a(ull_df.c.obj)
                0x000000000000dc28                ull_df_reset
 .text.ull_df_init
                0x000000000000dc5c       0x34 zephyr/subsys/bluetooth/controller/libsubsys__bluetooth__controller.a(ull_df.c.obj)
                0x000000000000dc5c                ull_df_init
 .text.ll_df_read_ant_inf
                0x000000000000dc90       0x20 zephyr/subsys/bluetooth/controller/libsubsys__bluetooth__controller.a(ull_df.c.obj)
                0x000000000000dc90                ll_df_read_ant_inf
 .text.ull_chan_reset
                0x000000000000dcb0       0x20 zephyr/subsys/bluetooth/controller/libsubsys__bluetooth__controller.a(ull_chan.c.obj)
                0x000000000000dcb0                ull_chan_reset
 .text.lll_chan_id
                0x000000000000dcd0        0x8 zephyr/subsys/bluetooth/controller/libsubsys__bluetooth__controller.a(lll_chan.c.obj)
                0x000000000000dcd0                lll_chan_id
 .text.lll_chan_sel_2
                0x000000000000dcd8       0xe0 zephyr/subsys/bluetooth/controller/libsubsys__bluetooth__controller.a(lll_chan.c.obj)
                0x000000000000dcd8                lll_chan_sel_2
 .text.pal_find
                0x000000000000ddb8       0x70 zephyr/subsys/bluetooth/controller/libsubsys__bluetooth__controller.a(ull_filter.c.obj)
 .text.ll_pal_size_get
                0x000000000000de28        0x4 zephyr/subsys/bluetooth/controller/libsubsys__bluetooth__controller.a(ull_filter.c.obj)
                0x000000000000de28                ll_pal_size_get
 .text.ll_pal_clear
                0x000000000000de2c       0x60 zephyr/subsys/bluetooth/controller/libsubsys__bluetooth__controller.a(ull_filter.c.obj)
                0x000000000000de2c                ll_pal_clear
 .text.ll_pal_add
                0x000000000000de8c       0x84 zephyr/subsys/bluetooth/controller/libsubsys__bluetooth__controller.a(ull_filter.c.obj)
                0x000000000000de8c                ll_pal_add
 .text.ll_pal_remove
                0x000000000000df10       0x3c zephyr/subsys/bluetooth/controller/libsubsys__bluetooth__controller.a(ull_filter.c.obj)
                0x000000000000df10                ll_pal_remove
 .text.ull_filter_ull_pal_addr_match
                0x000000000000df4c       0x50 zephyr/subsys/bluetooth/controller/libsubsys__bluetooth__controller.a(ull_filter.c.obj)
                0x000000000000df4c                ull_filter_ull_pal_addr_match
 .text.ull_filter_ull_pal_match
                0x000000000000df9c       0x58 zephyr/subsys/bluetooth/controller/libsubsys__bluetooth__controller.a(ull_filter.c.obj)
                0x000000000000df9c                ull_filter_ull_pal_match
 .text.bt_rand  0x000000000000dff4        0x4 zephyr/subsys/bluetooth/controller/libsubsys__bluetooth__controller.a(crypto.c.obj)
                0x000000000000dff4                bt_rand
 .text.radio_nrf5_isr
                0x000000000000dff8       0x1c zephyr/subsys/bluetooth/controller/ll_sw/nordic/libsubsys__bluetooth__controller__ll_sw__nordic.a(lll.c.obj)
                0x000000000000dff8                radio_nrf5_isr
 .text.rtc0_nrf5_isr
                0x000000000000e014       0x30 zephyr/subsys/bluetooth/controller/ll_sw/nordic/libsubsys__bluetooth__controller__ll_sw__nordic.a(lll.c.obj)
 .text.swi_lll_nrf5_isr
                0x000000000000e044        0x8 zephyr/subsys/bluetooth/controller/ll_sw/nordic/libsubsys__bluetooth__controller__ll_sw__nordic.a(lll.c.obj)
 .text.ticker_start_op_cb
                0x000000000000e04c       0xb0 zephyr/subsys/bluetooth/controller/ll_sw/nordic/libsubsys__bluetooth__controller__ll_sw__nordic.a(lll.c.obj)
 .text.ticker_stop_op_cb
                0x000000000000e0fc       0x8c zephyr/subsys/bluetooth/controller/ll_sw/nordic/libsubsys__bluetooth__controller__ll_sw__nordic.a(lll.c.obj)
 .text.isr_race
                0x000000000000e188        0x4 zephyr/subsys/bluetooth/controller/ll_sw/nordic/libsubsys__bluetooth__controller__ll_sw__nordic.a(lll.c.obj)
 .text.preempt_ticker_cb
                0x000000000000e18c       0x84 zephyr/subsys/bluetooth/controller/ll_sw/nordic/libsubsys__bluetooth__controller__ll_sw__nordic.a(lll.c.obj)
 .text.preempt_ticker_start
                0x000000000000e210      0x188 zephyr/subsys/bluetooth/controller/ll_sw/nordic/libsubsys__bluetooth__controller__ll_sw__nordic.a(lll.c.obj)
 .text.preempt  0x000000000000e398      0x208 zephyr/subsys/bluetooth/controller/ll_sw/nordic/libsubsys__bluetooth__controller__ll_sw__nordic.a(lll.c.obj)
 .text.lll_init
                0x000000000000e5a0       0x60 zephyr/subsys/bluetooth/controller/ll_sw/nordic/libsubsys__bluetooth__controller__ll_sw__nordic.a(lll.c.obj)
                0x000000000000e5a0                lll_init
 .text.lll_deinit
                0x000000000000e600       0x20 zephyr/subsys/bluetooth/controller/ll_sw/nordic/libsubsys__bluetooth__controller__ll_sw__nordic.a(lll.c.obj)
                0x000000000000e600                lll_deinit
 .text.lll_csrand_get
                0x000000000000e620       0x14 zephyr/subsys/bluetooth/controller/ll_sw/nordic/libsubsys__bluetooth__controller__ll_sw__nordic.a(lll.c.obj)
                0x000000000000e620                lll_csrand_get
 .text.lll_reset
                0x000000000000e634        0x4 zephyr/subsys/bluetooth/controller/ll_sw/nordic/libsubsys__bluetooth__controller__ll_sw__nordic.a(lll.c.obj)
                0x000000000000e634                lll_reset
 .text.lll_disable
                0x000000000000e638       0xa8 zephyr/subsys/bluetooth/controller/ll_sw/nordic/libsubsys__bluetooth__controller__ll_sw__nordic.a(lll.c.obj)
                0x000000000000e638                lll_disable
 .text.lll_prepare_done
                0x000000000000e6e0        0x4 zephyr/subsys/bluetooth/controller/ll_sw/nordic/libsubsys__bluetooth__controller__ll_sw__nordic.a(lll.c.obj)
                0x000000000000e6e0                lll_prepare_done
 .text.lll_done
                0x000000000000e6e4       0xac zephyr/subsys/bluetooth/controller/ll_sw/nordic/libsubsys__bluetooth__controller__ll_sw__nordic.a(lll.c.obj)
                0x000000000000e6e4                lll_done
 .text.lll_is_done
                0x000000000000e790       0x1c zephyr/subsys/bluetooth/controller/ll_sw/nordic/libsubsys__bluetooth__controller__ll_sw__nordic.a(lll.c.obj)
                0x000000000000e790                lll_is_done
 .text.lll_event_offset_get
                0x000000000000e7ac       0x1c zephyr/subsys/bluetooth/controller/ll_sw/nordic/libsubsys__bluetooth__controller__ll_sw__nordic.a(lll.c.obj)
                0x000000000000e7ac                lll_event_offset_get
 .text.lll_preempt_calc
                0x000000000000e7c8       0x24 zephyr/subsys/bluetooth/controller/ll_sw/nordic/libsubsys__bluetooth__controller__ll_sw__nordic.a(lll.c.obj)
                0x000000000000e7c8                lll_preempt_calc
 .text.lll_chan_set
                0x000000000000e7ec       0x88 zephyr/subsys/bluetooth/controller/ll_sw/nordic/libsubsys__bluetooth__controller__ll_sw__nordic.a(lll.c.obj)
                0x000000000000e7ec                lll_chan_set
 .text.lll_radio_rx_ready_delay_get
                0x000000000000e874        0x4 zephyr/subsys/bluetooth/controller/ll_sw/nordic/libsubsys__bluetooth__controller__ll_sw__nordic.a(lll.c.obj)
                0x000000000000e874                lll_radio_rx_ready_delay_get
 .text.lll_isr_tx_status_reset
                0x000000000000e878       0x10 zephyr/subsys/bluetooth/controller/ll_sw/nordic/libsubsys__bluetooth__controller__ll_sw__nordic.a(lll.c.obj)
                0x000000000000e878                lll_isr_tx_status_reset
 .text.lll_isr_rx_status_reset
                0x000000000000e888       0x14 zephyr/subsys/bluetooth/controller/ll_sw/nordic/libsubsys__bluetooth__controller__ll_sw__nordic.a(lll.c.obj)
                0x000000000000e888                lll_isr_rx_status_reset
 .text.lll_isr_status_reset
                0x000000000000e89c       0x18 zephyr/subsys/bluetooth/controller/ll_sw/nordic/libsubsys__bluetooth__controller__ll_sw__nordic.a(lll.c.obj)
                0x000000000000e89c                lll_isr_status_reset
 .text.lll_isr_cleanup
                0x000000000000e8b4       0x78 zephyr/subsys/bluetooth/controller/ll_sw/nordic/libsubsys__bluetooth__controller__ll_sw__nordic.a(lll.c.obj)
                0x000000000000e8b4                lll_isr_cleanup
 .text.lll_prepare_resolve
                0x000000000000e92c      0x1b4 zephyr/subsys/bluetooth/controller/ll_sw/nordic/libsubsys__bluetooth__controller__ll_sw__nordic.a(lll.c.obj)
                0x000000000000e92c                lll_prepare_resolve
 .text.lll_clock_init
                0x000000000000eae0       0x20 zephyr/subsys/bluetooth/controller/ll_sw/nordic/libsubsys__bluetooth__controller__ll_sw__nordic.a(lll_clock.c.obj)
                0x000000000000eae0                lll_clock_init
 .text.lll_clock_deinit
                0x000000000000eb00       0x20 zephyr/subsys/bluetooth/controller/ll_sw/nordic/libsubsys__bluetooth__controller__ll_sw__nordic.a(lll_clock.c.obj)
                0x000000000000eb00                lll_clock_deinit
 .text.lll_hfclock_on
                0x000000000000eb20       0x30 zephyr/subsys/bluetooth/controller/ll_sw/nordic/libsubsys__bluetooth__controller__ll_sw__nordic.a(lll_clock.c.obj)
                0x000000000000eb20                lll_hfclock_on
 .text.lll_hfclock_off
                0x000000000000eb50       0x38 zephyr/subsys/bluetooth/controller/ll_sw/nordic/libsubsys__bluetooth__controller__ll_sw__nordic.a(lll_clock.c.obj)
                0x000000000000eb50                lll_hfclock_off
 .text.lll_clock_ppm_local_get
                0x000000000000eb88        0x4 zephyr/subsys/bluetooth/controller/ll_sw/nordic/libsubsys__bluetooth__controller__ll_sw__nordic.a(lll_clock.c.obj)
                0x000000000000eb88                lll_clock_ppm_local_get
 .text.lll_clock_ppm_get
                0x000000000000eb8c        0xc zephyr/subsys/bluetooth/controller/ll_sw/nordic/libsubsys__bluetooth__controller__ll_sw__nordic.a(lll_clock.c.obj)
                0x000000000000eb8c                lll_clock_ppm_get
 .text.prepare_cb
                0x000000000000eb98        0x8 zephyr/subsys/bluetooth/controller/ll_sw/nordic/libsubsys__bluetooth__controller__ll_sw__nordic.a(lll_scan.c.obj)
 .text.isr_common_done
                0x000000000000eba0       0x90 zephyr/subsys/bluetooth/controller/ll_sw/nordic/libsubsys__bluetooth__controller__ll_sw__nordic.a(lll_scan.c.obj)
 .text.isr_abort
                0x000000000000ec30       0x54 zephyr/subsys/bluetooth/controller/ll_sw/nordic/libsubsys__bluetooth__controller__ll_sw__nordic.a(lll_scan.c.obj)
 .text.isr_done
                0x000000000000ec84       0x14 zephyr/subsys/bluetooth/controller/ll_sw/nordic/libsubsys__bluetooth__controller__ll_sw__nordic.a(lll_scan.c.obj)
 .text.isr_tx   0x000000000000ec98       0xa8 zephyr/subsys/bluetooth/controller/ll_sw/nordic/libsubsys__bluetooth__controller__ll_sw__nordic.a(lll_scan.c.obj)
 .text.isr_done_cleanup
                0x000000000000ed40       0xe8 zephyr/subsys/bluetooth/controller/ll_sw/nordic/libsubsys__bluetooth__controller__ll_sw__nordic.a(lll_scan.c.obj)
 .text.is_abort_cb
                0x000000000000ee28       0x8c zephyr/subsys/bluetooth/controller/ll_sw/nordic/libsubsys__bluetooth__controller__ll_sw__nordic.a(lll_scan.c.obj)
 .text.resume_prepare_cb
                0x000000000000eeb4       0x2c zephyr/subsys/bluetooth/controller/ll_sw/nordic/libsubsys__bluetooth__controller__ll_sw__nordic.a(lll_scan.c.obj)
 .text.isr_window
                0x000000000000eee0       0x44 zephyr/subsys/bluetooth/controller/ll_sw/nordic/libsubsys__bluetooth__controller__ll_sw__nordic.a(lll_scan.c.obj)
 .text.ticker_op_start_cb
                0x000000000000ef24       0x34 zephyr/subsys/bluetooth/controller/ll_sw/nordic/libsubsys__bluetooth__controller__ll_sw__nordic.a(lll_scan.c.obj)
 .text.ticker_stop_cb
                0x000000000000ef58       0x48 zephyr/subsys/bluetooth/controller/ll_sw/nordic/libsubsys__bluetooth__controller__ll_sw__nordic.a(lll_scan.c.obj)
 .text.abort_cb
                0x000000000000efa0       0x60 zephyr/subsys/bluetooth/controller/ll_sw/nordic/libsubsys__bluetooth__controller__ll_sw__nordic.a(lll_scan.c.obj)
 .text.isr_rx_scan_report.constprop.0
                0x000000000000f000      0x11c zephyr/subsys/bluetooth/controller/ll_sw/nordic/libsubsys__bluetooth__controller__ll_sw__nordic.a(lll_scan.c.obj)
 .text.lll_scan_init
                0x000000000000f11c        0x4 zephyr/subsys/bluetooth/controller/ll_sw/nordic/libsubsys__bluetooth__controller__ll_sw__nordic.a(lll_scan.c.obj)
                0x000000000000f11c                lll_scan_init
 .text.lll_scan_reset
                0x000000000000f120        0x4 zephyr/subsys/bluetooth/controller/ll_sw/nordic/libsubsys__bluetooth__controller__ll_sw__nordic.a(lll_scan.c.obj)
                0x000000000000f120                lll_scan_reset
 .text.lll_scan_prepare
                0x000000000000f124       0x80 zephyr/subsys/bluetooth/controller/ll_sw/nordic/libsubsys__bluetooth__controller__ll_sw__nordic.a(lll_scan.c.obj)
                0x000000000000f124                lll_scan_prepare
 .text.lll_scan_isr_resume
                0x000000000000f1a4       0x34 zephyr/subsys/bluetooth/controller/ll_sw/nordic/libsubsys__bluetooth__controller__ll_sw__nordic.a(lll_scan.c.obj)
                0x000000000000f1a4                lll_scan_isr_resume
 .text.lll_scan_isr_rx_check
                0x000000000000f1d8       0x14 zephyr/subsys/bluetooth/controller/ll_sw/nordic/libsubsys__bluetooth__controller__ll_sw__nordic.a(lll_scan.c.obj)
                0x000000000000f1d8                lll_scan_isr_rx_check
 .text.lll_scan_ext_tgta_check
                0x000000000000f1ec       0x84 zephyr/subsys/bluetooth/controller/ll_sw/nordic/libsubsys__bluetooth__controller__ll_sw__nordic.a(lll_scan.c.obj)
                0x000000000000f1ec                lll_scan_ext_tgta_check
 .text.isr_rx   0x000000000000f270      0x2f8 zephyr/subsys/bluetooth/controller/ll_sw/nordic/libsubsys__bluetooth__controller__ll_sw__nordic.a(lll_scan.c.obj)
 .text.isr_done
                0x000000000000f568       0xb4 zephyr/subsys/bluetooth/controller/ll_sw/nordic/libsubsys__bluetooth__controller__ll_sw__nordic.a(lll_scan_aux.c.obj)
 .text.isr_tx   0x000000000000f61c       0x9c zephyr/subsys/bluetooth/controller/ll_sw/nordic/libsubsys__bluetooth__controller__ll_sw__nordic.a(lll_scan_aux.c.obj)
 .text.isr_tx_scan_req_lll_schedule
                0x000000000000f6b8       0x50 zephyr/subsys/bluetooth/controller/ll_sw/nordic/libsubsys__bluetooth__controller__ll_sw__nordic.a(lll_scan_aux.c.obj)
 .text.isr_tx_scan_req_ull_schedule
                0x000000000000f708       0x50 zephyr/subsys/bluetooth/controller/ll_sw/nordic/libsubsys__bluetooth__controller__ll_sw__nordic.a(lll_scan_aux.c.obj)
 .text.abort_cb
                0x000000000000f758       0x98 zephyr/subsys/bluetooth/controller/ll_sw/nordic/libsubsys__bluetooth__controller__ll_sw__nordic.a(lll_scan_aux.c.obj)
 .text.is_abort_cb
                0x000000000000f7f0       0x48 zephyr/subsys/bluetooth/controller/ll_sw/nordic/libsubsys__bluetooth__controller__ll_sw__nordic.a(lll_scan_aux.c.obj)
 .text.lll_scan_aux_isr_aux_setup
                0x000000000000f838      0x154 zephyr/subsys/bluetooth/controller/ll_sw/nordic/libsubsys__bluetooth__controller__ll_sw__nordic.a(lll_scan_aux.c.obj)
                0x000000000000f838                lll_scan_aux_isr_aux_setup
 .text.lll_scan_aux_prepare
                0x000000000000f98c       0x80 zephyr/subsys/bluetooth/controller/ll_sw/nordic/libsubsys__bluetooth__controller__ll_sw__nordic.a(lll_scan_aux.c.obj)
                0x000000000000f98c                lll_scan_aux_prepare
 .text.lll_scan_aux_setup
                0x000000000000fa0c      0x17c zephyr/subsys/bluetooth/controller/ll_sw/nordic/libsubsys__bluetooth__controller__ll_sw__nordic.a(lll_scan_aux.c.obj)
                0x000000000000fa0c                lll_scan_aux_setup
 .text.isr_rx   0x000000000000fb88      0x448 zephyr/subsys/bluetooth/controller/ll_sw/nordic/libsubsys__bluetooth__controller__ll_sw__nordic.a(lll_scan_aux.c.obj)
 .text.isr_rx_ull_schedule
                0x000000000000ffd0       0x1c zephyr/subsys/bluetooth/controller/ll_sw/nordic/libsubsys__bluetooth__controller__ll_sw__nordic.a(lll_scan_aux.c.obj)
 .text.isr_rx_lll_schedule
                0x000000000000ffec       0x18 zephyr/subsys/bluetooth/controller/ll_sw/nordic/libsubsys__bluetooth__controller__ll_sw__nordic.a(lll_scan_aux.c.obj)
 .text.lll_scan_aux_addr_match_get
                0x0000000000010004        0x8 zephyr/subsys/bluetooth/controller/ll_sw/nordic/libsubsys__bluetooth__controller__ll_sw__nordic.a(lll_scan_aux.c.obj)
                0x0000000000010004                lll_scan_aux_addr_match_get
 .text.isr_aux_setup
                0x000000000001000c      0x1bc zephyr/subsys/bluetooth/controller/ll_sw/nordic/libsubsys__bluetooth__controller__ll_sw__nordic.a(lll_sync.c.obj)
 .text.iq_report_create_put
                0x00000000000101c8      0x12c zephyr/subsys/bluetooth/controller/ll_sw/nordic/libsubsys__bluetooth__controller__ll_sw__nordic.a(lll_sync.c.obj)
 .text.isr_rx   0x00000000000102f4      0x14c zephyr/subsys/bluetooth/controller/ll_sw/nordic/libsubsys__bluetooth__controller__ll_sw__nordic.a(lll_sync.c.obj)
 .text.isr_rx_done_cleanup
                0x0000000000010440       0xa0 zephyr/subsys/bluetooth/controller/ll_sw/nordic/libsubsys__bluetooth__controller__ll_sw__nordic.a(lll_sync.c.obj)
 .text.isr_done
                0x00000000000104e0       0x78 zephyr/subsys/bluetooth/controller/ll_sw/nordic/libsubsys__bluetooth__controller__ll_sw__nordic.a(lll_sync.c.obj)
 .text.isr_rx_adv_sync
                0x0000000000010558       0x80 zephyr/subsys/bluetooth/controller/ll_sw/nordic/libsubsys__bluetooth__controller__ll_sw__nordic.a(lll_sync.c.obj)
 .text.abort_cb
                0x00000000000105d8       0xa0 zephyr/subsys/bluetooth/controller/ll_sw/nordic/libsubsys__bluetooth__controller__ll_sw__nordic.a(lll_sync.c.obj)
 .text.is_abort_cb
                0x0000000000010678       0x48 zephyr/subsys/bluetooth/controller/ll_sw/nordic/libsubsys__bluetooth__controller__ll_sw__nordic.a(lll_sync.c.obj)
 .text.prepare  0x00000000000106c0       0x50 zephyr/subsys/bluetooth/controller/ll_sw/nordic/libsubsys__bluetooth__controller__ll_sw__nordic.a(lll_sync.c.obj)
 .text.isr_rx_adv_sync_estab
                0x0000000000010710      0x154 zephyr/subsys/bluetooth/controller/ll_sw/nordic/libsubsys__bluetooth__controller__ll_sw__nordic.a(lll_sync.c.obj)
 .text.data_channel_calc.constprop.0
                0x0000000000010864       0x4c zephyr/subsys/bluetooth/controller/ll_sw/nordic/libsubsys__bluetooth__controller__ll_sw__nordic.a(lll_sync.c.obj)
 .text.isr_rx_aux_chain
                0x00000000000108b0      0x1a0 zephyr/subsys/bluetooth/controller/ll_sw/nordic/libsubsys__bluetooth__controller__ll_sw__nordic.a(lll_sync.c.obj)
 .text.prepare_cb
                0x0000000000010a50       0xc0 zephyr/subsys/bluetooth/controller/ll_sw/nordic/libsubsys__bluetooth__controller__ll_sw__nordic.a(lll_sync.c.obj)
 .text.create_prepare_cb
                0x0000000000010b10       0xc4 zephyr/subsys/bluetooth/controller/ll_sw/nordic/libsubsys__bluetooth__controller__ll_sw__nordic.a(lll_sync.c.obj)
 .text.lll_sync_init
                0x0000000000010bd4        0x4 zephyr/subsys/bluetooth/controller/ll_sw/nordic/libsubsys__bluetooth__controller__ll_sw__nordic.a(lll_sync.c.obj)
                0x0000000000010bd4                lll_sync_init
 .text.lll_sync_create_prepare
                0x0000000000010bd8       0x5c zephyr/subsys/bluetooth/controller/ll_sw/nordic/libsubsys__bluetooth__controller__ll_sw__nordic.a(lll_sync.c.obj)
                0x0000000000010bd8                lll_sync_create_prepare
 .text.lll_sync_prepare
                0x0000000000010c34       0x5c zephyr/subsys/bluetooth/controller/ll_sw/nordic/libsubsys__bluetooth__controller__ll_sw__nordic.a(lll_sync.c.obj)
                0x0000000000010c34                lll_sync_prepare
 .text.lll_sync_aux_prepare_cb
                0x0000000000010c90      0x114 zephyr/subsys/bluetooth/controller/ll_sw/nordic/libsubsys__bluetooth__controller__ll_sw__nordic.a(lll_sync.c.obj)
                0x0000000000010c90                lll_sync_aux_prepare_cb
 .text.lll_df_init
                0x0000000000010da4        0xc zephyr/subsys/bluetooth/controller/ll_sw/nordic/libsubsys__bluetooth__controller__ll_sw__nordic.a(lll_df.c.obj)
                0x0000000000010da4                lll_df_init
 .text.lll_df_reset
                0x0000000000010db0        0x4 zephyr/subsys/bluetooth/controller/ll_sw/nordic/libsubsys__bluetooth__controller__ll_sw__nordic.a(lll_df.c.obj)
                0x0000000000010db0                lll_df_reset
 .text.lll_df_ant_num_get
                0x0000000000010db4        0x4 zephyr/subsys/bluetooth/controller/ll_sw/nordic/libsubsys__bluetooth__controller__ll_sw__nordic.a(lll_df.c.obj)
                0x0000000000010db4                lll_df_ant_num_get
 .text.lll_df_sync_cfg_alloc
                0x0000000000010db8       0x44 zephyr/subsys/bluetooth/controller/ll_sw/nordic/libsubsys__bluetooth__controller__ll_sw__nordic.a(lll_df.c.obj)
                0x0000000000010db8                lll_df_sync_cfg_alloc
 .text.lll_df_sync_cfg_latest_get
                0x0000000000010dfc       0x54 zephyr/subsys/bluetooth/controller/ll_sw/nordic/libsubsys__bluetooth__controller__ll_sw__nordic.a(lll_df.c.obj)
                0x0000000000010dfc                lll_df_sync_cfg_latest_get
 .text.lll_df_conf_cte_rx_enable
                0x0000000000010e50       0x54 zephyr/subsys/bluetooth/controller/ll_sw/nordic/libsubsys__bluetooth__controller__ll_sw__nordic.a(lll_df.c.obj)
                0x0000000000010e50                lll_df_conf_cte_rx_enable
 .text.lll_df_iq_report_no_resources_prepare
                0x0000000000010ea4       0x44 zephyr/subsys/bluetooth/controller/ll_sw/nordic/libsubsys__bluetooth__controller__ll_sw__nordic.a(lll_df.c.obj)
                0x0000000000010ea4                lll_df_iq_report_no_resources_prepare
 .text.hci_vendor_read_static_addr