Archive member included to satisfy reference by file (symbol)

app/libapp.a(main.c.obj)      (--whole-archive)
zephyr/libzephyr.a(heap.c.obj)
                              (--whole-archive)
zephyr/libzephyr.a(cbprintf_packaged.c.obj)
                              (--whole-archive)
zephyr/libzephyr.a(printk.c.obj)
                              (--whole-archive)
zephyr/libzephyr.a(sem.c.obj)
                              (--whole-archive)
zephyr/libzephyr.a(thread_entry.c.obj)
                              (--whole-archive)
zephyr/libzephyr.a(cbprintf_complete.c.obj)
                              (--whole-archive)
zephyr/libzephyr.a(cbprintf.c.obj)
                              (--whole-archive)
zephyr/libzephyr.a(assert.c.obj)
                              (--whole-archive)
zephyr/libzephyr.a(dec.c.obj)
                              (--whole-archive)
zephyr/libzephyr.a(hex.c.obj)
                              (--whole-archive)
zephyr/libzephyr.a(rb.c.obj)  (--whole-archive)
zephyr/libzephyr.a(timeutil.c.obj)
                              (--whole-archive)
zephyr/libzephyr.a(bitarray.c.obj)
                              (--whole-archive)
zephyr/libzephyr.a(onoff.c.obj)
                              (--whole-archive)
zephyr/libzephyr.a(notify.c.obj)
                              (--whole-archive)
zephyr/libzephyr.a(configs.c.obj)
                              (--whole-archive)
zephyr/libzephyr.a(mem_attr.c.obj)
                              (--whole-archive)
zephyr/libzephyr.a(tracing_none.c.obj)
                              (--whole-archive)
zephyr/libzephyr.a(banner.c.obj)
                              (--whole-archive)
zephyr/libzephyr.a(host_extensions.c.obj)
                              (--whole-archive)
zephyr/libzephyr.a(flash_map_partition_manager.c.obj)
                              (--whole-archive)
zephyr/arch/common/libarch__common.a(sw_isr_common.c.obj)
                              (--whole-archive)
zephyr/arch/arch/arm/core/libarch__arm__core.a(fatal.c.obj)
                              (--whole-archive)
zephyr/arch/arch/arm/core/libarch__arm__core.a(nmi.c.obj)
                              (--whole-archive)
zephyr/arch/arch/arm/core/libarch__arm__core.a(nmi_on_reset.S.obj)
                              (--whole-archive)
zephyr/arch/arch/arm/core/cortex_m/libarch__arm__core__cortex_m.a(exc_exit.c.obj)
                              (--whole-archive)
zephyr/arch/arch/arm/core/cortex_m/libarch__arm__core__cortex_m.a(fault.c.obj)
                              (--whole-archive)
zephyr/arch/arch/arm/core/cortex_m/libarch__arm__core__cortex_m.a(fault_s.S.obj)
                              (--whole-archive)
zephyr/arch/arch/arm/core/cortex_m/libarch__arm__core__cortex_m.a(fpu.c.obj)
                              (--whole-archive)
zephyr/arch/arch/arm/core/cortex_m/libarch__arm__core__cortex_m.a(reset.S.obj)
                              (--whole-archive)
zephyr/arch/arch/arm/core/cortex_m/libarch__arm__core__cortex_m.a(scb.c.obj)
                              (--whole-archive)
zephyr/arch/arch/arm/core/cortex_m/libarch__arm__core__cortex_m.a(thread_abort.c.obj)
                              (--whole-archive)
zephyr/arch/arch/arm/core/cortex_m/libarch__arm__core__cortex_m.a(vector_table.S.obj)
                              (--whole-archive)
zephyr/arch/arch/arm/core/cortex_m/libarch__arm__core__cortex_m.a(swap.c.obj)
                              (--whole-archive)
zephyr/arch/arch/arm/core/cortex_m/libarch__arm__core__cortex_m.a(swap_helper.S.obj)
                              (--whole-archive)
zephyr/arch/arch/arm/core/cortex_m/libarch__arm__core__cortex_m.a(irq_manage.c.obj)
                              (--whole-archive)
zephyr/arch/arch/arm/core/cortex_m/libarch__arm__core__cortex_m.a(prep_c.c.obj)
                              (--whole-archive)
zephyr/arch/arch/arm/core/cortex_m/libarch__arm__core__cortex_m.a(thread.c.obj)
                              (--whole-archive)
zephyr/arch/arch/arm/core/cortex_m/libarch__arm__core__cortex_m.a(cpu_idle.c.obj)
                              (--whole-archive)
zephyr/arch/arch/arm/core/cortex_m/libarch__arm__core__cortex_m.a(irq_init.c.obj)
                              (--whole-archive)
zephyr/arch/arch/arm/core/cortex_m/libarch__arm__core__cortex_m.a(isr_wrapper.c.obj)
                              (--whole-archive)
zephyr/arch/arch/arm/core/mpu/libarch__arm__core__mpu.a(arm_core_mpu.c.obj)
                              (--whole-archive)
zephyr/arch/arch/arm/core/mpu/libarch__arm__core__mpu.a(arm_mpu.c.obj)
                              (--whole-archive)
zephyr/arch/arch/arm/core/mpu/libarch__arm__core__mpu.a(arm_mpu_regions.c.obj)
                              (--whole-archive)
zephyr/lib/libc/newlib/liblib__libc__newlib.a(libc-hooks.c.obj)
                              (--whole-archive)
zephyr/lib/libc/common/liblib__libc__common.a(abort.c.obj)
                              (--whole-archive)
zephyr/lib/net_buf/liblib__net_buf.a(buf.c.obj)
[...]
Memory Configuration

Name             Origin             Length             Attributes
FLASH            0x0000000000000000 0x0000000000080000 xr
RAM              0x0000000020000000 0x0000000000020000 xw
IDT_LIST         0x00000000ffff7fff 0x0000000000008000 xw
*default*        0x0000000000000000 0xffffffffffffffff

Linker script and memory map

LOAD zephyr/CMakeFiles/zephyr_pre0.dir/misc/empty_file.c.obj
LOAD zephyr/CMakeFiles/offsets.dir/./arch/arm/core/offsets/offsets.c.obj
LOAD app/libapp.a
LOAD zephyr/libzephyr.a
LOAD zephyr/arch/common/libarch__common.a
LOAD zephyr/arch/arch/arm/core/libarch__arm__core.a
LOAD zephyr/arch/arch/arm/core/cortex_m/libarch__arm__core__cortex_m.a
LOAD zephyr/arch/arch/arm/core/mpu/libarch__arm__core__mpu.a
LOAD zephyr/lib/libc/newlib/liblib__libc__newlib.a
LOAD zephyr/lib/libc/common/liblib__libc__common.a
LOAD zephyr/lib/net_buf/liblib__net_buf.a
LOAD zephyr/soc/soc/nrf52833/libsoc__nordic.a
LOAD zephyr/subsys/random/libsubsys__random.a
LOAD zephyr/subsys/bluetooth/common/libsubsys__bluetooth__common.a
LOAD zephyr/subsys/bluetooth/host/libsubsys__bluetooth__host.a
LOAD zephyr/subsys/bluetooth/controller/libsubsys__bluetooth__controller.a
LOAD zephyr/subsys/bluetooth/controller/ll_sw/nordic/libsubsys__bluetooth__controller__ll_sw__nordic.a
LOAD zephyr/drivers/clock_control/libdrivers__clock_control.a
LOAD zephyr/drivers/console/libdrivers__console.a
LOAD zephyr/drivers/entropy/libdrivers__entropy.a
LOAD zephyr/drivers/gpio/libdrivers__gpio.a
LOAD zephyr/drivers/pinctrl/libdrivers__pinctrl.a
LOAD zephyr/drivers/serial/libdrivers__serial.a
LOAD zephyr/drivers/timer/libdrivers__timer.a
LOAD modules/hal_nordic/nrfx/libmodules__hal_nordic__nrfx.a
LOAD modules/segger/libmodules__segger.a
LOAD zephyr/kernel/libkernel.a
LOAD zephyr/arch/common/libisr_tables.a
LOAD C:/ncs/toolchains/b620d30767/opt/zephyr-sdk/arm-zephyr-eabi/arm-zephyr-eabi/lib/thumb/v7e-m/nofp\libm_nano.a
LOAD C:/ncs/toolchains/b620d30767/opt/zephyr-sdk/arm-zephyr-eabi/arm-zephyr-eabi/lib/thumb/v7e-m/nofp\libc_nano.a
LOAD c:/ncs/toolchains/b620d30767/opt/zephyr-sdk/arm-zephyr-eabi/bin/../lib/gcc/arm-zephyr-eabi/12.2.0/thumb/v7e-m/nofp\libgcc.a
LOAD C:/ncs/toolchains/b620d30767/opt/zephyr-sdk/arm-zephyr-eabi/arm-zephyr-eabi/lib/thumb/v7e-m/nofp\libc_nano.a
                0x0000000000000020                _region_min_align = 0x20

.rel.plt        0x0000000000000000        0x0
 *(SORT_BY_ALIGNMENT(.rel.plt))
                [!provide]                        PROVIDE (__rel_iplt_start = .)
 *(SORT_BY_ALIGNMENT(.rel.iplt))
 .rel.iplt      0x0000000000000000        0x0 app/libapp.a(main.c.obj)
                [!provide]                        PROVIDE (__rel_iplt_end = .)

.rela.plt       0x0000000000000000        0x0
 *(SORT_BY_ALIGNMENT(.rela.plt))
                [!provide]                        PROVIDE (__rela_iplt_start = .)
 *(SORT_BY_ALIGNMENT(.rela.iplt))
                [!provide]                        PROVIDE (__rela_iplt_end = .)

.rel.dyn
 *(SORT_BY_ALIGNMENT(.rel.*))

.rela.dyn
 *(SORT_BY_ALIGNMENT(.rela.*))

/DISCARD/
 *(SORT_BY_ALIGNMENT(.plt))

/DISCARD/
 *(SORT_BY_ALIGNMENT(.iplt))
                0x0000000000000000                __rom_region_start = 0x0

rom_start       0x0000000000000000      0x100
                0x0000000000000000                __rom_start_address = .
 FILL mask 0x00
                0x0000000000000000                . = (. + (0x0 - (. - __rom_start_address)))
                0x0000000000000000                . = ALIGN (0x4)
                0x0000000000000000                . = ALIGN (0x80)
                0x0000000000000000                . = ALIGN (0x100)
                0x0000000000000000                _vector_start = .
 *(SORT_BY_ALIGNMENT(.exc_vector_table))
 *(SORT_BY_ALIGNMENT(.exc_vector_table.*))
 .exc_vector_table._vector_table_section
                0x0000000000000000       0x40 zephyr/arch/arch/arm/core/cortex_m/libarch__arm__core__cortex_m.a(vector_table.S.obj)
                0x0000000000000000                _vector_table
 *(SORT_BY_ALIGNMENT(.vectors))
                0x0000000000000100                _vector_end = .
                0x0000000000000040                . = ALIGN (0x4)
 *(SORT_BY_ALIGNMENT(.gnu.linkonce.irq_vector_table*))
 .gnu.linkonce.irq_vector_table
                0x0000000000000040       0xc0 zephyr/arch/common/libisr_tables.a(isr_tables.c.obj)
                0x0000000000000040                _irq_vector_table
                0x0000000000000100                _vector_end = .

text            0x0000000000000100    0x17a70
                0x0000000000000100                __text_region_start = .
 *(SORT_BY_ALIGNMENT(.text))
 .text          0x0000000000000100       0xa0 C:/ncs/toolchains/b620d30767/opt/zephyr-sdk/arm-zephyr-eabi/arm-zephyr-eabi/lib/thumb/v7e-m/nofp\libc_nano.a(lib_a-memchr.o)
                0x0000000000000100                memchr
 .text          0x00000000000001a0      0x378 c:/ncs/toolchains/b620d30767/opt/zephyr-sdk/arm-zephyr-eabi/bin/../lib/gcc/arm-zephyr-eabi/12.2.0/thumb/v7e-m/nofp\libgcc.a(_arm_addsubdf3.o)
                0x00000000000001a0                __aeabi_drsub
                0x00000000000001a8                __aeabi_dsub
                0x00000000000001a8                __subdf3
                0x00000000000001ac                __aeabi_dadd
                0x00000000000001ac                __adddf3
                0x0000000000000424                __floatunsidf
                0x0000000000000424                __aeabi_ui2d
                0x0000000000000444                __floatsidf
                0x0000000000000444                __aeabi_i2d
                0x0000000000000468                __aeabi_f2d
                0x0000000000000468                __extendsfdf2
                0x00000000000004ac                __floatundidf
                0x00000000000004ac                __aeabi_ul2d
                0x00000000000004bc                __floatdidf
                0x00000000000004bc                __aeabi_l2d
 .text          0x0000000000000518      0x424 c:/ncs/toolchains/b620d30767/opt/zephyr-sdk/arm-zephyr-eabi/bin/../lib/gcc/arm-zephyr-eabi/12.2.0/thumb/v7e-m/nofp\libgcc.a(_arm_muldivdf3.o)
                0x0000000000000518                __aeabi_dmul
                0x0000000000000518                __muldf3
                0x000000000000076c                __divdf3
                0x000000000000076c                __aeabi_ddiv
 .text          0x000000000000093c      0x110 c:/ncs/toolchains/b620d30767/opt/zephyr-sdk/arm-zephyr-eabi/bin/../lib/gcc/arm-zephyr-eabi/12.2.0/thumb/v7e-m/nofp\libgcc.a(_arm_cmpdf2.o)
                0x000000000000093c                __gtdf2
                0x000000000000093c                __gedf2
                0x0000000000000944                __ltdf2
                0x0000000000000944                __ledf2
                0x000000000000094c                __nedf2
                0x000000000000094c                __eqdf2
                0x000000000000094c                __cmpdf2
                0x00000000000009c8                __aeabi_cdrcmple
                0x00000000000009d8                __aeabi_cdcmpeq
                0x00000000000009d8                __aeabi_cdcmple
                0x00000000000009e8                __aeabi_dcmpeq
                0x00000000000009fc                __aeabi_dcmplt
                0x0000000000000a10                __aeabi_dcmple
                0x0000000000000a24                __aeabi_dcmpge
                0x0000000000000a38                __aeabi_dcmpgt
 .text          0x0000000000000a4c       0x2c c:/ncs/toolchains/b620d30767/opt/zephyr-sdk/arm-zephyr-eabi/bin/../lib/gcc/arm-zephyr-eabi/12.2.0/thumb/v7e-m/nofp\libgcc.a(_arm_unorddf2.o)
                0x0000000000000a4c                __unorddf2
                0x0000000000000a4c                __aeabi_dcmpun
 .text          0x0000000000000a78       0x50 c:/ncs/toolchains/b620d30767/opt/zephyr-sdk/arm-zephyr-eabi/bin/../lib/gcc/arm-zephyr-eabi/12.2.0/thumb/v7e-m/nofp\libgcc.a(_arm_fixdfsi.o)
                0x0000000000000a78                __aeabi_d2iz
                0x0000000000000a78                __fixdfsi
 .text          0x0000000000000ac8       0x30 c:/ncs/toolchains/b620d30767/opt/zephyr-sdk/arm-zephyr-eabi/bin/../lib/gcc/arm-zephyr-eabi/12.2.0/thumb/v7e-m/nofp\libgcc.a(_aeabi_uldivmod.o)
                0x0000000000000ac8                __aeabi_uldivmod
 .text          0x0000000000000af8        0x4 c:/ncs/toolchains/b620d30767/opt/zephyr-sdk/arm-zephyr-eabi/bin/../lib/gcc/arm-zephyr-eabi/12.2.0/thumb/v7e-m/nofp\libgcc.a(_dvmd_tls.o)
                0x0000000000000af8                __aeabi_idiv0
                0x0000000000000af8                __aeabi_ldiv0
 .text          0x0000000000000afc       0x10 C:/ncs/toolchains/b620d30767/opt/zephyr-sdk/arm-zephyr-eabi/arm-zephyr-eabi/lib/thumb/v7e-m/nofp\libc_nano.a(lib_a-strlen.o)
                0x0000000000000afc                strlen
 .text          0x0000000000000b0c      0x2a0 c:/ncs/toolchains/b620d30767/opt/zephyr-sdk/arm-zephyr-eabi/bin/../lib/gcc/arm-zephyr-eabi/12.2.0/thumb/v7e-m/nofp\libgcc.a(_udivmoddi4.o)
                0x0000000000000b0c                __udivmoddi4
 *(SORT_BY_ALIGNMENT(.text.*))
 *fill*         0x0000000000000dac        0x4 
 .text.ull_drift_ticks_get
                0x0000000000000db0       0x90 zephyr/subsys/bluetooth/controller/libsubsys__bluetooth__controller.a(ull.c.obj)
                0x0000000000000db0                ull_drift_ticks_get
 .text.ll_scan_params_set
                0x0000000000000e40       0x98 zephyr/subsys/bluetooth/controller/libsubsys__bluetooth__controller.a(ull_scan.c.obj)
                0x0000000000000e40                ll_scan_params_set
 .text.ull_scan_enable
                0x0000000000000ed8      0x13c zephyr/subsys/bluetooth/controller/libsubsys__bluetooth__controller.a(ull_scan.c.obj)
                0x0000000000000ed8                ull_scan_enable
 *fill*         0x0000000000001014        0x4 
 .text.ull_scan_aux_setup
                0x0000000000001018      0xbd0 zephyr/subsys/bluetooth/controller/libsubsys__bluetooth__controller.a(ull_scan_aux.c.obj)
                0x0000000000001018                ull_scan_aux_setup
 .text.ull_sync_setup
                0x0000000000001be8      0x324 zephyr/subsys/bluetooth/controller/libsubsys__bluetooth__controller.a(ull_sync.c.obj)
                0x0000000000001be8                ull_sync_setup
 *fill*         0x0000000000001f0c        0x4 
 .text.ull_sync_slot_update
                0x0000000000001f10       0xd0 zephyr/subsys/bluetooth/controller/libsubsys__bluetooth__controller.a(ull_sync.c.obj)
                0x0000000000001f10                ull_sync_slot_update
 .text.common_prepare_cb
                0x0000000000001fe0      0x20c zephyr/subsys/bluetooth/controller/ll_sw/nordic/libsubsys__bluetooth__controller__ll_sw__nordic.a(lll_scan.c.obj)
 *fill*         0x00000000000021ec        0x4 
 .text.prepare_cb
                0x00000000000021f0      0x1f4 zephyr/subsys/bluetooth/controller/ll_sw/nordic/libsubsys__bluetooth__controller__ll_sw__nordic.a(lll_scan_aux.c.obj)
 *fill*         0x00000000000023e4        0x4 
 .text.prepare_cb_common
                0x00000000000023e8      0x1c0 zephyr/subsys/bluetooth/controller/ll_sw/nordic/libsubsys__bluetooth__controller__ll_sw__nordic.a(lll_sync.c.obj)
 .text._dtoa_r  0x00000000000025a8      0xc5c C:/ncs/toolchains/b620d30767/opt/zephyr-sdk/arm-zephyr-eabi/arm-zephyr-eabi/lib/thumb/v7e-m/nofp\libc_nano.a(lib_a-dtoa.o)
                0x00000000000025a8                _dtoa_r
 .text.bt_addr_le_to_str.constprop.0.isra.0
                0x0000000000003204       0x78 app/libapp.a(main.c.obj)
 .text.recv_cb  0x000000000000327c       0x68 app/libapp.a(main.c.obj)
 .text.term_cb  0x00000000000032e4       0x34 app/libapp.a(main.c.obj)
 .text.cte_recv_cb
                0x0000000000003318       0x88 app/libapp.a(main.c.obj)
 .text.scan_recv
                0x00000000000033a0       0x78 app/libapp.a(main.c.obj)
 .text.sync_cb  0x0000000000003418       0x54 app/libapp.a(main.c.obj)
 .text.update_control_switch
                0x000000000000346c       0xc8 app/libapp.a(main.c.obj)
                0x000000000000346c                update_control_switch
 .text.button_inc_cb
                0x0000000000003534       0x28 app/libapp.a(main.c.obj)
                0x0000000000003534                button_inc_cb
 .text.button_dec_cb
                0x000000000000355c       0x28 app/libapp.a(main.c.obj)
                0x000000000000355c                button_dec_cb
 .text.main     0x0000000000003584      0x488 app/libapp.a(main.c.obj)
                0x0000000000003584                main
 .text.char_out
                0x0000000000003a0c        0xc zephyr/libzephyr.a(printk.c.obj)
 .text.__printk_hook_install
                0x0000000000003a18        0xc zephyr/libzephyr.a(printk.c.obj)
                0x0000000000003a18                __printk_hook_install
 .text.vprintk  0x0000000000003a24       0x1c zephyr/libzephyr.a(printk.c.obj)
                0x0000000000003a24                vprintk
 .text.vsnprintk
                0x0000000000003a40       0x2c zephyr/libzephyr.a(printk.c.obj)
                0x0000000000003a40                vsnprintk
 .text.extract_decimal
                0x0000000000003a6c       0x2c zephyr/libzephyr.a(cbprintf_complete.c.obj)
 .text.encode_uint
                0x0000000000003a98       0x9c zephyr/libzephyr.a(cbprintf_complete.c.obj)
 .text.z_cbvprintf_impl
                0x0000000000003b34      0x76c zephyr/libzephyr.a(cbprintf_complete.c.obj)
                0x0000000000003b34                z_cbvprintf_impl
 .text.process_event
                0x00000000000042a0      0x21c zephyr/libzephyr.a(onoff.c.obj)
 .text.mem_attr_get_regions
                0x00000000000044bc        0xc zephyr/libzephyr.a(mem_attr.c.obj)
                0x00000000000044bc                mem_attr_get_regions
 .text.boot_banner
                0x00000000000044c8       0x1c zephyr/libzephyr.a(banner.c.obj)
                0x00000000000044c8                boot_banner
 .text.z_SysNmiOnReset
                0x00000000000044e4        0x8 zephyr/arch/arch/arm/core/libarch__arm__core.a(nmi_on_reset.S.obj)
                0x00000000000044e4                z_SysNmiOnReset
 .text._HandlerModeExit
                0x00000000000044ec       0x28 zephyr/arch/arch/arm/core/cortex_m/libarch__arm__core__cortex_m.a(exc_exit.c.obj)
                0x00000000000044ec                z_arm_int_exit
                0x00000000000044ec                z_arm_exc_exit
 .text.mem_manage_fault
                0x0000000000004514       0xa0 zephyr/arch/arch/arm/core/cortex_m/libarch__arm__core__cortex_m.a(fault.c.obj)
 .text.usage_fault.constprop.0
                0x00000000000045b4       0x54 zephyr/arch/arch/arm/core/cortex_m/libarch__arm__core__cortex_m.a(fault.c.obj)
 .text.bus_fault.constprop.0
                0x0000000000004608       0x6c zephyr/arch/arch/arm/core/cortex_m/libarch__arm__core__cortex_m.a(fault.c.obj)
 .text.z_arm_fault
                0x0000000000004674      0x128 zephyr/arch/arch/arm/core/cortex_m/libarch__arm__core__cortex_m.a(fault.c.obj)
                0x0000000000004674                z_arm_fault
 .text.z_arm_fault_init
                0x000000000000479c       0x18 zephyr/arch/arch/arm/core/cortex_m/libarch__arm__core__cortex_m.a(fault.c.obj)
                0x000000000000479c                z_arm_fault_init
 .text.__fault  0x00000000000047b4       0x14 zephyr/arch/arch/arm/core/cortex_m/libarch__arm__core__cortex_m.a(fault_s.S.obj)
                0x00000000000047b4                z_arm_usage_fault
                0x00000000000047b4                z_arm_mpu_fault
                0x00000000000047b4                z_arm_exc_spurious
                0x00000000000047b4                z_arm_debug_monitor
                0x00000000000047b4                z_arm_hard_fault
                0x00000000000047b4                z_arm_bus_fault
 .text._reset_section
                0x00000000000047c8       0x54 zephyr/arch/arch/arm/core/cortex_m/libarch__arm__core__cortex_m.a(reset.S.obj)
                0x00000000000047c8                __start
                0x00000000000047c8                z_arm_reset
 .text.z_arm_clear_arm_mpu_config
                0x000000000000481c       0x24 zephyr/arch/arch/arm/core/cortex_m/libarch__arm__core__cortex_m.a(scb.c.obj)
                0x000000000000481c                z_arm_clear_arm_mpu_config
 .text.z_arm_init_arch_hw_at_boot
                0x0000000000004840       0x64 zephyr/arch/arch/arm/core/cortex_m/libarch__arm__core__cortex_m.a(scb.c.obj)
                0x0000000000004840                z_arm_init_arch_hw_at_boot
 .text.z_impl_k_thread_abort
                0x00000000000048a4       0x2c zephyr/arch/arch/arm/core/cortex_m/libarch__arm__core__cortex_m.a(thread_abort.c.obj)
                0x00000000000048a4                z_impl_k_thread_abort
 .text.arch_swap
                0x00000000000048d0       0x30 zephyr/arch/arch/arm/core/cortex_m/libarch__arm__core__cortex_m.a(swap.c.obj)
                0x00000000000048d0                arch_swap
 .text.z_arm_pendsv_c
                0x0000000000004900       0x40 zephyr/arch/arch/arm/core/cortex_m/libarch__arm__core__cortex_m.a(swap.c.obj)
                0x0000000000004900                z_arm_pendsv_c
 .text.z_arm_pendsv
                0x0000000000004940       0x34 zephyr/arch/arch/arm/core/cortex_m/libarch__arm__core__cortex_m.a(swap_helper.S.obj)
                0x0000000000004940                z_arm_pendsv
 .text.z_arm_svc
                0x0000000000004974       0x20 zephyr/arch/arch/arm/core/cortex_m/libarch__arm__core__cortex_m.a(swap_helper.S.obj)
                0x0000000000004974                z_arm_svc
 .text.arch_irq_enable
                0x0000000000004994       0x1c zephyr/arch/arch/arm/core/cortex_m/libarch__arm__core__cortex_m.a(irq_manage.c.obj)
                0x0000000000004994                arch_irq_enable
 .text.arch_irq_disable
                0x00000000000049b0       0x28 zephyr/arch/arch/arm/core/cortex_m/libarch__arm__core__cortex_m.a(irq_manage.c.obj)
                0x00000000000049b0                arch_irq_disable
 .text.arch_irq_is_enabled
                0x00000000000049d8       0x1c zephyr/arch/arch/arm/core/cortex_m/libarch__arm__core__cortex_m.a(irq_manage.c.obj)
                0x00000000000049d8                arch_irq_is_enabled
 .text.z_arm_irq_priority_set
                0x00000000000049f4       0x30 zephyr/arch/arch/arm/core/cortex_m/libarch__arm__core__cortex_m.a(irq_manage.c.obj)
                0x00000000000049f4                z_arm_irq_priority_set
 .text.z_prep_c
                0x0000000000004a24       0x38 zephyr/arch/arch/arm/core/cortex_m/libarch__arm__core__cortex_m.a(prep_c.c.obj)
                0x0000000000004a24                z_prep_c
 .text.arch_new_thread
                0x0000000000004a5c       0x38 zephyr/arch/arch/arm/core/cortex_m/libarch__arm__core__cortex_m.a(thread.c.obj)
                0x0000000000004a5c                arch_new_thread
 .text.z_check_thread_stack_fail
                0x0000000000004a94       0x2c zephyr/arch/arch/arm/core/cortex_m/libarch__arm__core__cortex_m.a(thread.c.obj)
                0x0000000000004a94                z_check_thread_stack_fail
 .text.arch_switch_to_main_thread
                0x0000000000004ac0       0x3c zephyr/arch/arch/arm/core/cortex_m/libarch__arm__core__cortex_m.a(thread.c.obj)
                0x0000000000004ac0                arch_switch_to_main_thread
 .text.z_arm_cpu_idle_init
                0x0000000000004afc        0xc zephyr/arch/arch/arm/core/cortex_m/libarch__arm__core__cortex_m.a(cpu_idle.c.obj)
                0x0000000000004afc                z_arm_cpu_idle_init
 .text.z_arm_interrupt_init
                0x0000000000004b08       0x18 zephyr/arch/arch/arm/core/cortex_m/libarch__arm__core__cortex_m.a(irq_init.c.obj)
                0x0000000000004b08                z_arm_interrupt_init
 .text._isr_wrapper
                0x0000000000004b20       0x24 zephyr/arch/arch/arm/core/cortex_m/libarch__arm__core__cortex_m.a(isr_wrapper.c.obj)
                0x0000000000004b20                _isr_wrapper
 .text.z_arm_configure_static_mpu_regions
                0x0000000000004b44       0x18 zephyr/arch/arch/arm/core/mpu/libarch__arm__core__mpu.a(arm_core_mpu.c.obj)
                0x0000000000004b44                z_arm_configure_static_mpu_regions
 .text.z_arm_configure_dynamic_mpu_regions
                0x0000000000004b5c       0x20 zephyr/arch/arch/arm/core/mpu/libarch__arm__core__mpu.a(arm_core_mpu.c.obj)
                0x0000000000004b5c                z_arm_configure_dynamic_mpu_regions
 .text.region_init
                0x0000000000004b7c       0x28 zephyr/arch/arch/arm/core/mpu/libarch__arm__core__mpu.a(arm_mpu.c.obj)
 .text.mpu_configure_regions
                0x0000000000004ba4       0x6c zephyr/arch/arch/arm/core/mpu/libarch__arm__core__mpu.a(arm_mpu.c.obj)
 .text.arm_core_mpu_enable
                0x0000000000004c10       0x18 zephyr/arch/arch/arm/core/mpu/libarch__arm__core__mpu.a(arm_mpu.c.obj)
                0x0000000000004c10                arm_core_mpu_enable
 .text.arm_core_mpu_disable
                0x0000000000004c28       0x14 zephyr/arch/arch/arm/core/mpu/libarch__arm__core__mpu.a(arm_mpu.c.obj)
                0x0000000000004c28                arm_core_mpu_disable
 .text.arm_core_mpu_configure_static_mpu_regions
                0x0000000000004c3c       0x14 zephyr/arch/arch/arm/core/mpu/libarch__arm__core__mpu.a(arm_mpu.c.obj)
                0x0000000000004c3c                arm_core_mpu_configure_static_mpu_regions
 .text.arm_core_mpu_configure_dynamic_mpu_regions
                0x0000000000004c50       0x38 zephyr/arch/arch/arm/core/mpu/libarch__arm__core__mpu.a(arm_mpu.c.obj)
                0x0000000000004c50                arm_core_mpu_configure_dynamic_mpu_regions
 .text.z_arm_mpu_init
                0x0000000000004c88      0x168 zephyr/arch/arch/arm/core/mpu/libarch__arm__core__mpu.a(arm_mpu.c.obj)
                0x0000000000004c88                z_arm_mpu_init
 .text.__stdout_hook_install
                0x0000000000004df0        0xc zephyr/lib/libc/newlib/liblib__libc__newlib.a(libc-hooks.c.obj)
                0x0000000000004df0                __stdout_hook_install
 .text.z_impl_zephyr_read_stdin
                0x0000000000004dfc       0x28 zephyr/lib/libc/newlib/liblib__libc__newlib.a(libc-hooks.c.obj)
                0x0000000000004dfc                z_impl_zephyr_read_stdin
 .text.z_impl_zephyr_write_stdout
                0x0000000000004e24       0x30 zephyr/lib/libc/newlib/liblib__libc__newlib.a(libc-hooks.c.obj)
                0x0000000000004e24                z_impl_zephyr_write_stdout
 .text._sbrk    0x0000000000004e54       0x28 zephyr/lib/libc/newlib/liblib__libc__newlib.a(libc-hooks.c.obj)
                0x0000000000004e54                sbrk
                0x0000000000004e54                _sbrk
 .text.abort    0x0000000000004e7c       0x1c zephyr/lib/libc/common/liblib__libc__common.a(abort.c.obj)
                0x0000000000004e7c                abort
 .text.net_buf_destroy
                0x0000000000004e98       0x38 zephyr/lib/net_buf/liblib__net_buf.a(buf.c.obj)
 .text.net_buf_pool_get
                0x0000000000004ed0       0x10 zephyr/lib/net_buf/liblib__net_buf.a(buf.c.obj)
                0x0000000000004ed0                net_buf_pool_get
 .text.net_buf_id
                0x0000000000004ee0       0x20 zephyr/lib/net_buf/liblib__net_buf.a(buf.c.obj)
                0x0000000000004ee0                net_buf_id
 .text.fixed_data_alloc
                0x0000000000004f00       0x24 zephyr/lib/net_buf/liblib__net_buf.a(buf.c.obj)
 .text.net_buf_alloc_len
                0x0000000000004f24      0x120 zephyr/lib/net_buf/liblib__net_buf.a(buf.c.obj)
                0x0000000000004f24                net_buf_alloc_len
 .text.net_buf_unref
                0x0000000000005044       0x38 zephyr/lib/net_buf/liblib__net_buf.a(buf.c.obj)
                0x0000000000005044                net_buf_unref
 .text.nordicsemi_nrf52_init
                0x000000000000507c       0x18 zephyr/soc/soc/nrf52833/libsoc__nordic.a(soc.c.obj)
 .text.arch_busy_wait
                0x0000000000005094       0x14 zephyr/soc/soc/nrf52833/libsoc__nordic.a(soc.c.obj)
                0x0000000000005094                arch_busy_wait
 .text.xoshiro128_initialize
                0x00000000000050a8       0x18 zephyr/subsys/random/libsubsys__random.a(random_xoshiro128.c.obj)
 .text.bt_buf_get_rx
                0x00000000000050c0       0x20 zephyr/subsys/bluetooth/host/libsubsys__bluetooth__host.a(buf.c.obj)
                0x00000000000050c0                bt_buf_get_rx
 .text.bt_buf_get_evt
                0x00000000000050e0       0x3c zephyr/subsys/bluetooth/host/libsubsys__bluetooth__host.a(buf.c.obj)
                0x00000000000050e0                bt_buf_get_evt
 .text.hci_vendor_event
                0x000000000000511c       0x20 zephyr/subsys/bluetooth/host/libsubsys__bluetooth__host.a(hci_core.c.obj)
 .text.hci_le_meta_event
                0x000000000000513c       0x20 zephyr/subsys/bluetooth/host/libsubsys__bluetooth__host.a(hci_core.c.obj)
 .text.rx_work_handler
                0x000000000000515c       0x94 zephyr/subsys/bluetooth/host/libsubsys__bluetooth__host.a(hci_core.c.obj)
 .text.hci_cmd_done
                0x00000000000051f0      0x10c zephyr/subsys/bluetooth/host/libsubsys__bluetooth__host.a(hci_core.c.obj)
 .text.bt_hci_cmd_state_set_init
                0x00000000000052fc       0x24 zephyr/subsys/bluetooth/host/libsubsys__bluetooth__host.a(hci_core.c.obj)
                0x00000000000052fc                bt_hci_cmd_state_set_init
 .text.bt_hci_cmd_create
                0x0000000000005320       0x78 zephyr/subsys/bluetooth/host/libsubsys__bluetooth__host.a(hci_core.c.obj)
                0x0000000000005320                bt_hci_cmd_create
 .text.bt_get_phy
                0x0000000000005398       0x14 zephyr/subsys/bluetooth/host/libsubsys__bluetooth__host.a(hci_core.c.obj)
                0x0000000000005398                bt_get_phy
 .text.bt_get_df_cte_type
                0x00000000000053ac       0x10 zephyr/subsys/bluetooth/host/libsubsys__bluetooth__host.a(hci_core.c.obj)
                0x00000000000053ac                bt_get_df_cte_type
 .text.bt_send  0x00000000000053bc       0x14 zephyr/subsys/bluetooth/host/libsubsys__bluetooth__host.a(hci_core.c.obj)
                0x00000000000053bc                bt_send
 .text.hci_event_prio
                0x00000000000053d0       0x94 zephyr/subsys/bluetooth/host/libsubsys__bluetooth__host.a(hci_core.c.obj)
                0x00000000000053d0                hci_event_prio
 .text.bt_hci_recv
                0x0000000000005464       0x5c zephyr/subsys/bluetooth/host/libsubsys__bluetooth__host.a(hci_core.c.obj)
                0x0000000000005464                bt_hci_recv
 .text.bt_finalize_init
                0x00000000000054c0       0x18 zephyr/subsys/bluetooth/host/libsubsys__bluetooth__host.a(hci_core.c.obj)
                0x00000000000054c0                bt_finalize_init
 .text.bt_is_ready
                0x00000000000054d8       0x18 zephyr/subsys/bluetooth/host/libsubsys__bluetooth__host.a(hci_core.c.obj)
                0x00000000000054d8                bt_is_ready
 .text.bt_tx_irq_raise
                0x00000000000054f0        0xc zephyr/subsys/bluetooth/host/libsubsys__bluetooth__host.a(hci_core.c.obj)
                0x00000000000054f0                bt_tx_irq_raise
 .text.process_pending_cmd
                0x00000000000054fc       0xb0 zephyr/subsys/bluetooth/host/libsubsys__bluetooth__host.a(hci_core.c.obj)
 .text.bt_hci_cmd_send_sync
                0x00000000000055ac      0x168 zephyr/subsys/bluetooth/host/libsubsys__bluetooth__host.a(hci_core.c.obj)
                0x00000000000055ac                bt_hci_cmd_send_sync
 .text.hci_init
                0x0000000000005714      0x28c zephyr/subsys/bluetooth/host/libsubsys__bluetooth__host.a(hci_core.c.obj)
 .text.bt_enable
                0x00000000000059a0       0xb4 zephyr/subsys/bluetooth/host/libsubsys__bluetooth__host.a(hci_core.c.obj)
                0x00000000000059a0                bt_enable
 .text.init_work
                0x0000000000005a54       0x24 zephyr/subsys/bluetooth/host/libsubsys__bluetooth__host.a(hci_core.c.obj)
 .text.bt_hci_le_rand
                0x0000000000005a78       0x58 zephyr/subsys/bluetooth/host/libsubsys__bluetooth__host.a(hci_core.c.obj)
                0x0000000000005a78                bt_hci_le_rand
 .text.hci_cmd_complete
                0x0000000000005ad0       0x3c zephyr/subsys/bluetooth/host/libsubsys__bluetooth__host.a(hci_core.c.obj)
 .text.hci_cmd_status
                0x0000000000005b0c       0x30 zephyr/subsys/bluetooth/host/libsubsys__bluetooth__host.a(hci_core.c.obj)
 .text.bt_hci_evt_create
                0x0000000000005b3c       0x50 zephyr/subsys/bluetooth/host/libsubsys__bluetooth__host.a(hci_common.c.obj)
                0x0000000000005b3c                bt_hci_evt_create
 .text.id_find  0x0000000000005b8c       0x30 zephyr/subsys/bluetooth/host/libsubsys__bluetooth__host.a(id.c.obj)
 .text.set_random_address
                0x0000000000005bbc       0x54 zephyr/subsys/bluetooth/host/libsubsys__bluetooth__host.a(id.c.obj)
 .text.id_create.constprop.0
                0x0000000000005c10       0x74 zephyr/subsys/bluetooth/host/libsubsys__bluetooth__host.a(id.c.obj)
 .text.bt_id_create
                0x0000000000005c84       0x88 zephyr/subsys/bluetooth/host/libsubsys__bluetooth__host.a(id.c.obj)
                0x0000000000005c84                bt_id_create
 .text.bt_id_read_public_addr
                0x0000000000005d0c       0x6c zephyr/subsys/bluetooth/host/libsubsys__bluetooth__host.a(id.c.obj)
                0x0000000000005d0c                bt_id_read_public_addr
 .text.bt_setup_public_id_addr
                0x0000000000005d78       0x20 zephyr/subsys/bluetooth/host/libsubsys__bluetooth__host.a(id.c.obj)
                0x0000000000005d78                bt_setup_public_id_addr
 .text.bt_setup_random_id_addr
                0x0000000000005d98       0xac zephyr/subsys/bluetooth/host/libsubsys__bluetooth__host.a(id.c.obj)
                0x0000000000005d98                bt_setup_random_id_addr
 .text.bt_id_set_scan_own_addr
                0x0000000000005e44       0x24 zephyr/subsys/bluetooth/host/libsubsys__bluetooth__host.a(id.c.obj)
                0x0000000000005e44                bt_id_set_scan_own_addr
 .text.bt_id_init
                0x0000000000005e68       0x30 zephyr/subsys/bluetooth/host/libsubsys__bluetooth__host.a(id.c.obj)
                0x0000000000005e68                bt_id_init
 .text.reset_reassembling_advertiser
                0x0000000000005e98       0x18 zephyr/subsys/bluetooth/host/libsubsys__bluetooth__host.a(scan.c.obj)
 .text.cmd_le_set_ext_scan_enable
                0x0000000000005eb0       0x54 zephyr/subsys/bluetooth/host/libsubsys__bluetooth__host.a(scan.c.obj)
 .text.scan_check_if_state_allowed
                0x0000000000005f04       0x2c zephyr/subsys/bluetooth/host/libsubsys__bluetooth__host.a(scan.c.obj)
 .text.create_ext_adv_info
                0x0000000000005f30       0x50 zephyr/subsys/bluetooth/host/libsubsys__bluetooth__host.a(scan.c.obj)
 .text.per_adv_sync_terminated
                0x0000000000005f80       0x38 zephyr/subsys/bluetooth/host/libsubsys__bluetooth__host.a(scan.c.obj)
 .text.get_pending_per_adv_sync
                0x0000000000005fb8       0x1c zephyr/subsys/bluetooth/host/libsubsys__bluetooth__host.a(scan.c.obj)
 .text.scan_update
                0x0000000000005fd4      0x258 zephyr/subsys/bluetooth/host/libsubsys__bluetooth__host.a(scan.c.obj)
 .text.le_adv_recv
                0x000000000000622c       0xec zephyr/subsys/bluetooth/host/libsubsys__bluetooth__host.a(scan.c.obj)
 .text.bt_scan_softreset
                0x0000000000006318       0x10 zephyr/subsys/bluetooth/host/libsubsys__bluetooth__host.a(scan.c.obj)
                0x0000000000006318                bt_scan_softreset
 .text.bt_scan_reset
                0x0000000000006328       0x2c zephyr/subsys/bluetooth/host/libsubsys__bluetooth__host.a(scan.c.obj)
                0x0000000000006328                bt_scan_reset
 .text.bt_le_scan_user_add
                0x0000000000006354       0x38 zephyr/subsys/bluetooth/host/libsubsys__bluetooth__host.a(scan.c.obj)
                0x0000000000006354                bt_le_scan_user_add
 .text.bt_le_scan_user_remove
                0x000000000000638c       0x1c zephyr/subsys/bluetooth/host/libsubsys__bluetooth__host.a(scan.c.obj)
                0x000000000000638c                bt_le_scan_user_remove
 .text.bt_hci_le_scan_timeout
                0x00000000000063a8       0x68 zephyr/subsys/bluetooth/host/libsubsys__bluetooth__host.a(scan.c.obj)
                0x00000000000063a8                bt_hci_le_scan_timeout
 .text.bt_hci_le_adv_ext_report
                0x0000000000006410      0x148 zephyr/subsys/bluetooth/host/libsubsys__bluetooth__host.a(scan.c.obj)
                0x0000000000006410                bt_hci_le_adv_ext_report
 .text.bt_hci_per_adv_sync_lookup_handle
                0x0000000000006558       0x24 zephyr/subsys/bluetooth/host/libsubsys__bluetooth__host.a(scan.c.obj)
                0x0000000000006558                bt_hci_per_adv_sync_lookup_handle
 .text.bt_hci_le_per_adv_report_recv
                0x000000000000657c       0x4c zephyr/subsys/bluetooth/host/libsubsys__bluetooth__host.a(scan.c.obj)
                0x000000000000657c                bt_hci_le_per_adv_report_recv
 .text.bt_hci_le_per_adv_sync_established
                0x00000000000065c8      0x150 zephyr/subsys/bluetooth/host/libsubsys__bluetooth__host.a(scan.c.obj)
                0x00000000000065c8                bt_hci_le_per_adv_sync_established
 .text.bt_hci_le_df_connectionless_iq_report
                0x0000000000006718       0x30 zephyr/subsys/bluetooth/host/libsubsys__bluetooth__host.a(scan.c.obj)
                0x0000000000006718                bt_hci_le_df_connectionless_iq_report
 .text.bt_hci_le_adv_report
                0x0000000000006748       0xa0 zephyr/subsys/bluetooth/host/libsubsys__bluetooth__host.a(scan.c.obj)
                0x0000000000006748                bt_hci_le_adv_report
 .text.bt_le_scan_start
                0x00000000000067e8       0xa0 zephyr/subsys/bluetooth/host/libsubsys__bluetooth__host.a(scan.c.obj)
                0x00000000000067e8                bt_le_scan_start
 .text.bt_le_scan_stop
                0x0000000000006888       0x38 zephyr/subsys/bluetooth/host/libsubsys__bluetooth__host.a(scan.c.obj)
                0x0000000000006888                bt_le_scan_stop
 .text.bt_le_scan_cb_register
                0x00000000000068c0       0x30 zephyr/subsys/bluetooth/host/libsubsys__bluetooth__host.a(scan.c.obj)
                0x00000000000068c0                bt_le_scan_cb_register
 .text.bt_le_per_adv_sync_get_index
                0x00000000000068f0       0x18 zephyr/subsys/bluetooth/host/libsubsys__bluetooth__host.a(scan.c.obj)
                0x00000000000068f0                bt_le_per_adv_sync_get_index
 .text.bt_le_per_adv_sync_delete
                0x0000000000006908       0x90 zephyr/subsys/bluetooth/host/libsubsys__bluetooth__host.a(scan.c.obj)
                0x0000000000006908                bt_le_per_adv_sync_delete
 .text.bt_le_per_adv_sync_create
                0x0000000000006998      0x18c zephyr/subsys/bluetooth/host/libsubsys__bluetooth__host.a(scan.c.obj)
                0x0000000000006998                bt_le_per_adv_sync_create
 .text.bt_le_per_adv_sync_cb_register
                0x0000000000006b24       0x30 zephyr/subsys/bluetooth/host/libsubsys__bluetooth__host.a(scan.c.obj)
                0x0000000000006b24                bt_le_per_adv_sync_cb_register
 .text.hci_df_set_cl_cte_rx_enable
                0x0000000000006b54      0x128 zephyr/subsys/bluetooth/host/libsubsys__bluetooth__host.a(direction.c.obj)
 .text.le_df_init
                0x0000000000006c7c       0x40 zephyr/subsys/bluetooth/host/libsubsys__bluetooth__host.a(direction.c.obj)
                0x0000000000006c7c                le_df_init
 .text.bt_df_per_adv_sync_cte_rx_enable
                0x0000000000006cbc       0x3c zephyr/subsys/bluetooth/host/libsubsys__bluetooth__host.a(direction.c.obj)
                0x0000000000006cbc                bt_df_per_adv_sync_cte_rx_enable
 .text.mem_init
                0x0000000000006cf8       0x48 zephyr/subsys/bluetooth/controller/libsubsys__bluetooth__controller.a(mem.c.obj)
                0x0000000000006cf8                mem_init
 .text.mem_acquire
                0x0000000000006d40       0x2c zephyr/subsys/bluetooth/controller/libsubsys__bluetooth__controller.a(mem.c.obj)
                0x0000000000006d40                mem_acquire
 .text.mem_release
                0x0000000000006d6c       0x28 zephyr/subsys/bluetooth/controller/libsubsys__bluetooth__controller.a(mem.c.obj)
                0x0000000000006d6c                mem_release
 .text.mem_index_get
                0x0000000000006d94        0xc zephyr/subsys/bluetooth/controller/libsubsys__bluetooth__controller.a(mem.c.obj)
                0x0000000000006d94                mem_index_get
 .text.mem_rcopy
                0x0000000000006da0       0x1c zephyr/subsys/bluetooth/controller/libsubsys__bluetooth__controller.a(mem.c.obj)
                0x0000000000006da0                mem_rcopy
 .text.mem_nz   0x0000000000006dbc       0x18 zephyr/subsys/bluetooth/controller/libsubsys__bluetooth__controller.a(mem.c.obj)
                0x0000000000006dbc                mem_nz
 .text.memq_init
                0x0000000000006dd4        0x8 zephyr/subsys/bluetooth/controller/libsubsys__bluetooth__controller.a(memq.c.obj)
                0x0000000000006dd4                memq_init
 .text.memq_enqueue
                0x0000000000006ddc       0x14 zephyr/subsys/bluetooth/controller/libsubsys__bluetooth__controller.a(memq.c.obj)
                0x0000000000006ddc                memq_enqueue
 .text.memq_peek
                0x0000000000006df0       0x10 zephyr/subsys/bluetooth/controller/libsubsys__bluetooth__controller.a(memq.c.obj)
                0x0000000000006df0                memq_peek
 .text.memq_dequeue
                0x0000000000006e00       0x20 zephyr/subsys/bluetooth/controller/libsubsys__bluetooth__controller.a(memq.c.obj)
                0x0000000000006e00                memq_dequeue
 .text.mayfly_init
                0x0000000000006e20       0x40 zephyr/subsys/bluetooth/controller/libsubsys__bluetooth__controller.a(mayfly.c.obj)
                0x0000000000006e20                mayfly_init
 .text.mayfly_enable
                0x0000000000006e60       0x68 zephyr/subsys/bluetooth/controller/libsubsys__bluetooth__controller.a(mayfly.c.obj)
                0x0000000000006e60                mayfly_enable
 .text.mayfly_enqueue
                0x0000000000006ec8       0xbc zephyr/subsys/bluetooth/controller/libsubsys__bluetooth__controller.a(mayfly.c.obj)
                0x0000000000006ec8                mayfly_enqueue
 .text.mayfly_run
                0x0000000000006f84      0x174 zephyr/subsys/bluetooth/controller/libsubsys__bluetooth__controller.a(mayfly.c.obj)
                0x0000000000006f84                mayfly_run
 .text.util_ones_count_get
                0x00000000000070f8       0x28 zephyr/subsys/bluetooth/controller/libsubsys__bluetooth__controller.a(util.c.obj)
                0x00000000000070f8                util_ones_count_get
 .text.util_get_bits
                0x0000000000007120       0x54 zephyr/subsys/bluetooth/controller/libsubsys__bluetooth__controller.a(util.c.obj)
                0x0000000000007120                util_get_bits
 .text.ticker_dequeue
                0x0000000000007174       0x80 zephyr/subsys/bluetooth/controller/libsubsys__bluetooth__controller.a(ticker.c.obj)
 .text.ticks_to_expire_prep
                0x00000000000071f4       0x48 zephyr/subsys/bluetooth/controller/libsubsys__bluetooth__controller.a(ticker.c.obj)
 .text.ticker_job_list_insert
                0x000000000000723c      0x1fc zephyr/subsys/bluetooth/controller/libsubsys__bluetooth__controller.a(ticker.c.obj)
 .text.ticker_worker
                0x0000000000007438      0x2d4 zephyr/subsys/bluetooth/controller/libsubsys__bluetooth__controller.a(ticker.c.obj)
                0x0000000000007438                ticker_worker
 .text.ticker_job
                0x000000000000770c      0x850 zephyr/subsys/bluetooth/controller/libsubsys__bluetooth__controller.a(ticker.c.obj)
                0x000000000000770c                ticker_job
 .text.ticker_init
                0x0000000000007f5c       0x68 zephyr/subsys/bluetooth/controller/libsubsys__bluetooth__controller.a(ticker.c.obj)
                0x0000000000007f5c                ticker_init
 .text.ticker_trigger
                0x0000000000007fc4       0x30 zephyr/subsys/bluetooth/controller/libsubsys__bluetooth__controller.a(ticker.c.obj)
                0x0000000000007fc4                ticker_trigger
 .text.ticker_start_us
                0x0000000000007ff4       0xa8 zephyr/subsys/bluetooth/controller/libsubsys__bluetooth__controller.a(ticker.c.obj)
                0x0000000000007ff4                ticker_start_us
 .text.ticker_start
                0x000000000000809c       0x38 zephyr/subsys/bluetooth/controller/libsubsys__bluetooth__controller.a(ticker.c.obj)
                0x000000000000809c                ticker_start
 .text.ticker_update
                0x00000000000080d4       0xa4 zephyr/subsys/bluetooth/controller/libsubsys__bluetooth__controller.a(ticker.c.obj)
                0x00000000000080d4                ticker_update
 .text.ticker_yield_abs
                0x0000000000008178       0x88 zephyr/subsys/bluetooth/controller/libsubsys__bluetooth__controller.a(ticker.c.obj)
                0x0000000000008178                ticker_yield_abs
 .text.ticker_stop
                0x0000000000008200       0x84 zephyr/subsys/bluetooth/controller/libsubsys__bluetooth__controller.a(ticker.c.obj)
                0x0000000000008200                ticker_stop
 .text.ticker_ticks_now_get
                0x0000000000008284        0x4 zephyr/subsys/bluetooth/controller/libsubsys__bluetooth__controller.a(ticker.c.obj)
                0x0000000000008284                ticker_ticks_now_get
 .text.ticker_ticks_diff_get
                0x0000000000008288        0x8 zephyr/subsys/bluetooth/controller/libsubsys__bluetooth__controller.a(ticker.c.obj)
                0x0000000000008288                ticker_ticks_diff_get
 .text.ll_feat_get
                0x0000000000008290        0xc zephyr/subsys/bluetooth/controller/libsubsys__bluetooth__controller.a(ll_feat.c.obj)
                0x0000000000008290                ll_feat_get
 .text.ll_tx_pwr_get
                0x000000000000829c        0x8 zephyr/subsys/bluetooth/controller/libsubsys__bluetooth__controller.a(ll_tx_pwr.c.obj)
                0x000000000000829c                ll_tx_pwr_get
 .text.ll_addr_set
                0x00000000000082a4       0x3c zephyr/subsys/bluetooth/controller/libsubsys__bluetooth__controller.a(ll_addr.c.obj)
                0x00000000000082a4                ll_addr_set
 .text.ll_addr_get
                0x00000000000082e0       0x20 zephyr/subsys/bluetooth/controller/libsubsys__bluetooth__controller.a(ll_addr.c.obj)
                0x00000000000082e0                ll_addr_get
 .text.ll_addr_read
                0x0000000000008300       0x28 zephyr/subsys/bluetooth/controller/libsubsys__bluetooth__controller.a(ll_addr.c.obj)
                0x0000000000008300                ll_addr_read
 .text.perform_lll_reset
                0x0000000000008328       0xa0 zephyr/subsys/bluetooth/controller/libsubsys__bluetooth__controller.a(ull.c.obj)
 .text.ull_ticker_status_give
                0x00000000000083c8        0xc zephyr/subsys/bluetooth/controller/libsubsys__bluetooth__controller.a(ull.c.obj)
                0x00000000000083c8                ull_ticker_status_give
 .text.disabled_cb
                0x00000000000083d4        0x4 zephyr/subsys/bluetooth/controller/libsubsys__bluetooth__controller.a(ull.c.obj)
 .text.rx_replenish
                0x00000000000083d8       0x88 zephyr/subsys/bluetooth/controller/libsubsys__bluetooth__controller.a(ull.c.obj)
 .text.init_reset
                0x0000000000008460      0x138 zephyr/subsys/bluetooth/controller/libsubsys__bluetooth__controller.a(ull.c.obj)
 .text.rx_demux
                0x0000000000008598      0x23c zephyr/subsys/bluetooth/controller/libsubsys__bluetooth__controller.a(ull.c.obj)
 .text.ll_init  0x00000000000087d4       0xec zephyr/subsys/bluetooth/controller/libsubsys__bluetooth__controller.a(ull.c.obj)
                0x00000000000087d4                ll_init
 .text.ll_reset
                0x00000000000088c0      0x128 zephyr/subsys/bluetooth/controller/libsubsys__bluetooth__controller.a(ull.c.obj)
                0x00000000000088c0                ll_reset
 .text.ll_deinit
                0x00000000000089e8       0x10 zephyr/subsys/bluetooth/controller/libsubsys__bluetooth__controller.a(ull.c.obj)
                0x00000000000089e8                ll_deinit
 .text.ll_rx_get
                0x00000000000089f8       0xc8 zephyr/subsys/bluetooth/controller/libsubsys__bluetooth__controller.a(ull.c.obj)
                0x00000000000089f8                ll_rx_get
 .text.ll_rx_dequeue
                0x0000000000008ac0      0x138 zephyr/subsys/bluetooth/controller/libsubsys__bluetooth__controller.a(ull.c.obj)
                0x0000000000008ac0                ll_rx_dequeue
 .text.ll_rx_mem_release
                0x0000000000008bf8      0x1ac zephyr/subsys/bluetooth/controller/libsubsys__bluetooth__controller.a(ull.c.obj)
                0x0000000000008bf8                ll_rx_mem_release
 .text.ll_rx_link_alloc
                0x0000000000008da4        0xc zephyr/subsys/bluetooth/controller/libsubsys__bluetooth__controller.a(ull.c.obj)
                0x0000000000008da4                ll_rx_link_alloc
 .text.ll_rx_link_release
                0x0000000000008db0        0xc zephyr/subsys/bluetooth/controller/libsubsys__bluetooth__controller.a(ull.c.obj)
                0x0000000000008db0                ll_rx_link_release
 .text.ll_rx_alloc
                0x0000000000008dbc        0xc zephyr/subsys/bluetooth/controller/libsubsys__bluetooth__controller.a(ull.c.obj)
                0x0000000000008dbc                ll_rx_alloc
 .text.ll_rx_release
                0x0000000000008dc8        0xc zephyr/subsys/bluetooth/controller/libsubsys__bluetooth__controller.a(ull.c.obj)
                0x0000000000008dc8                ll_rx_release
 .text.ll_rx_put
                0x0000000000008dd4        0xc zephyr/subsys/bluetooth/controller/libsubsys__bluetooth__controller.a(ull.c.obj)
                0x0000000000008dd4                ll_rx_put
 .text.ll_rx_sched
                0x0000000000008de0        0xc zephyr/subsys/bluetooth/controller/libsubsys__bluetooth__controller.a(ull.c.obj)
                0x0000000000008de0                ll_rx_sched
 .text.ll_rx_put_sched
                0x0000000000008dec       0x1c zephyr/subsys/bluetooth/controller/libsubsys__bluetooth__controller.a(ull.c.obj)
                0x0000000000008dec                ll_rx_put_sched
 .text.ull_ticker_status_take
                0x0000000000008e08       0x24 zephyr/subsys/bluetooth/controller/libsubsys__bluetooth__controller.a(ull.c.obj)
                0x0000000000008e08                ull_ticker_status_take
 .text.ull_disable_mark_get
                0x0000000000008e2c        0xc zephyr/subsys/bluetooth/controller/libsubsys__bluetooth__controller.a(ull.c.obj)
                0x0000000000008e2c                ull_disable_mark_get
 .text.ull_disable
                0x0000000000008e38       0x7c zephyr/subsys/bluetooth/controller/libsubsys__bluetooth__controller.a(ull.c.obj)
                0x0000000000008e38                ull_disable
 .text.ull_ticker_stop_with_mark
                0x0000000000008eb4       0xa4 zephyr/subsys/bluetooth/controller/libsubsys__bluetooth__controller.a(ull.c.obj)
                0x0000000000008eb4                ull_ticker_stop_with_mark
 .text.ull_pdu_rx_alloc_peek
                0x0000000000008f58       0x38 zephyr/subsys/bluetooth/controller/libsubsys__bluetooth__controller.a(ull.c.obj)
                0x0000000000008f58                ull_pdu_rx_alloc_peek
 .text.ull_pdu_rx_alloc
                0x0000000000008f90       0x2c zephyr/subsys/bluetooth/controller/libsubsys__bluetooth__controller.a(ull.c.obj)
                0x0000000000008f90                ull_pdu_rx_alloc
 .text.ull_rx_put
                0x0000000000008fbc        0xc zephyr/subsys/bluetooth/controller/libsubsys__bluetooth__controller.a(ull.c.obj)
                0x0000000000008fbc                ull_rx_put
 .text.ull_rx_sched
                0x0000000000008fc8       0x10 zephyr/subsys/bluetooth/controller/libsubsys__bluetooth__controller.a(ull.c.obj)
                0x0000000000008fc8                ull_rx_sched
 .text.ull_rx_put_sched
                0x0000000000008fd8       0x20 zephyr/subsys/bluetooth/controller/libsubsys__bluetooth__controller.a(ull.c.obj)
                0x0000000000008fd8                ull_rx_put_sched
 .text.ull_prepare_enqueue
                0x0000000000008ff8       0x74 zephyr/subsys/bluetooth/controller/libsubsys__bluetooth__controller.a(ull.c.obj)
                0x0000000000008ff8                ull_prepare_enqueue
 .text.ull_prepare_dequeue_get
                0x000000000000906c       0x1c zephyr/subsys/bluetooth/controller/libsubsys__bluetooth__controller.a(ull.c.obj)
                0x000000000000906c                ull_prepare_dequeue_get
 .text.ull_prepare_dequeue_iter
                0x0000000000009088       0x34 zephyr/subsys/bluetooth/controller/libsubsys__bluetooth__controller.a(ull.c.obj)
                0x0000000000009088                ull_prepare_dequeue_iter
 .text.ull_prepare_dequeue
                0x00000000000090bc      0x130 zephyr/subsys/bluetooth/controller/libsubsys__bluetooth__controller.a(ull.c.obj)
                0x00000000000090bc                ull_prepare_dequeue
 .text.ull_event_done_extra_get
                0x00000000000091ec       0x1c zephyr/subsys/bluetooth/controller/libsubsys__bluetooth__controller.a(ull.c.obj)
                0x00000000000091ec                ull_event_done_extra_get
 .text.ull_done_extra_type_set
                0x0000000000009208       0x24 zephyr/subsys/bluetooth/controller/libsubsys__bluetooth__controller.a(ull.c.obj)
                0x0000000000009208                ull_done_extra_type_set
 .text.ull_event_done
                0x000000000000922c       0x54 zephyr/subsys/bluetooth/controller/libsubsys__bluetooth__controller.a(ull.c.obj)
                0x000000000000922c                ull_event_done
 .text.lll_prepare
                0x0000000000009280       0x14 zephyr/subsys/bluetooth/controller/libsubsys__bluetooth__controller.a(lll_common.c.obj)
                0x0000000000009280                lll_prepare
 .text.lll_resume
                0x0000000000009294       0x50 zephyr/subsys/bluetooth/controller/libsubsys__bluetooth__controller.a(lll_common.c.obj)
                0x0000000000009294                lll_resume
 .text.hci_driver_close
                0x00000000000092e4       0x50 zephyr/subsys/bluetooth/controller/libsubsys__bluetooth__controller.a(hci_driver.c.obj)
 .text.recv_thread
                0x0000000000009334       0xe8 zephyr/subsys/bluetooth/controller/libsubsys__bluetooth__controller.a(hci_driver.c.obj)
 .text.prio_recv_thread
                0x000000000000941c       0x50 zephyr/subsys/bluetooth/controller/libsubsys__bluetooth__controller.a(hci_driver.c.obj)
 .text.hci_driver_open
                0x000000000000946c       0xb0 zephyr/subsys/bluetooth/controller/libsubsys__bluetooth__controller.a(hci_driver.c.obj)
 .text.hci_driver_send
                0x000000000000951c       0x68 zephyr/subsys/bluetooth/controller/libsubsys__bluetooth__controller.a(hci_driver.c.obj)
 .text.hci_recv_fifo_reset
                0x0000000000009584       0x20 zephyr/subsys/bluetooth/controller/libsubsys__bluetooth__controller.a(hci_driver.c.obj)
                0x0000000000009584                hci_recv_fifo_reset
 .text.dup_ext_adv_adi_store
                0x00000000000095a4       0x6c zephyr/subsys/bluetooth/controller/libsubsys__bluetooth__controller.a(hci.c.obj)
 .text.dup_found
                0x0000000000009610      0x1cc zephyr/subsys/bluetooth/controller/libsubsys__bluetooth__controller.a(hci.c.obj)
 .text.ext_adv_info_fill.constprop.0
                0x00000000000097dc       0xf8 zephyr/subsys/bluetooth/controller/libsubsys__bluetooth__controller.a(hci.c.obj)
 .text.ext_adv_pdu_frag.constprop.0
                0x00000000000098d4       0xe0 zephyr/subsys/bluetooth/controller/libsubsys__bluetooth__controller.a(hci.c.obj)
 .text.ext_adv_data_frag.constprop.0
                0x00000000000099b4      0x170 zephyr/subsys/bluetooth/controller/libsubsys__bluetooth__controller.a(hci.c.obj)
 .text.le_ext_adv_legacy_report
                0x0000000000009b24      0x14c zephyr/subsys/bluetooth/controller/libsubsys__bluetooth__controller.a(hci.c.obj)
 .text.le_ext_adv_report
                0x0000000000009c70      0x6ac zephyr/subsys/bluetooth/controller/libsubsys__bluetooth__controller.a(hci.c.obj)
 .text.hci_vendor_cmd_handle_common
                0x000000000000a31c      0x164 zephyr/subsys/bluetooth/controller/libsubsys__bluetooth__controller.a(hci.c.obj)
                0x000000000000a31c                hci_vendor_cmd_handle_common
 .text.hci_cmd_handle
                0x000000000000a480      0x6d4 zephyr/subsys/bluetooth/controller/libsubsys__bluetooth__controller.a(hci.c.obj)
                0x000000000000a480                hci_cmd_handle
 .text.hci_evt_encode
                0x000000000000ab54      0xa54 zephyr/subsys/bluetooth/controller/libsubsys__bluetooth__controller.a(hci.c.obj)
                0x000000000000ab54                hci_evt_encode
 .text.hci_get_class
                0x000000000000b5a8       0x40 zephyr/subsys/bluetooth/controller/libsubsys__bluetooth__controller.a(hci.c.obj)
                0x000000000000b5a8                hci_get_class
 .text.hci_init
                0x000000000000b5e8       0x44 zephyr/subsys/bluetooth/controller/libsubsys__bluetooth__controller.a(hci.c.obj)
                0x000000000000b5e8                hci_init
 .text.ticker_cb
                0x000000000000b62c      0x1d4 zephyr/subsys/bluetooth/controller/libsubsys__bluetooth__controller.a(ull_scan.c.obj)
 .text.ext_disabled_cb
                0x000000000000b800       0x10 zephyr/subsys/bluetooth/controller/libsubsys__bluetooth__controller.a(ull_scan.c.obj)
 .text.ticker_stop_ext_op_cb
                0x000000000000b810       0x48 zephyr/subsys/bluetooth/controller/libsubsys__bluetooth__controller.a(ull_scan.c.obj)
 .text.ext_disable
                0x000000000000b858       0x98 zephyr/subsys/bluetooth/controller/libsubsys__bluetooth__controller.a(ull_scan.c.obj)
 .text.ull_scan_init
                0x000000000000b8f0        0x4 zephyr/subsys/bluetooth/controller/libsubsys__bluetooth__controller.a(ull_scan.c.obj)
                0x000000000000b8f0                ull_scan_init
 .text.ull_scan_disable
                0x000000000000b8f4       0xb0 zephyr/subsys/bluetooth/controller/libsubsys__bluetooth__controller.a(ull_scan.c.obj)
                0x000000000000b8f4                ull_scan_disable
 .text.disable.constprop.0
                0x000000000000b9a4       0x44 zephyr/subsys/bluetooth/controller/libsubsys__bluetooth__controller.a(ull_scan.c.obj)
 .text.ll_scan_enable
                0x000000000000b9e8      0x184 zephyr/subsys/bluetooth/controller/libsubsys__bluetooth__controller.a(ull_scan.c.obj)
                0x000000000000b9e8                ll_scan_enable
 .text.ull_scan_reset
                0x000000000000bb6c       0x20 zephyr/subsys/bluetooth/controller/libsubsys__bluetooth__controller.a(ull_scan.c.obj)
                0x000000000000bb6c                ull_scan_reset
 .text.ull_scan_done
                0x000000000000bb8c       0xac zephyr/subsys/bluetooth/controller/libsubsys__bluetooth__controller.a(ull_scan.c.obj)
                0x000000000000bb8c                ull_scan_done
 .text.ull_scan_term_dequeue
                0x000000000000bc38       0x50 zephyr/subsys/bluetooth/controller/libsubsys__bluetooth__controller.a(ull_scan.c.obj)
                0x000000000000bc38                ull_scan_term_dequeue
 .text.ull_scan_set_get
                0x000000000000bc88       0x10 zephyr/subsys/bluetooth/controller/libsubsys__bluetooth__controller.a(ull_scan.c.obj)
                0x000000000000bc88                ull_scan_set_get
 .text.ull_scan_handle_get
                0x000000000000bc98       0x1c zephyr/subsys/bluetooth/controller/libsubsys__bluetooth__controller.a(ull_scan.c.obj)
                0x000000000000bc98                ull_scan_handle_get
 .text.ull_scan_lll_handle_get
                0x000000000000bcb4       0x1c zephyr/subsys/bluetooth/controller/libsubsys__bluetooth__controller.a(ull_scan.c.obj)
                0x000000000000bcb4                ull_scan_lll_handle_get
 .text.ull_scan_is_valid_get
                0x000000000000bcd0       0x10 zephyr/subsys/bluetooth/controller/libsubsys__bluetooth__controller.a(ull_scan.c.obj)
                0x000000000000bcd0                ull_scan_is_valid_get
 .text.ull_scan_lll_is_valid_get
                0x000000000000bce0       0x14 zephyr/subsys/bluetooth/controller/libsubsys__bluetooth__controller.a(ull_scan.c.obj)
                0x000000000000bce0                ull_scan_lll_is_valid_get
 .text.ull_scan_is_enabled
                0x000000000000bcf4       0x40 zephyr/subsys/bluetooth/controller/libsubsys__bluetooth__controller.a(ull_scan.c.obj)
                0x000000000000bcf4                ull_scan_is_enabled
 .text.aux_sync_partial
                0x000000000000bd34       0x48 zephyr/subsys/bluetooth/controller/libsubsys__bluetooth__controller.a(ull_scan_aux.c.obj)
 .text.ticker_op_cb
                0x000000000000bd7c       0xb8 zephyr/subsys/bluetooth/controller/libsubsys__bluetooth__controller.a(ull_scan_aux.c.obj)
 .text.ticker_cb
                0x000000000000be34       0x94 zephyr/subsys/bluetooth/controller/libsubsys__bluetooth__controller.a(ull_scan_aux.c.obj)
 .text.flush    0x000000000000bec8       0xec zephyr/subsys/bluetooth/controller/libsubsys__bluetooth__controller.a(ull_scan_aux.c.obj)
 .text.aux_sync_incomplete
                0x000000000000bfb4       0xec zephyr/subsys/bluetooth/controller/libsubsys__bluetooth__controller.a(ull_scan_aux.c.obj)
 .text.flush_safe
                0x000000000000c0a0       0xa8 zephyr/subsys/bluetooth/controller/libsubsys__bluetooth__controller.a(ull_scan_aux.c.obj)
 .text.done_disabled_cb
                0x000000000000c148       0x44 zephyr/subsys/bluetooth/controller/libsubsys__bluetooth__controller.a(ull_scan_aux.c.obj)
 .text.ull_scan_aux_init
                0x000000000000c18c       0x1c zephyr/subsys/bluetooth/controller/libsubsys__bluetooth__controller.a(ull_scan_aux.c.obj)
                0x000000000000c18c                ull_scan_aux_init
 .text.ull_scan_aux_reset
                0x000000000000c1a8       0x1c zephyr/subsys/bluetooth/controller/libsubsys__bluetooth__controller.a(ull_scan_aux.c.obj)
                0x000000000000c1a8                ull_scan_aux_reset
 .text.ull_scan_aux_done
                0x000000000000c1c4       0xe8 zephyr/subsys/bluetooth/controller/libsubsys__bluetooth__controller.a(ull_scan_aux.c.obj)
                0x000000000000c1c4                ull_scan_aux_done
 .text.ull_scan_aux_set_get
                0x000000000000c2ac       0x10 zephyr/subsys/bluetooth/controller/libsubsys__bluetooth__controller.a(ull_scan_aux.c.obj)
                0x000000000000c2ac                ull_scan_aux_set_get
 .text.ull_scan_aux_lll_handle_get
                0x000000000000c2bc       0x14 zephyr/subsys/bluetooth/controller/libsubsys__bluetooth__controller.a(ull_scan_aux.c.obj)
                0x000000000000c2bc                ull_scan_aux_lll_handle_get
 .text.ull_scan_aux_lll_parent_get
                0x000000000000c2d0       0x48 zephyr/subsys/bluetooth/controller/libsubsys__bluetooth__controller.a(ull_scan_aux.c.obj)
                0x000000000000c2d0                ull_scan_aux_lll_parent_get
 .text.ull_scan_aux_lll_is_valid_get
                0x000000000000c318       0x14 zephyr/subsys/bluetooth/controller/libsubsys__bluetooth__controller.a(ull_scan_aux.c.obj)
                0x000000000000c318                ull_scan_aux_lll_is_valid_get
 .text.ull_scan_aux_release
                0x000000000000c32c      0x114 zephyr/subsys/bluetooth/controller/libsubsys__bluetooth__controller.a(ull_scan_aux.c.obj)
                0x000000000000c32c                ull_scan_aux_release
 .text.ull_scan_aux_stop
                0x000000000000c440       0xc0 zephyr/subsys/bluetooth/controller/libsubsys__bluetooth__controller.a(ull_scan_aux.c.obj)
                0x000000000000c440                ull_scan_aux_stop
 .text.ticker_cb
                0x000000000000c500       0xb4 zephyr/subsys/bluetooth/controller/libsubsys__bluetooth__controller.a(ull_sync.c.obj)
 .text.sync_expire
                0x000000000000c5b4       0x24 zephyr/subsys/bluetooth/controller/libsubsys__bluetooth__controller.a(ull_sync.c.obj)
 .text.sync_ticker_cleanup
                0x000000000000c5d8       0x60 zephyr/subsys/bluetooth/controller/libsubsys__bluetooth__controller.a(ull_sync.c.obj)
 .text.ticker_update_op_status_give
                0x000000000000c638        0xc zephyr/subsys/bluetooth/controller/libsubsys__bluetooth__controller.a(ull_sync.c.obj)
 .text.ticker_start_op_cb
                0x000000000000c644       0x34 zephyr/subsys/bluetooth/controller/libsubsys__bluetooth__controller.a(ull_sync.c.obj)
 .text.ticker_stop_sync_expire_op_cb
                0x000000000000c678       0x6c zephyr/subsys/bluetooth/controller/libsubsys__bluetooth__controller.a(ull_sync.c.obj)
 .text.ticker_update_op_cb
                0x000000000000c6e4       0x3c zephyr/subsys/bluetooth/controller/libsubsys__bluetooth__controller.a(ull_sync.c.obj)
 .text.ticker_stop_sync_lost_op_cb
                0x000000000000c720       0x74 zephyr/subsys/bluetooth/controller/libsubsys__bluetooth__controller.a(ull_sync.c.obj)
 .text.sync_lost
                0x000000000000c794       0x64 zephyr/subsys/bluetooth/controller/libsubsys__bluetooth__controller.a(ull_sync.c.obj)
 .text.ll_sync_terminate.part.0
                0x000000000000c7f8       0xe8 zephyr/subsys/bluetooth/controller/libsubsys__bluetooth__controller.a(ull_sync.c.obj)
 .text.ll_sync_create
                0x000000000000c8e0      0x1a4 zephyr/subsys/bluetooth/controller/libsubsys__bluetooth__controller.a(ull_sync.c.obj)
                0x000000000000c8e0                ll_sync_create
 .text.ll_sync_create_cancel
                0x000000000000ca84       0xe8 zephyr/subsys/bluetooth/controller/libsubsys__bluetooth__controller.a(ull_sync.c.obj)
                0x000000000000ca84                ll_sync_create_cancel
 .text.ll_sync_terminate
                0x000000000000cb6c       0x18 zephyr/subsys/bluetooth/controller/libsubsys__bluetooth__controller.a(ull_sync.c.obj)
                0x000000000000cb6c                ll_sync_terminate
 .text.ll_sync_recv_enable
                0x000000000000cb84       0x2c zephyr/subsys/bluetooth/controller/libsubsys__bluetooth__controller.a(ull_sync.c.obj)
                0x000000000000cb84                ll_sync_recv_enable
 .text.ull_sync_init
                0x000000000000cbb0       0x28 zephyr/subsys/bluetooth/controller/libsubsys__bluetooth__controller.a(ull_sync.c.obj)
                0x000000000000cbb0                ull_sync_init
 .text.ull_sync_reset
                0x000000000000cbd8       0x44 zephyr/subsys/bluetooth/controller/libsubsys__bluetooth__controller.a(ull_sync.c.obj)
                0x000000000000cbd8                ull_sync_reset
 .text.ull_sync_is_enabled_get
                0x000000000000cc1c       0x1c zephyr/subsys/bluetooth/controller/libsubsys__bluetooth__controller.a(ull_sync.c.obj)
                0x000000000000cc1c                ull_sync_is_enabled_get
 .text.ull_sync_is_valid_get
                0x000000000000cc38       0x10 zephyr/subsys/bluetooth/controller/libsubsys__bluetooth__controller.a(ull_sync.c.obj)
                0x000000000000cc38                ull_sync_is_valid_get
 .text.ull_sync_lll_is_valid_get
                0x000000000000cc48       0x14 zephyr/subsys/bluetooth/controller/libsubsys__bluetooth__controller.a(ull_sync.c.obj)
                0x000000000000cc48                ull_sync_lll_is_valid_get
 .text.ull_sync_handle_get
                0x000000000000cc5c        0xc zephyr/subsys/bluetooth/controller/libsubsys__bluetooth__controller.a(ull_sync.c.obj)
                0x000000000000cc5c                ull_sync_handle_get
 .text.ull_sync_lll_handle_get
                0x000000000000cc68       0x10 zephyr/subsys/bluetooth/controller/libsubsys__bluetooth__controller.a(ull_sync.c.obj)
                0x000000000000cc68                ull_sync_lll_handle_get
 .text.ull_sync_release
                0x000000000000cc78       0x3c zephyr/subsys/bluetooth/controller/libsubsys__bluetooth__controller.a(ull_sync.c.obj)
                0x000000000000cc78                ull_sync_release
 .text.ull_sync_setup_addr_check
                0x000000000000ccb4       0x68 zephyr/subsys/bluetooth/controller/libsubsys__bluetooth__controller.a(ull_sync.c.obj)
                0x000000000000ccb4                ull_sync_setup_addr_check
 .text.ull_sync_setup_sid_match
                0x000000000000cd1c       0x44 zephyr/subsys/bluetooth/controller/libsubsys__bluetooth__controller.a(ull_sync.c.obj)
                0x000000000000cd1c                ull_sync_setup_sid_match
 .text.ull_sync_setup_reset
                0x000000000000cd60        0x8 zephyr/subsys/bluetooth/controller/libsubsys__bluetooth__controller.a(ull_sync.c.obj)
                0x000000000000cd60                ull_sync_setup_reset
 .text.ull_sync_established_report
                0x000000000000cd68       0x9c zephyr/subsys/bluetooth/controller/libsubsys__bluetooth__controller.a(ull_sync.c.obj)
                0x000000000000cd68                ull_sync_established_report
 .text.ull_sync_done
                0x000000000000ce04      0x194 zephyr/subsys/bluetooth/controller/libsubsys__bluetooth__controller.a(ull_sync.c.obj)
                0x000000000000ce04                ull_sync_done
 .text.ull_sync_chm_update
                0x000000000000cf98       0xd8 zephyr/subsys/bluetooth/controller/libsubsys__bluetooth__controller.a(ull_sync.c.obj)
                0x000000000000cf98                ull_sync_chm_update
 .text.ll_df_set_cl_iq_sampling_enable
                0x000000000000d070      0x11c zephyr/subsys/bluetooth/controller/libsubsys__bluetooth__controller.a(ull_df.c.obj)
                0x000000000000d070                ll_df_set_cl_iq_sampling_enable
 .text.ull_df_sync_cfg_init
                0x000000000000d18c       0x18 zephyr/subsys/bluetooth/controller/libsubsys__bluetooth__controller.a(ull_df.c.obj)
                0x000000000000d18c                ull_df_sync_cfg_init
 .text.ull_df_sync_cfg_is_not_enabled
                0x000000000000d1a4       0x1c zephyr/subsys/bluetooth/controller/libsubsys__bluetooth__controller.a(ull_df.c.obj)
                0x000000000000d1a4                ull_df_sync_cfg_is_not_enabled
 .text.ull_df_iq_report_alloc_peek
                0x000000000000d1c0       0x38 zephyr/subsys/bluetooth/controller/libsubsys__bluetooth__controller.a(ull_df.c.obj)
                0x000000000000d1c0                ull_df_iq_report_alloc_peek
 .text.ull_df_iq_report_alloc
                0x000000000000d1f8       0x2c zephyr/subsys/bluetooth/controller/libsubsys__bluetooth__controller.a(ull_df.c.obj)
                0x000000000000d1f8                ull_df_iq_report_alloc
 .text.ull_df_iq_report_mem_release
                0x000000000000d224        0xc zephyr/subsys/bluetooth/controller/libsubsys__bluetooth__controller.a(ull_df.c.obj)
                0x000000000000d224                ull_df_iq_report_mem_release
 .text.ull_iq_report_link_inc_quota
                0x000000000000d230       0x4c zephyr/subsys/bluetooth/controller/libsubsys__bluetooth__controller.a(ull_df.c.obj)
                0x000000000000d230                ull_iq_report_link_inc_quota
 .text.ull_df_rx_iq_report_alloc
                0x000000000000d27c       0x78 zephyr/subsys/bluetooth/controller/libsubsys__bluetooth__controller.a(ull_df.c.obj)
                0x000000000000d27c                ull_df_rx_iq_report_alloc
 .text.ull_df_reset
                0x000000000000d2f4       0x34 zephyr/subsys/bluetooth/controller/libsubsys__bluetooth__controller.a(ull_df.c.obj)
                0x000000000000d2f4                ull_df_reset
 .text.ull_df_init
                0x000000000000d328       0x34 zephyr/subsys/bluetooth/controller/libsubsys__bluetooth__controller.a(ull_df.c.obj)
                0x000000000000d328                ull_df_init
 .text.ll_df_read_ant_inf
                0x000000000000d35c       0x20 zephyr/subsys/bluetooth/controller/libsubsys__bluetooth__controller.a(ull_df.c.obj)
                0x000000000000d35c                ll_df_read_ant_inf
 .text.ull_chan_reset
                0x000000000000d37c       0x20 zephyr/subsys/bluetooth/controller/libsubsys__bluetooth__controller.a(ull_chan.c.obj)
                0x000000000000d37c                ull_chan_reset
 .text.lll_chan_id
                0x000000000000d39c        0x8 zephyr/subsys/bluetooth/controller/libsubsys__bluetooth__controller.a(lll_chan.c.obj)
                0x000000000000d39c                lll_chan_id
 .text.lll_chan_sel_2
                0x000000000000d3a4       0xe0 zephyr/subsys/bluetooth/controller/libsubsys__bluetooth__controller.a(lll_chan.c.obj)
                0x000000000000d3a4                lll_chan_sel_2
 .text.pal_find
                0x000000000000d484       0x70 zephyr/subsys/bluetooth/controller/libsubsys__bluetooth__controller.a(ull_filter.c.obj)
 .text.ll_pal_size_get
                0x000000000000d4f4        0x4 zephyr/subsys/bluetooth/controller/libsubsys__bluetooth__controller.a(ull_filter.c.obj)
                0x000000000000d4f4                ll_pal_size_get
 .text.ll_pal_clear
                0x000000000000d4f8       0x60 zephyr/subsys/bluetooth/controller/libsubsys__bluetooth__controller.a(ull_filter.c.obj)
                0x000000000000d4f8                ll_pal_clear
 .text.ll_pal_add
                0x000000000000d558       0x84 zephyr/subsys/bluetooth/controller/libsubsys__bluetooth__controller.a(ull_filter.c.obj)
                0x000000000000d558                ll_pal_add
 .text.ll_pal_remove
                0x000000000000d5dc       0x3c zephyr/subsys/bluetooth/controller/libsubsys__bluetooth__controller.a(ull_filter.c.obj)
                0x000000000000d5dc                ll_pal_remove
 .text.ull_filter_ull_pal_addr_match
                0x000000000000d618       0x50 zephyr/subsys/bluetooth/controller/libsubsys__bluetooth__controller.a(ull_filter.c.obj)
                0x000000000000d618                ull_filter_ull_pal_addr_match
 .text.ull_filter_ull_pal_match
                0x000000000000d668       0x58 zephyr/subsys/bluetooth/controller/libsubsys__bluetooth__controller.a(ull_filter.c.obj)
                0x000000000000d668                ull_filter_ull_pal_match
 .text.bt_rand  0x000000000000d6c0        0x4 zephyr/subsys/bluetooth/controller/libsubsys__bluetooth__controller.a(crypto.c.obj)
                0x000000000000d6c0                bt_rand
 .text.radio_nrf5_isr
                0x000000000000d6c4       0x1c zephyr/subsys/bluetooth/controller/ll_sw/nordic/libsubsys__bluetooth__controller__ll_sw__nordic.a(lll.c.obj)
                0x000000000000d6c4                radio_nrf5_isr
 .text.rtc0_nrf5_isr
                0x000000000000d6e0       0x30 zephyr/subsys/bluetooth/controller/ll_sw/nordic/libsubsys__bluetooth__controller__ll_sw__nordic.a(lll.c.obj)
 .text.swi_lll_nrf5_isr
                0x000000000000d710        0x8 zephyr/subsys/bluetooth/controller/ll_sw/nordic/libsubsys__bluetooth__controller__ll_sw__nordic.a(lll.c.obj)
 .text.ticker_start_op_cb
                0x000000000000d718       0xb0 zephyr/subsys/bluetooth/controller/ll_sw/nordic/libsubsys__bluetooth__controller__ll_sw__nordic.a(lll.c.obj)
 .text.ticker_stop_op_cb
                0x000000000000d7c8       0x8c zephyr/subsys/bluetooth/controller/ll_sw/nordic/libsubsys__bluetooth__controller__ll_sw__nordic.a(lll.c.obj)
 .text.isr_race
                0x000000000000d854        0x4 zephyr/subsys/bluetooth/controller/ll_sw/nordic/libsubsys__bluetooth__controller__ll_sw__nordic.a(lll.c.obj)
 .text.preempt_ticker_cb
                0x000000000000d858       0x84 zephyr/subsys/bluetooth/controller/ll_sw/nordic/libsubsys__bluetooth__controller__ll_sw__nordic.a(lll.c.obj)
 .text.preempt_ticker_start
                0x000000000000d8dc      0x188 zephyr/subsys/bluetooth/controller/ll_sw/nordic/libsubsys__bluetooth__controller__ll_sw__nordic.a(lll.c.obj)
 .text.preempt  0x000000000000da64      0x208 zephyr/subsys/bluetooth/controller/ll_sw/nordic/libsubsys__bluetooth__controller__ll_sw__nordic.a(lll.c.obj)
 .text.lll_init
                0x000000000000dc6c       0x60 zephyr/subsys/bluetooth/controller/ll_sw/nordic/libsubsys__bluetooth__controller__ll_sw__nordic.a(lll.c.obj)
                0x000000000000dc6c                lll_init
 .text.lll_deinit
                0x000000000000dccc       0x20 zephyr/subsys/bluetooth/controller/ll_sw/nordic/libsubsys__bluetooth__controller__ll_sw__nordic.a(lll.c.obj)
                0x000000000000dccc                lll_deinit
 .text.lll_csrand_get
                0x000000000000dcec       0x14 zephyr/subsys/bluetooth/controller/ll_sw/nordic/libsubsys__bluetooth__controller__ll_sw__nordic.a(lll.c.obj)
                0x000000000000dcec                lll_csrand_get
 .text.lll_reset
                0x000000000000dd00        0x4 zephyr/subsys/bluetooth/controller/ll_sw/nordic/libsubsys__bluetooth__controller__ll_sw__nordic.a(lll.c.obj)
                0x000000000000dd00                lll_reset
 .text.lll_disable
                0x000000000000dd04       0xa8 zephyr/subsys/bluetooth/controller/ll_sw/nordic/libsubsys__bluetooth__controller__ll_sw__nordic.a(lll.c.obj)
                0x000000000000dd04                lll_disable
 .text.lll_prepare_done
                0x000000000000ddac        0x4 zephyr/subsys/bluetooth/controller/ll_sw/nordic/libsubsys__bluetooth__controller__ll_sw__nordic.a(lll.c.obj)
                0x000000000000ddac                lll_prepare_done
 .text.lll_done
                0x000000000000ddb0       0xac zephyr/subsys/bluetooth/controller/ll_sw/nordic/libsubsys__bluetooth__controller__ll_sw__nordic.a(lll.c.obj)
                0x000000000000ddb0                lll_done
 .text.lll_is_done
                0x000000000000de5c       0x1c zephyr/subsys/bluetooth/controller/ll_sw/nordic/libsubsys__bluetooth__controller__ll_sw__nordic.a(lll.c.obj)
                0x000000000000de5c                lll_is_done
 .text.lll_event_offset_get
                0x000000000000de78       0x1c zephyr/subsys/bluetooth/controller/ll_sw/nordic/libsubsys__bluetooth__controller__ll_sw__nordic.a(lll.c.obj)
                0x000000000000de78                lll_event_offset_get
 .text.lll_preempt_calc
                0x000000000000de94       0x24 zephyr/subsys/bluetooth/controller/ll_sw/nordic/libsubsys__bluetooth__controller__ll_sw__nordic.a(lll.c.obj)
                0x000000000000de94                lll_preempt_calc
 .text.lll_chan_set
                0x000000000000deb8       0x88 zephyr/subsys/bluetooth/controller/ll_sw/nordic/libsubsys__bluetooth__controller__ll_sw__nordic.a(lll.c.obj)
                0x000000000000deb8                lll_chan_set
 .text.lll_radio_rx_ready_delay_get
                0x000000000000df40        0x4 zephyr/subsys/bluetooth/controller/ll_sw/nordic/libsubsys__bluetooth__controller__ll_sw__nordic.a(lll.c.obj)
                0x000000000000df40                lll_radio_rx_ready_delay_get
 .text.lll_isr_tx_status_reset
                0x000000000000df44       0x10 zephyr/subsys/bluetooth/controller/ll_sw/nordic/libsubsys__bluetooth__controller__ll_sw__nordic.a(lll.c.obj)
                0x000000000000df44                lll_isr_tx_status_reset
 .text.lll_isr_rx_status_reset
                0x000000000000df54       0x14 zephyr/subsys/bluetooth/controller/ll_sw/nordic/libsubsys__bluetooth__controller__ll_sw__nordic.a(lll.c.obj)
                0x000000000000df54                lll_isr_rx_status_reset
 .text.lll_isr_status_reset
                0x000000000000df68       0x18 zephyr/subsys/bluetooth/controller/ll_sw/nordic/libsubsys__bluetooth__controller__ll_sw__nordic.a(lll.c.obj)
                0x000000000000df68                lll_isr_status_reset
 .text.lll_isr_cleanup
                0x000000000000df80       0x78 zephyr/subsys/bluetooth/controller/ll_sw/nordic/libsubsys__bluetooth__controller__ll_sw__nordic.a(lll.c.obj)
                0x000000000000df80                lll_isr_cleanup
 .text.lll_prepare_resolve
                0x000000000000dff8      0x1b4 zephyr/subsys/bluetooth/controller/ll_sw/nordic/libsubsys__bluetooth__controller__ll_sw__nordic.a(lll.c.obj)
                0x000000000000dff8                lll_prepare_resolve
 .text.lll_clock_init
                0x000000000000e1ac       0x20 zephyr/subsys/bluetooth/controller/ll_sw/nordic/libsubsys__bluetooth__controller__ll_sw__nordic.a(lll_clock.c.obj)
                0x000000000000e1ac                lll_clock_init
 .text.lll_clock_deinit
                0x000000000000e1cc       0x20 zephyr/subsys/bluetooth/controller/ll_sw/nordic/libsubsys__bluetooth__controller__ll_sw__nordic.a(lll_clock.c.obj)
                0x000000000000e1cc                lll_clock_deinit
 .text.lll_hfclock_on
                0x000000000000e1ec       0x30 zephyr/subsys/bluetooth/controller/ll_sw/nordic/libsubsys__bluetooth__controller__ll_sw__nordic.a(lll_clock.c.obj)
                0x000000000000e1ec                lll_hfclock_on
 .text.lll_hfclock_off
                0x000000000000e21c       0x38 zephyr/subsys/bluetooth/controller/ll_sw/nordic/libsubsys__bluetooth__controller__ll_sw__nordic.a(lll_clock.c.obj)
                0x000000000000e21c                lll_hfclock_off
 .text.lll_clock_ppm_local_get
                0x000000000000e254        0x4 zephyr/subsys/bluetooth/controller/ll_sw/nordic/libsubsys__bluetooth__controller__ll_sw__nordic.a(lll_clock.c.obj)
                0x000000000000e254                lll_clock_ppm_local_get
 .text.lll_clock_ppm_get
                0x000000000000e258        0xc zephyr/subsys/bluetooth/controller/ll_sw/nordic/libsubsys__bluetooth__controller__ll_sw__nordic.a(lll_clock.c.obj)
                0x000000000000e258                lll_clock_ppm_get
 .text.prepare_cb
                0x000000000000e264        0x8 zephyr/subsys/bluetooth/controller/ll_sw/nordic/libsubsys__bluetooth__controller__ll_sw__nordic.a(lll_scan.c.obj)
 .text.isr_common_done
                0x000000000000e26c       0x90 zephyr/subsys/bluetooth/controller/ll_sw/nordic/libsubsys__bluetooth__controller__ll_sw__nordic.a(lll_scan.c.obj)
 .text.isr_abort
                0x000000000000e2fc       0x54 zephyr/subsys/bluetooth/controller/ll_sw/nordic/libsubsys__bluetooth__controller__ll_sw__nordic.a(lll_scan.c.obj)
 .text.isr_done
                0x000000000000e350       0x14 zephyr/subsys/bluetooth/controller/ll_sw/nordic/libsubsys__bluetooth__controller__ll_sw__nordic.a(lll_scan.c.obj)
 .text.isr_tx   0x000000000000e364       0xa8 zephyr/subsys/bluetooth/controller/ll_sw/nordic/libsubsys__bluetooth__controller__ll_sw__nordic.a(lll_scan.c.obj)
 .text.isr_done_cleanup
                0x000000000000e40c       0xe8 zephyr/subsys/bluetooth/controller/ll_sw/nordic/libsubsys__bluetooth__controller__ll_sw__nordic.a(lll_scan.c.obj)
 .text.is_abort_cb
                0x000000000000e4f4       0x8c zephyr/subsys/bluetooth/controller/ll_sw/nordic/libsubsys__bluetooth__controller__ll_sw__nordic.a(lll_scan.c.obj)
 .text.resume_prepare_cb
                0x000000000000e580       0x2c zephyr/subsys/bluetooth/controller/ll_sw/nordic/libsubsys__bluetooth__controller__ll_sw__nordic.a(lll_scan.c.obj)
 .text.isr_window
                0x000000000000e5ac       0x44 zephyr/subsys/bluetooth/controller/ll_sw/nordic/libsubsys__bluetooth__controller__ll_sw__nordic.a(lll_scan.c.obj)
 .text.ticker_op_start_cb
                0x000000000000e5f0       0x34 zephyr/subsys/bluetooth/controller/ll_sw/nordic/libsubsys__bluetooth__controller__ll_sw__nordic.a(lll_scan.c.obj)
 .text.ticker_stop_cb
                0x000000000000e624       0x48 zephyr/subsys/bluetooth/controller/ll_sw/nordic/libsubsys__bluetooth__controller__ll_sw__nordic.a(lll_scan.c.obj)
 .text.abort_cb
                0x000000000000e66c       0x60 zephyr/subsys/bluetooth/controller/ll_sw/nordic/libsubsys__bluetooth__controller__ll_sw__nordic.a(lll_scan.c.obj)
 .text.isr_rx_scan_report.constprop.0
                0x000000000000e6cc      0x11c zephyr/subsys/bluetooth/controller/ll_sw/nordic/libsubsys__bluetooth__controller__ll_sw__nordic.a(lll_scan.c.obj)
 .text.lll_scan_init
                0x000000000000e7e8        0x4 zephyr/subsys/bluetooth/controller/ll_sw/nordic/libsubsys__bluetooth__controller__ll_sw__nordic.a(lll_scan.c.obj)
                0x000000000000e7e8                lll_scan_init
 .text.lll_scan_reset
                0x000000000000e7ec        0x4 zephyr/subsys/bluetooth/controller/ll_sw/nordic/libsubsys__bluetooth__controller__ll_sw__nordic.a(lll_scan.c.obj)
                0x000000000000e7ec                lll_scan_reset
 .text.lll_scan_prepare
                0x000000000000e7f0       0x80 zephyr/subsys/bluetooth/controller/ll_sw/nordic/libsubsys__bluetooth__controller__ll_sw__nordic.a(lll_scan.c.obj)
                0x000000000000e7f0                lll_scan_prepare
 .text.lll_scan_isr_resume
                0x000000000000e870       0x34 zephyr/subsys/bluetooth/controller/ll_sw/nordic/libsubsys__bluetooth__controller__ll_sw__nordic.a(lll_scan.c.obj)
                0x000000000000e870                lll_scan_isr_resume
 .text.lll_scan_isr_rx_check
                0x000000000000e8a4       0x14 zephyr/subsys/bluetooth/controller/ll_sw/nordic/libsubsys__bluetooth__controller__ll_sw__nordic.a(lll_scan.c.obj)
                0x000000000000e8a4                lll_scan_isr_rx_check
 .text.lll_scan_ext_tgta_check
                0x000000000000e8b8       0x84 zephyr/subsys/bluetooth/controller/ll_sw/nordic/libsubsys__bluetooth__controller__ll_sw__nordic.a(lll_scan.c.obj)
                0x000000000000e8b8                lll_scan_ext_tgta_check
 .text.isr_rx   0x000000000000e93c      0x2f8 zephyr/subsys/bluetooth/controller/ll_sw/nordic/libsubsys__bluetooth__controller__ll_sw__nordic.a(lll_scan.c.obj)
 .text.isr_done
                0x000000000000ec34       0xb4 zephyr/subsys/bluetooth/controller/ll_sw/nordic/libsubsys__bluetooth__controller__ll_sw__nordic.a(lll_scan_aux.c.obj)
 .text.isr_tx   0x000000000000ece8       0x9c zephyr/subsys/bluetooth/controller/ll_sw/nordic/libsubsys__bluetooth__controller__ll_sw__nordic.a(lll_scan_aux.c.obj)
 .text.isr_tx_scan_req_lll_schedule
                0x000000000000ed84       0x50 zephyr/subsys/bluetooth/controller/ll_sw/nordic/libsubsys__bluetooth__controller__ll_sw__nordic.a(lll_scan_aux.c.obj)
 .text.isr_tx_scan_req_ull_schedule
                0x000000000000edd4       0x50 zephyr/subsys/bluetooth/controller/ll_sw/nordic/libsubsys__bluetooth__controller__ll_sw__nordic.a(lll_scan_aux.c.obj)
 .text.abort_cb
                0x000000000000ee24       0x98 zephyr/subsys/bluetooth/controller/ll_sw/nordic/libsubsys__bluetooth__controller__ll_sw__nordic.a(lll_scan_aux.c.obj)
 .text.is_abort_cb
                0x000000000000eebc       0x48 zephyr/subsys/bluetooth/controller/ll_sw/nordic/libsubsys__bluetooth__controller__ll_sw__nordic.a(lll_scan_aux.c.obj)
 .text.lll_scan_aux_isr_aux_setup
                0x000000000000ef04      0x154 zephyr/subsys/bluetooth/controller/ll_sw/nordic/libsubsys__bluetooth__controller__ll_sw__nordic.a(lll_scan_aux.c.obj)
                0x000000000000ef04                lll_scan_aux_isr_aux_setup
 .text.lll_scan_aux_prepare
                0x000000000000f058       0x80 zephyr/subsys/bluetooth/controller/ll_sw/nordic/libsubsys__bluetooth__controller__ll_sw__nordic.a(lll_scan_aux.c.obj)
                0x000000000000f058                lll_scan_aux_prepare
 .text.lll_scan_aux_setup
                0x000000000000f0d8      0x17c zephyr/subsys/bluetooth/controller/ll_sw/nordic/libsubsys__bluetooth__controller__ll_sw__nordic.a(lll_scan_aux.c.obj)
                0x000000000000f0d8                lll_scan_aux_setup
 .text.isr_rx   0x000000000000f254      0x448 zephyr/subsys/bluetooth/controller/ll_sw/nordic/libsubsys__bluetooth__controller__ll_sw__nordic.a(lll_scan_aux.c.obj)
 .text.isr_rx_ull_schedule
                0x000000000000f69c       0x1c zephyr/subsys/bluetooth/controller/ll_sw/nordic/libsubsys__bluetooth__controller__ll_sw__nordic.a(lll_scan_aux.c.obj)
 .text.isr_rx_lll_schedule
                0x000000000000f6b8       0x18 zephyr/subsys/bluetooth/controller/ll_sw/nordic/libsubsys__bluetooth__controller__ll_sw__nordic.a(lll_scan_aux.c.obj)
 .text.lll_scan_aux_addr_match_get
                0x000000000000f6d0        0x8 zephyr/subsys/bluetooth/controller/ll_sw/nordic/libsubsys__bluetooth__controller__ll_sw__nordic.a(lll_scan_aux.c.obj)
                0x000000000000f6d0                lll_scan_aux_addr_match_get
 .text.isr_aux_setup
                0x000000000000f6d8      0x1bc zephyr/subsys/bluetooth/controller/ll_sw/nordic/libsubsys__bluetooth__controller__ll_sw__nordic.a(lll_sync.c.obj)
 .text.iq_report_create_put
                0x000000000000f894      0x12c zephyr/subsys/bluetooth/controller/ll_sw/nordic/libsubsys__bluetooth__controller__ll_sw__nordic.a(lll_sync.c.obj)
 .text.isr_rx   0x000000000000f9c0      0x14c zephyr/subsys/bluetooth/controller/ll_sw/nordic/libsubsys__bluetooth__controller__ll_sw__nordic.a(lll_sync.c.obj)
 .text.isr_rx_done_cleanup
                0x000000000000fb0c       0xa0 zephyr/subsys/bluetooth/controller/ll_sw/nordic/libsubsys__bluetooth__controller__ll_sw__nordic.a(lll_sync.c.obj)
 .text.isr_done
                0x000000000000fbac       0x78 zephyr/subsys/bluetooth/controller/ll_sw/nordic/libsubsys__bluetooth__controller__ll_sw__nordic.a(lll_sync.c.obj)
 .text.isr_rx_adv_sync
                0x000000000000fc24       0x80 zephyr/subsys/bluetooth/controller/ll_sw/nordic/libsubsys__bluetooth__controller__ll_sw__nordic.a(lll_sync.c.obj)
 .text.abort_cb
                0x000000000000fca4       0xa0 zephyr/subsys/bluetooth/controller/ll_sw/nordic/libsubsys__bluetooth__controller__ll_sw__nordic.a(lll_sync.c.obj)
 .text.is_abort_cb
                0x000000000000fd44       0x48 zephyr/subsys/bluetooth/controller/ll_sw/nordic/libsubsys__bluetooth__controller__ll_sw__nordic.a(lll_sync.c.obj)
 .text.prepare  0x000000000000fd8c       0x50 zephyr/subsys/bluetooth/controller/ll_sw/nordic/libsubsys__bluetooth__controller__ll_sw__nordic.a(lll_sync.c.obj)
 .text.isr_rx_adv_sync_estab
                0x000000000000fddc      0x154 zephyr/subsys/bluetooth/controller/ll_sw/nordic/libsubsys__bluetooth__controller__ll_sw__nordic.a(lll_sync.c.obj)
 .text.data_channel_calc.constprop.0
                0x000000000000ff30       0x4c zephyr/subsys/bluetooth/controller/ll_sw/nordic/libsubsys__bluetooth__controller__ll_sw__nordic.a(lll_sync.c.obj)
 .text.isr_rx_aux_chain
                0x000000000000ff7c      0x1a0 zephyr/subsys/bluetooth/controller/ll_sw/nordic/libsubsys__bluetooth__controller__ll_sw__nordic.a(lll_sync.c.obj)
 .text.prepare_cb
                0x000000000001011c       0xc0 zephyr/subsys/bluetooth/controller/ll_sw/nordic/libsubsys__bluetooth__controller__ll_sw__nordic.a(lll_sync.c.obj)
 .text.create_prepare_cb
                0x00000000000101dc       0xc4 zephyr/subsys/bluetooth/controller/ll_sw/nordic/libsubsys__bluetooth__controller__ll_sw__nordic.a(lll_sync.c.obj)
 .text.lll_sync_init
                0x00000000000102a0        0x4 zephyr/subsys/bluetooth/controller/ll_sw/nordic/libsubsys__bluetooth__controller__ll_sw__nordic.a(lll_sync.c.obj)
                0x00000000000102a0                lll_sync_init
 .text.lll_sync_create_prepare
                0x00000000000102a4       0x5c zephyr/subsys/bluetooth/controller/ll_sw/nordic/libsubsys__bluetooth__controller__ll_sw__nordic.a(lll_sync.c.obj)
                0x00000000000102a4                lll_sync_create_prepare
 .text.lll_sync_prepare
                0x0000000000010300       0x5c zephyr/subsys/bluetooth/controller/ll_sw/nordic/libsubsys__bluetooth__controller__ll_sw__nordic.a(lll_sync.c.obj)
                0x0000000000010300                lll_sync_prepare
 .text.lll_sync_aux_prepare_cb
                0x000000000001035c      0x114 zephyr/subsys/bluetooth/controller/ll_sw/nordic/libsubsys__bluetooth__controller__ll_sw__nordic.a(lll_sync.c.obj)
                0x000000000001035c                lll_sync_aux_prepare_cb
 .text.lll_df_init
                0x0000000000010470        0xc zephyr/subsys/bluetooth/controller/ll_sw/nordic/libsubsys__bluetooth__controller__ll_sw__nordic.a(lll_df.c.obj)
                0x0000000000010470                lll_df_init
 .text.lll_df_reset
                0x000000000001047c        0x4 zephyr/subsys/bluetooth/controller/ll_sw/nordic/libsubsys__bluetooth__controller__ll_sw__nordic.a(lll_df.c.obj)
                0x000000000001047c                lll_df_reset
 .text.lll_df_ant_num_get
                0x0000000000010480        0x4 zephyr/subsys/bluetooth/controller/ll_sw/nordic/libsubsys__bluetooth__controller__ll_sw__nordic.a(lll_df.c.obj)
                0x0000000000010480                lll_df_ant_num_get
 .text.lll_df_sync_cfg_alloc
                0x0000000000010484       0x44 zephyr/subsys/bluetooth/controller/ll_sw/nordic/libsubsys__bluetooth__controller__ll_sw__nordic.a(lll_df.c.obj)
                0x0000000000010484                lll_df_sync_cfg_alloc
 .text.lll_df_sync_cfg_latest_get
                0x00000000000104c8       0x54 zephyr/subsys/bluetooth/controller/ll_sw/nordic/libsubsys__bluetooth__controller__ll_sw__nordic.a(lll_df.c.obj)
                0x00000000000104c8                lll_df_sync_cfg_latest_get
 .text.lll_df_conf_cte_rx_enable
                0x000000000001051c       0x54 zephyr/subsys/bluetooth/controller/ll_sw/nordic/libsubsys__bluetooth__controller__ll_sw__nordic.a(lll_df.c.obj)
                0x000000000001051c                lll_df_conf_cte_rx_enable
 .text.lll_df_iq_report_no_resources_prepare
                0x0000000000010570       0x44 zephyr/subsys/bluetooth/controller/ll_sw/nordic/libsubsys__bluetooth__controller__ll_sw__nordic.a(lll_df.c.obj)
                0x0000000000010570                lll_df_iq_report_no_resources_prepare
 .text.hci_vendor_read_static_addr
                0x00000000000105b4       0xa0 zephyr/subsys/bluetooth/controller/ll_sw/nordic/libsubsys__bluetooth__controller__ll_sw__nordic.a(hci_vendor.c.obj)
                0x00000000000105b4                hci_vendor_read_static_addr
 .text.hci_vendor_read_key_hierarchy_roots
                0x0000000000010654       0x54 zephyr/subsys/bluetooth/controller/ll_sw/nordic/libsubsys__bluetooth__controller__ll_sw__nordic.a(hci_vendor.c.obj)
                0x0000000000010654                hci_vendor_read_key_hierarchy_roots
 .text.cntr_init
                0x00000000000106a8       0x1c zephyr/subsys/bluetooth/controller/ll_sw/nordic/libsubsys__bluetooth__controller__ll_sw__nordic.a(cntr.c.obj)
                0x00000000000106a8                cntr_init
 .text.cntr_start
                0x00000000000106c4       0x20 zephyr/subsys/bluetooth/controller/ll_sw/nordic/libsubsys__bluetooth__controller__ll_sw__nordic.a(cntr.c.obj)
                0x00000000000106c4                cntr_start
 .text.cntr_stop
                0x00000000000106e4       0x50 zephyr/subsys/bluetooth/controller/ll_sw/nordic/libsubsys__bluetooth__controller__ll_sw__nordic.a(cntr.c.obj)
                0x00000000000106e4                cntr_stop
 .text.cntr_cnt_get
                0x0000000000010734        0xc zephyr/subsys/bluetooth/controller/ll_sw/nordic/libsubsys__bluetooth__controller__ll_sw__nordic.a(cntr.c.obj)
                0x0000000000010734                cntr_cnt_get
 .text.cntr_cmp_set
                0x0000000000010740       0x10 zephyr/subsys/bluetooth/controller/ll_sw/nordic/libsubsys__bluetooth__controller__ll_sw__nordic.a(cntr.c.obj)
                0x0000000000010740                cntr_cmp_set
 .text.isr_radio
                0x0000000000010750       0x20 zephyr/subsys/bluetooth/controller/ll_sw/nordic/libsubsys__bluetooth__controller__ll_sw__nordic.a(radio.c.obj)
                0x0000000000010750                isr_radio
 .text.radio_isr_set
                0x0000000000010770       0x40 zephyr/subsys/bluetooth/controller/ll_sw/nordic/libsubsys__bluetooth__controller__ll_sw__nordic.a(radio.c.obj)
                0x0000000000010770                radio_isr_set
 .text.radio_setup
                0x00000000000107b0       0x44 zephyr/subsys/bluetooth/controller/ll_sw/nordic/libsubsys__bluetooth__controller__ll_sw__nordic.a(radio.c.obj)
                0x00000000000107b0                radio_setup
 .text.radio_reset
                0x00000000000107f4       0x30 zephyr/subsys/bluetooth/controller/ll_sw/nordic/libsubsys__bluetooth__controller__ll_sw__nordic.a(radio.c.obj)
                0x00000000000107f4                radio_reset
 .text.radio_stop
                0x0000000000010824        0x4 zephyr/subsys/bluetooth/controller/ll_sw/nordic/libsubsys__bluetooth__controller__ll_sw__nordic.a(radio.c.obj)
                0x0000000000010824                radio_stop
 .text.radio_phy_set
                0x0000000000010828       0x1c zephyr/subsys/bluetooth/controller/ll_sw/nordic/libsubsys__bluetooth__controller__ll_sw__nordic.a(radio.c.obj)
                0x0000000000010828                radio_phy_set
 .text.radio_tx_power_set